ormat: Log Type - Time(microsec) - Message - Optional Info
Log Type: B - Since Boot(Power On Reset),  D - Delta,  S - Statistic
S - QC_IMAGE_VERSION_STRING=BOOT.BF.3.1.2-00094                                        
S - IMAGE_VARIANT_STRING=LAATANAZA                                                     
S - OEM_IMAGE_VERSION_STRING=jenkins                                                   
S - Boot Config, 0x000002e1                                                            
B -      1216 - PBL, Start                                                             
B -      3720 - bootable_media_detect_entry, Start
B -      5034 - bootable_media_detect_success, Start
B -      5038 - elf_loader_entry, Start
B -      8493 - auth_hash_seg_entry, Start
B -     32127 - auth_hash_seg_exit, Start
B -     83509 - elf_segs_hash_verify_entry, Start
B -    130574 - PBL, End
B -    119133 - SBL1, Start
B -    168695 - pm_device_init, Start
B -    186324 - PM_SET_VAL:Skip
D -     16348 - pm_device_init, Delta
B -    187636 - boot_config_data_table_init, Start
D -         0 - boot_config_data_table_init, Delta - (0 Bytes)
B -    196389 - CDT version:3,Platform ID:8,Major ID:1,Minor ID:0,Subtype:129
B -    203282 - sbl1_ddr_set_params, Start
B -    207095 - Pre_DDR_clock_init, Start
D -       213 - Pre_DDR_clock_init, Delta
D -         0 - sbl1_ddr_set_params, Delta
B -    219813 - pm_driver_init, Start
D -      4453 - pm_driver_init, Delta
B -    226066 - cpr_init, Start
D -        91 - cpr_init, Delta
B -    230763 - cpr_cx_mx_apc_vol_update, Start
D -        61 - cpr_cx_mx_apc_vol_update, Delta
B -    245952 - clock_init, Start
D -       152 - clock_init, Delta
B -    246165 - boot_flash_init, Start
D -     39802 - boot_flash_init, Delta
B -    288987 - boot_flash_swi_ddr_init, Start
D -     29280 - boot_flash_swi_ddr_init, Delta
B -    498126 - hw_family:5, hw_type:18, hw_rev:40
B -    501908 - cannot detect SSMEM base
B -    501938 - SSMEM bad, reinit
B -    504500 - SSMEM init OK
B -    528534 - USB non-zero endpoint requirements: 9 in, 5 out
B -    531493 - opening partition 0:SWIFOTA
B -    532316 - error for readpage:0
B -    537623 - DWL-get: ecnt=0 code=0
B -    551562 - Failed to read size: /swinv/item_files/CUST_IM_SWITCH_HIDE
B -    559309 - Failed to read size: /swinv/item_files/FOTA_PARTITION
B -    559949 - Failed to read size: /swinv/item_files/CUST_IM_CONFIG
B -    573034 - flags: u=1 e=1 obmsk=c,0
B -    575565 - ssmem_get: region 21 not exists
B -    585447 - ssmem_release: region 20 not exists
B -    585508 - ssmem_get: region 20 not exists
B -    592676 - Image Load, Start
D -     93970 - QSEE Image Loaded, Delta - (489292 Bytes)
D -       183 - boot_pm_post_tz_device_init, Delta
B -    691069 - sbl1_efs_handle_cookies, Start
D -         0 - sbl1_efs_handle_cookies, Delta
B -    699029 - DEVCFG ELF verification failure
B -    702567 - Image Load, Start
D -        30 - SEC Image Loaded, Delta - (0 Bytes)
B -    710253 - Image Load, Start
D -     55266 - RPM Image Loaded, Delta - (152712 Bytes)
B -    766221 - Image Load, Start
B -    768539 - Auth disabled for image 9
B -    807914 - ssmem_get: region 20 not exists
D -     41754 - APPSBL Image Loaded, Delta - (378668 Bytes)
B -    811178 - QSEE Execution, Start
D -      1159 - QSEE Execution, Delta
B -    817918 - SBL1, End
D -    701164 - SBL1, Delta
S - Throughput, 8000 KB/s  (1195536 Bytes,  136267 us)
S - DDR Frequency, 240 MHz
Android Bootloader - UART_DM Initialized!!!
[10] ERROR: No devinfo partition found
[10] Neither 'config' nor 'frp' partition found
[10] ERROR: No misc partition found
[1110] SSMEM init OK[1120] ssmem_get: region 20 not exists[1210] DEBUG: cmdline has root=
[1350] Channel alloc freed
[    0.000000] GIC CPU mask not found - kernel will fail to boot.
[    0.000000] GIC CPU mask not found - kernel will fail to boot.
[    0.000000] MPM 1 irq mapping errored -517
[    0.076185] SWI ssmem_framework_init: SSMEM init OK
[    0.215625] spmi_pmic_arb 200f000.qcom,spmi: PMIC Arb Version-2 0x20010000
[    0.231634] msm_mpm_dev_probe(): Cannot get clk resource for XO: -517
[    0.234777] smd_channel_probe_now: allocation table not initialized
[    0.242506] msm_thermal:msm_thermal_dev_probe Failed reading node=/soc/qcom,msm-thermal, key=qcom,online-hotplug-core. err:-517
[    0.270438] msm_mpm_dev_probe(): Cannot get clk resource for XO: -517
[    0.273312] msm_thermal:get_kernel_cluster_info CPU0 topology not initialized.
[    0.274233] cpu cpu0: dev_pm_opp_get_opp_count: device OPP not found (-19)
[    0.274250] msm_thermal:get_cpu_freq_plan_len Error reading CPU0 freq table len. error:-19
[    0.275006] cpu cpu0: dev_pm_opp_get_opp_count: device OPP not found (-19)
[    0.275022] msm_thermal:get_cpu_freq_plan_len Error reading CPU0 freq table len. error:-19
[    0.275038] cpu cpu0: dev_pm_opp_get_opp_count: device OPP not found (-19)
[    0.275051] msm_thermal:get_cpu_freq_plan_len Error reading CPU0 freq table len. error:-19
[    0.369892] AXI: msm_bus_scale_register_client(): msm_bus_scale_register_client: Bus driver not ready.
[    0.374305] AXI: msm_bus_scale_register_client(): msm_bus_scale_register_client: Bus driver not ready.
[    0.374598] i2c-msm-v2 78b8000.i2c: NACK: slave not responding, ensure its powered: msgs(n:1 cur:0 tx) bc(rx:0 tx:2) mode:FIFO slv_addr:0x30
[    0.374657] i2c-msm-v2 78b8000.i2c: NACK: slave not responding, ensure its powered: msgs(n:1 cur:0 tx) bc(rx:0 tx:2) mode:FIFO slv_addr:0x30
[    0.442832] msm_bus_fabric_init_driver
[    0.658803] uart_tx_gpio is not available
[    0.658824] uart_rx_gpio is not available
[    0.658844] uart_cts_gpio is not available
[    0.658863] uart_rfr_gpio is not available
[    0.659517] sps: BAM device 0x07884000 is not registered yet.
[    0.664530] uart_tx_gpio is not available
[    0.664551] uart_rx_gpio is not available
[    0.664570] uart_cts_gpio is not available
[    0.664590] uart_rfr_gpio is not available
[    0.869250] mdm9607-pinctrl 1000000.pinctrl: pin GPIO_4 already requested by 78b0000.uart; cannot claim for 78b0000.serial
[    0.879726] mdm9607-pinctrl 1000000.pinctrl: pin-4 (78b0000.serial) status -22
[    0.886911] mdm9607-pinctrl 1000000.pinctrl: could not request pin 4 (GPIO_4) from group gpio4  on device 1000000.pinctrl
[    0.897841] msm_serial_hsl 78b0000.serial: Error applying setting, reverse things back
[    0.938737] wcd9xxx-i2c-core 4-000d: Looking up qcom,cdc-micbias4-mv property in node /soc/i2c@78b8000/wcd9xxx_tomtom_codec@0d failed
[    0.949936] wcd9xxx-i2c-core 4-000d: Looking up qcom,cdc-mad-dmic-rate property in node /soc/i2c@78b8000/wcd9xxx_tomtom_codec@0d failed, er2
[    0.962900] wcd9xxx-i2c-core 4-000d: Looking up qcom,cdc-ecpp-dmic-rate property in node /soc/i2c@78b8000/wcd9xxx_tomtom_codec@0d failed, e2
[    0.976082] wcd9xxx-i2c-core 4-000d: Looking up qcom,cdc-dmic-clk-drv-strength property in node /soc/i2c@78b8000/wcd9xxx_tomtom_codec@0d fa2
[    1.050250] i2c-msm-v2 78b8000.i2c: msm_bus_scale_register_client(mstr-id:86):0x4 (ok)
[    1.057350] i2c-msm-v2 78b8000.i2c: NACK: slave not responding, ensure its powered: msgs(n:1 cur:0 tx) bc(rx:0 tx:2) mode:FIFO slv_addr:0xd0
[    1.072805] i2c-msm-v2 78b8000.i2c: NACK: slave not responding, ensure its powered: msgs(n:1 cur:0 tx) bc(rx:0 tx:2) mode:FIFO slv_addr:0xd0
[    1.088588] i2c-msm-v2 78b8000.i2c: NACK: slave not responding, ensure its powered: msgs(n:1 cur:0 tx) bc(rx:0 tx:2) mode:FIFO slv_addr:0xd0
[    1.104054] i2c-msm-v2 78b8000.i2c: NACK: slave not responding, ensure its powered: msgs(n:1 cur:0 tx) bc(rx:0 tx:2) mode:FIFO slv_addr:0xd0
[    1.119677] failed to write the device
[    1.123399] wcd9xxx-i2c-core 4-000d: regmap_bus_gather_write: Codec write failed (-107), reg:0x3c, size:1
[    1.133092] i2c-msm-v2 78b8000.i2c: NACK: slave not responding, ensure its powered: msgs(n:1 cur:0 tx) bc(rx:0 tx:2) mode:FIFO slv_addr:0xd0
[    1.148579] i2c-msm-v2 78b8000.i2c: NACK: slave not responding, ensure its powered: msgs(n:1 cur:0 tx) bc(rx:0 tx:2) mode:FIFO slv_addr:0xd0
[    1.164346] i2c-msm-v2 78b8000.i2c: NACK: slave not responding, ensure its powered: msgs(n:1 cur:0 tx) bc(rx:0 tx:2) mode:FIFO slv_addr:0xd0
[    1.179827] i2c-msm-v2 78b8000.i2c: NACK: slave not responding, ensure its powered: msgs(n:1 cur:0 tx) bc(rx:0 tx:2) mode:FIFO slv_addr:0xd0
[    1.195454] failed to write the device
[    1.199146] wcd9xxx-i2c-core 4-000d: regmap_bus_gather_write: Codec write failed (-107), reg:0x34, size:1
[    1.214027] i2c-msm-v2 78b8000.i2c: NACK: slave not responding, ensure its powered: msgs(n:1 cur:0 tx) bc(rx:0 tx:2) mode:FIFO slv_addr:0xd0
[    1.228674] i2c-msm-v2 78b8000.i2c: NACK: slave not responding, ensure its powered: msgs(n:1 cur:0 tx) bc(rx:0 tx:2) mode:FIFO slv_addr:0xd0
[    1.244440] i2c-msm-v2 78b8000.i2c: NACK: slave not responding, ensure its powered: msgs(n:1 cur:0 tx) bc(rx:0 tx:2) mode:FIFO slv_addr:0xd0
[    1.259920] i2c-msm-v2 78b8000.i2c: NACK: slave not responding, ensure its powered: msgs(n:1 cur:0 tx) bc(rx:0 tx:2) mode:FIFO slv_addr:0xd0
[    1.275812] failed to write the device
[    1.279238] wcd9xxx-i2c-core 4-000d: regmap_bus_gather_write: Codec write failed (-107), reg:0x34, size:1
[    1.288967] i2c-msm-v2 78b8000.i2c: NACK: slave not responding, ensure its powered: msgs(n:1 cur:0 tx) bc(rx:0 tx:2) mode:FIFO slv_addr:0xd0
[    1.304456] i2c-msm-v2 78b8000.i2c: NACK: slave not responding, ensure its powered: msgs(n:1 cur:0 tx) bc(rx:0 tx:2) mode:FIFO slv_addr:0xd0
[    1.320224] i2c-msm-v2 78b8000.i2c: NACK: slave not responding, ensure its powered: msgs(n:1 cur:0 tx) bc(rx:0 tx:2) mode:FIFO slv_addr:0xd0
[    1.335717] i2c-msm-v2 78b8000.i2c: NACK: slave not responding, ensure its powered: msgs(n:1 cur:0 tx) bc(rx:0 tx:2) mode:FIFO slv_addr:0xd0
[    1.351331] failed to write the device
[    1.355023] wcd9xxx-i2c-core 4-000d: regmap_bus_gather_write: Codec write failed (-107), reg:0x3c, size:1
[    1.364740] i2c-msm-v2 78b8000.i2c: NACK: slave not responding, ensure its powered: msgs(n:1 cur:0 tx) bc(rx:0 tx:2) mode:FIFO slv_addr:0xd0
[    1.380236] i2c-msm-v2 78b8000.i2c: NACK: slave not responding, ensure its powered: msgs(n:1 cur:0 tx) bc(rx:0 tx:2) mode:FIFO slv_addr:0xd0
[    1.396002] i2c-msm-v2 78b8000.i2c: NACK: slave not responding, ensure its powered: msgs(n:1 cur:0 tx) bc(rx:0 tx:2) mode:FIFO slv_addr:0xd0
[    1.411484] i2c-msm-v2 78b8000.i2c: NACK: slave not responding, ensure its powered: msgs(n:1 cur:0 tx) bc(rx:0 tx:2) mode:FIFO slv_addr:0xd0
[    1.427112] failed to write the device
[    1.430838] wcd9xxx-i2c-core 4-000d: regmap_bus_gather_write: Codec write failed (-107), reg:0x34, size:1
[    1.440525] i2c-msm-v2 78b8000.i2c: NACK: slave not responding, ensure its powered: msgs(n:2 cur:0 tx) bc(rx:1 tx:1) mode:FIFO slv_addr:0xd0
[    1.456013] i2c-msm-v2 78b8000.i2c: NACK: slave not responding, ensure its powered: msgs(n:2 cur:0 tx) bc(rx:1 tx:1) mode:FIFO slv_addr:0xd0
[    1.471779] i2c-msm-v2 78b8000.i2c: NACK: slave not responding, ensure its powered: msgs(n:2 cur:0 tx) bc(rx:1 tx:1) mode:FIFO slv_addr:0xd0
[    1.487266] i2c-msm-v2 78b8000.i2c: NACK: slave not responding, ensure its powered: msgs(n:2 cur:0 tx) bc(rx:1 tx:1) mode:FIFO slv_addr:0xd0
[    1.502893] failed to read wcd9xxx register
[    1.507021] wcd9xxx-i2c-core 4-000d: regmap_bus_read: Codec read failed (-107), reg: 0x4, size:1
[    1.515958] i2c-msm-v2 78b8000.i2c: NACK: slave not responding, ensure its powered: msgs(n:1 cur:0 tx) bc(rx:0 tx:2) mode:FIFO slv_addr:0xd0
[    1.531707] i2c-msm-v2 78b8000.i2c: NACK: slave not responding, ensure its powered: msgs(n:1 cur:0 tx) bc(rx:0 tx:2) mode:FIFO slv_addr:0xd0
[    1.547221] i2c-msm-v2 78b8000.i2c: NACK: slave not responding, ensure its powered: msgs(n:1 cur:0 tx) bc(rx:0 tx:2) mode:FIFO slv_addr:0xd0
[    1.562702] i2c-msm-v2 78b8000.i2c: NACK: slave not responding, ensure its powered: msgs(n:1 cur:0 tx) bc(rx:0 tx:2) mode:FIFO slv_addr:0xd0
[    1.578329] failed to write the device
[    1.582055] wcd9xxx-i2c-core 4-000d: regmap_bus_gather_write: Codec write failed (-107), reg:0x3c, size:1
[    1.591736] i2c-msm-v2 78b8000.i2c: NACK: slave not responding, ensure its powered: msgs(n:1 cur:0 tx) bc(rx:0 tx:2) mode:FIFO slv_addr:0xd0
[    1.607242] i2c-msm-v2 78b8000.i2c: NACK: slave not responding, ensure its powered: msgs(n:1 cur:0 tx) bc(rx:0 tx:2) mode:FIFO slv_addr:0xd0
[    1.622994] i2c-msm-v2 78b8000.i2c: NACK: slave not responding, ensure its powered: msgs(n:1 cur:0 tx) bc(rx:0 tx:2) mode:FIFO slv_addr:0xd0
[    1.638481] i2c-msm-v2 78b8000.i2c: NACK: slave not responding, ensure its powered: msgs(n:1 cur:0 tx) bc(rx:0 tx:2) mode:FIFO slv_addr:0xd0
[    1.654108] failed to write the device
[    1.657800] wcd9xxx-i2c-core 4-000d: regmap_bus_gather_write: Codec write failed (-107), reg:0x3c, size:1
[    1.667521] i2c-msm-v2 78b8000.i2c: NACK: slave not responding, ensure its powered: msgs(n:1 cur:0 tx) bc(rx:0 tx:2) mode:FIFO slv_addr:0xd0
[    1.683016] i2c-msm-v2 78b8000.i2c: NACK: slave not responding, ensure its powered: msgs(n:1 cur:0 tx) bc(rx:0 tx:2) mode:FIFO slv_addr:0xd0
[    1.698780] i2c-msm-v2 78b8000.i2c: NACK: slave not responding, ensure its powered: msgs(n:1 cur:0 tx) bc(rx:0 tx:2) mode:FIFO slv_addr:0xd0
[    1.714261] i2c-msm-v2 78b8000.i2c: NACK: slave not responding, ensure its powered: msgs(n:1 cur:0 tx) bc(rx:0 tx:2) mode:FIFO slv_addr:0xd0
[    1.729887] failed to write the device
[    1.733612] wcd9xxx-i2c-core 4-000d: regmap_bus_gather_write: Codec write failed (-107), reg:0x3c, size:1
[    1.743300] i2c-msm-v2 78b8000.i2c: NACK: slave not responding, ensure its powered: msgs(n:1 cur:0 tx) bc(rx:0 tx:2) mode:FIFO slv_addr:0xd0
[    1.758796] i2c-msm-v2 78b8000.i2c: NACK: slave not responding, ensure its powered: msgs(n:1 cur:0 tx) bc(rx:0 tx:2) mode:FIFO slv_addr:0xd0
[    1.774562] i2c-msm-v2 78b8000.i2c: NACK: slave not responding, ensure its powered: msgs(n:1 cur:0 tx) bc(rx:0 tx:2) mode:FIFO slv_addr:0xd0
[    1.790323] i2c-msm-v2 78b8000.i2c: NACK: slave not responding, ensure its powered: msgs(n:1 cur:0 tx) bc(rx:0 tx:2) mode:FIFO slv_addr:0xd0
[    1.805670] failed to write the device
[    1.809362] wcd9xxx-i2c-core 4-000d: regmap_bus_gather_write: Codec write failed (-107), reg:0x3c, size:1
[    1.819387] ------------[ cut here ]------------
[    1.823560] WARNING: CPU: 0 PID: 1 at /usr/src/kernel/kernel/locking/mutex-debug.c:116 mutex_destroy+0x54/0x74()
[    1.833696] DEBUG_LOCKS_WARN_ON(mutex_is_locked(lock))
[    1.838614] Modules linked in:
[    1.841829] CPU: 0 PID: 1 Comm: swapper Tainted: G        W      3.18.131 #1
[    1.848869] [<c0014428>] (unwind_backtrace) from [<c00122ac>] (show_stack+0x10/0x14)
[    1.856624] [<c00122ac>] (show_stack) from [<c001f490>] (warn_slowpath_common+0x60/0x80)
[    1.864691] [<c001f490>] (warn_slowpath_common) from [<c001f4dc>] (warn_slowpath_fmt+0x2c/0x3c)
[    1.873378] [<c001f4dc>] (warn_slowpath_fmt) from [<c00431a0>] (mutex_destroy+0x54/0x74)
[    1.881447] [<c00431a0>] (mutex_destroy) from [<c031f878>] (wcd9xxx_core_res_deinit+0x18/0x2c)
[    1.890008] [<c031f878>] (wcd9xxx_core_res_deinit) from [<c031a96c>] (wcd9xxx_device_init+0x9c/0x514)
[    1.899240] [<c031a96c>] (wcd9xxx_device_init) from [<c031d7d0>] (wcd9xxx_i2c_probe+0x444/0x578)
[    1.908010] [<c031d7d0>] (wcd9xxx_i2c_probe) from [<c0461df4>] (i2c_device_probe+0xdc/0x104)
[    1.916433] [<c0461df4>] (i2c_device_probe) from [<c02d85a8>] (driver_probe_device+0x1f4/0x358)
[    1.925111] [<c02d85a8>] (driver_probe_device) from [<c02d8758>] (__driver_attach+0x4c/0x8c)
[    1.933532] [<c02d8758>] (__driver_attach) from [<c02d6b2c>] (bus_for_each_dev+0x7c/0x8c)
[    1.941685] [<c02d6b2c>] (bus_for_each_dev) from [<c02d7bf0>] (bus_add_driver+0x1b4/0x228)
[    1.949906] [<c02d7bf0>] (bus_add_driver) from [<c02d8f48>] (driver_register+0xa0/0xe0)
[    1.957919] [<c02d8f48>] (driver_register) from [<c046027c>] (i2c_register_driver+0x44/0xd4)
[    1.966341] [<c046027c>] (i2c_register_driver) from [<c0b34550>] (wcd9xxx_init+0xe0/0x1f4)
[    1.974589] [<c0b34550>] (wcd9xxx_init) from [<c0008938>] (do_one_initcall+0x1a0/0x1e0)
[    1.982576] [<c0008938>] (do_one_initcall) from [<c0b16e64>] (kernel_init_freeable+0x1cc/0x20c)
[    1.991254] [<c0b16e64>] (kernel_init_freeable) from [<c07889c0>] (kernel_init+0x8/0xec)
[    1.999294] [<c07889c0>] (kernel_init) from [<c000e798>] (ret_from_fork+0x14/0x3c)
[    2.006872] ---[ end trace d62a5b19e54f412b ]---
[    2.011479] wcd9xxx_i2c_probe: error, initializing device failed (-19)
[    2.019357] wcd9xxx-i2c-core 4-0077: wcd9xxx_populate_dt_pdata: Failed to get static supplies -22
[    2.027283] wcd9xxx-i2c-core 4-0077: wcd9xxx_i2c_probe: Fail to obtain pdata from device tree
[    2.035767] wcd9xxx-i2c-core: probe of 4-0077 failed with error -22
[    2.042349] wcd9xxx-i2c-core 4-0066: wcd9xxx_populate_dt_pdata: Failed to get static supplies -22
[    2.050947] wcd9xxx-i2c-core 4-0066: wcd9xxx_i2c_probe: Fail to obtain pdata from device tree
[    2.059316] wcd9xxx-i2c-core: probe of 4-0066 failed with error -22
[    2.065631] wcd9xxx-i2c-core 4-0055: wcd9xxx_populate_dt_pdata: Failed to get static supplies -22
[    2.074449] wcd9xxx-i2c-core 4-0055: wcd9xxx_i2c_probe: Fail to obtain pdata from device tree
[    2.082961] wcd9xxx-i2c-core: probe of 4-0055 failed with error -22
[    2.089206] i2c-core: driver [wcd9xxx-i2c-core] using legacy suspend method
[    2.096151] i2c-core: driver [wcd9xxx-i2c-core] using legacy resume method
[    2.103154] i2c-core: driver [tasha-i2c-core] using legacy suspend method
[    2.109738] i2c-core: driver [tasha-i2c-core] using legacy resume method
[    2.116844] QCE50: __qce_get_device_tree_data: BAM Apps EE is not defined, setting to default 1
[    2.125626] qce 720000.qcedev: Qualcomm Crypto 5.3.3 device found @0x720000
[    2.132112] qce 720000.qcedev: CE device = 0x0
[    2.132112] , IO base, CE = 0xd0b40000
[    2.132112] , Consumer (IN) PIPE 2,    Producer (OUT) PIPE 3
[    2.132112] IO base BAM = 0x  (null)
[    2.132112] BAM IRQ 44
[    2.132112] Engines Availability = 0x2010853
[    2.156372] sps:BAM 0x00704000 is registered.
[    2.160566] sps:BAM 0x00704000 (va:0xd0b80000) enabled: ver:0x27, number of pipes:8
[    2.168485] QCE50: qce_sps_init:  Qualcomm MSM CE-BAM at 0x0000000000704000 irq 44
[    2.178677] QCE50: __qce_get_device_tree_data: BAM Apps EE is not defined, setting to default 1
[    2.186976] qcrypto 720000.qcrypto: Qualcomm Crypto 5.3.3 device found @0x720000
[    2.193780] qcrypto 720000.qcrypto: CE device = 0x0
[    2.193780] , IO base, CE = 0xd0bc0000
[    2.193780] , Consumer (IN) PIPE 4,    Producer (OUT) PIPE 5
[    2.193780] IO base BAM = 0x  (null)
[    2.193780] BAM IRQ 44
[    2.193780] Engines Availability = 0x2010853
[    2.218830] QCE50: qce_sps_init:  Qualcomm MSM CE-BAM at 0x0000000000704000 irq 44
[    2.227915] qcrypto 720000.qcrypto: qcrypto-ecb-aes
[    2.232058] qcrypto 720000.qcrypto: qcrypto-cbc-aes
[    2.236823] qcrypto 720000.qcrypto: qcrypto-ctr-aes
[    2.241706] qcrypto 720000.qcrypto: qcrypto-ecb-des
[    2.246537] qcrypto 720000.qcrypto: qcrypto-cbc-des
[    2.251421] qcrypto 720000.qcrypto: qcrypto-ecb-3des
[    2.256343] qcrypto 720000.qcrypto: qcrypto-cbc-3des
[    2.261328] qcrypto 720000.qcrypto: qcrypto-xts-aes
[    2.266154] qcrypto 720000.qcrypto: qcrypto-sha1
[    2.270780] qcrypto 720000.qcrypto: qcrypto-sha256
[    2.275520] qcrypto 720000.qcrypto: qcrypto-aead-hmac-sha1-cbc-aes
[    2.281718] qcrypto 720000.qcrypto: qcrypto-aead-hmac-sha1-cbc-des
[    2.287849] qcrypto 720000.qcrypto: qcrypto-aead-hmac-sha1-cbc-3des
[    2.294413] qcrypto 720000.qcrypto: qcrypto-aead-hmac-sha256-cbc-aes
[    2.300518] qcrypto 720000.qcrypto: qcrypto-aead-hmac-sha256-cbc-des
[    2.306770] qcrypto 720000.qcrypto: qcrypto-aead-hmac-sha256-cbc-3des
[    2.313233] qcrypto 720000.qcrypto: qcrypto-hmac-sha1
[    2.318228] qcrypto 720000.qcrypto: qcrypto-hmac-sha256
[    2.323459] qcrypto 720000.qcrypto: qcrypto-aes-ccm
[    2.328298] qcrypto 720000.qcrypto: qcrypto-rfc4309-aes-ccm
[    2.334177] SCSI Media Changer driver v0.25 
[    2.341959] sps: BAM device 0x07984000 is not registered yet.
[    2.347010] sps:BAM 0x07984000 is registered.
[    2.350968] msm_nand_bam_init: msm_nand_bam_init: BAM device registered: bam_handle 0xcde68400
[    2.359858] sps:BAM 0x07984000 (va:0xd0b20000) enabled: ver:0x18, number of pipes:7
[    2.369377] msm_nand_parse_smem_ptable: Parsing partition table info from SMEM
[    2.375684] msm_nand_parse_smem_ptable: SMEM partition table found: ver: 4 len: 21
[    2.383174] msm_nand_version_check: nand_major:1, nand_minor:5, qpic_major:1, qpic_minor:5
[    2.391658] msm_nand_flash_onfi_probe: Found an ONFI compliant device MT29F4G08ABBEA3W    ,
[    2.399695] msm_nand_scan: NAND Id: 0x2690ac2c Buswidth: 8Bits Density: 512 MByte
[    2.407197] msm_nand_scan: pagesize: 4096 Erasesize: 262144 oobsize: 224 (in Bytes)
[    2.414828] msm_nand_scan: BCH ECC: 8 Bit
[    2.418797] msm_nand_scan: CFG0: 0x290409c0,           CFG1: 0x08045d5c
[    2.418797]             RAWCFG0: 0x2b8401c0,        RAWCFG1: 0x0005055d
[    2.418797]           ECCBUFCFG: 0x00000203,      ECCBCHCFG: 0x42040d10
[    2.418797]           RAWECCCFG: 0x42000d11, BAD BLOCK BYTE: 0x00000175
[    2.445222] Creating 21 MTD partitions on "7980000.nand":
[    2.450604] 0x000000000000-0x000000280000 : "sbl"
[    2.456500] 0x000000280000-0x000000500000 : "mibib"
[    2.461392] 0x000000500000-0x000000b80000 : "backup"
[    2.466289] 0x000000b80000-0x000000c80000 : "security"
[    2.471473] 0x000000c80000-0x000000e80000 : "persist"
[    2.476510] 0x000000e80000-0x000002000000 : "efs2"
[    2.481346] 0x000002000000-0x000006f40000 : "swifota"
[    2.486407] 0x000006f40000-0x0000070c0000 : "tz"
[    2.491084] 0x0000070c0000-0x000007180000 : "devcfg"
[    2.495975] 0x000007180000-0x000007240000 : "rpm"
[    2.500741] 0x000007240000-0x000009240000 : "modem"
[    2.505546] 0x000009240000-0x000009340000 : "aboot"
[    2.510479] 0x000009340000-0x00000a240000 : "boot"
[    2.515257] 0x00000a240000-0x00000c040000 : "system"
[    2.520246] 0x00000c040000-0x00000c900000 : "lefwkro"
[    2.525335] 0x00000c900000-0x00000e200000 : "swirw"
[    2.530261] 0x00000e200000-0x000016500000 : "userapp"
[    2.535287] 0x000016500000-0x000019b80000 : "reserved"
[    2.540735] 0x000019b80000-0x00001bd00000 : "slot_2"
[    2.545680] 0x00001bd00000-0x00001de80000 : "slot_1"
[    2.550666] 0x00001de80000-0x000020000000 : "slot_0"
[    2.555620] msm_nand_probe: NANDc phys addr 0x7980000, BAM phys addr 0x7984000, BAM IRQ 30
[    2.562907] msm_nand_probe: Allocated DMA buffer at virt_addr 0xcf444000, phys_addr 0x8f444000
[    2.572931] of_get_named_gpiod_flags: can't parse 'qcom,gpio-clk' property of node '/soc/spi@78b6000[0]'
[    2.581449] of_get_named_gpiod_flags: can't parse 'qcom,gpio-miso' property of node '/soc/spi@78b6000[0]'
[    2.591137] of_get_named_gpiod_flags: can't parse 'qcom,gpio-mosi' property of node '/soc/spi@78b6000[0]'
[    2.600644] of_get_named_gpiod_flags: can't parse 'qcom,gpio-cs0' property of node '/soc/spi@78b6000[0]'
[    2.610029] of_get_named_gpiod_flags: can't parse 'qcom,gpio-cs1' property of node '/soc/spi@78b6000[0]'
[    2.619534] of_get_named_gpiod_flags: can't parse 'qcom,gpio-cs2' property of node '/soc/spi@78b6000[0]'
[    2.628988] of_get_named_gpiod_flags: can't parse 'qcom,gpio-cs3' property of node '/soc/spi@78b6000[0]'
[    2.639416] tun: Universal TUN/TAP device driver, 1.6
[    2.643523] tun: (C) 1999-2004 Max Krasnyansky <maxk@qualcomm.com>
[    2.649905] vcan: Virtual CAN interface driver
[    2.654117] CAN device driver interface
[    2.659648] PPP generic driver version 2.4.2
[    2.663460] usbcore: registered new interface driver asix
[    2.668345] usbcore: registered new interface driver ax88179_178a
[    2.674495] usbcore: registered new interface driver cdc_ether
[    2.680278] usbcore: registered new interface driver smsc95xx
[    2.685937] usbcore: registered new interface driver net1080
[    2.691623] usbcore: registered new interface driver cdc_subset
[    2.697481] usbcore: registered new interface driver zaurus
[    2.703376] usbcore: registered new interface driver cdc_ncm
[    2.708877] msm_otg 78d9000.usb: msm_otg probe
[    2.713436] of_get_named_gpiod_flags: can't parse 'qcom,hub-reset-gpio' property of node '/soc/usb@78d9000[0]'
[    2.723086] of_get_named_gpiod_flags: can't parse 'qcom,usbeth-reset-gpio' property of node '/soc/usb@78d9000[0]'
[    2.733315] of_get_named_gpiod_flags: can't parse 'qcom,sw-sel-gpio' property of node '/soc/usb@78d9000[0]'
[    2.743079] of_get_named_gpiod_flags: parsed 'qcom,usbid-gpio' property of node '/soc/usb@78d9000[0]' - status (0)
[    2.753381] of_get_named_gpiod_flags: can't parse 'qcom,hsusb-otg-vddmin-gpio' property of node '/soc/usb@78d9000[0]'
[    2.765778] msm_otg 78d9000.usb: OTG regs = d09ae000
[    2.773063] ehci_hcd: USB 2.0 'Enhanced' Host Controller (EHCI) Driver
[    2.778803] of_get_named_gpiod_flags: can't parse 'hsic,strobe-gpio' property of node '/soc/hsic_host@7c00000[0]'
[    2.788879] of_get_named_gpiod_flags: can't parse 'hsic,data-gpio' property of node '/soc/hsic_host@7c00000[0]'
[    2.799198] of_get_named_gpiod_flags: can't parse 'hsic,resume-gpio' property of node '/soc/hsic_host@7c00000[0]'
[    2.809259] 7c00000.hsic_host supply HSIC_GDSC not found, using dummy regulator
[    2.829197] msm_hsic_host 7c00000.hsic_host: Qualcomm EHCI Host Controller using HSIC
[    2.836115] msm_hsic_host 7c00000.hsic_host: new USB bus registered, assigned bus number 1
[    2.844485] msm_hsic_host 7c00000.hsic_host: irq 28, io mem 0x07c00000
[    2.870123] msm_hsic_host 7c00000.hsic_host: USB 2.0 started, EHCI 1.00
[    2.876149] usb usb1: New USB device found, idVendor=1d6b, idProduct=0002
[    2.882514] usb usb1: New USB device strings: Mfr=3, Product=2, SerialNumber=1
[    2.889674] usb usb1: Product: Qualcomm EHCI Host Controller using HSIC
[    2.896303] usb usb1: Manufacturer: Linux 3.18.131 ehci_hcd
[    2.901861] usb usb1: SerialNumber: 7c00000.hsic_host
[    2.907681] hub 1-0:1.0: USB hub found
[    2.910744] hub 1-0:1.0: 1 port detected
[    2.915503] of_get_named_gpiod_flags: can't parse 'hsic,swi_reset_gpio' property of node '/soc/hsic_host@7c00000[0]'
[    2.925788] ehci-msm: Qualcomm On-Chip EHCI Host Controller
[    2.931456] 78d9000.usb supply vbus_otg not found, using dummy regulator
[    2.937605] usbcore: registered new interface driver cdc_acm
[    2.942947] cdc_acm: USB Abstract Control Model driver for USB modems and ISDN adapters
[    2.951008] usbcore: registered new interface driver usb-storage
[    2.956921] usbcore: registered new interface driver ums-alauda
[    2.962855] usbcore: registered new interface driver ums-cypress
[    2.968796] usbcore: registered new interface driver ums-datafab
[    2.974829] usbcore: registered new interface driver ums-freecom
[    2.980809] usbcore: registered new interface driver ums-isd200
[    2.986681] usbcore: registered new interface driver ums-jumpshot
[    2.992797] usbcore: registered new interface driver ums-karma
[    2.998567] usbcore: registered new interface driver ums-onetouch
[    3.004691] usbcore: registered new interface driver ums-sddr09
[    3.010810] usbcore: registered new interface driver ums-sddr55
[    3.016453] usbcore: registered new interface driver ums-usbat
[    3.022328] usbcore: registered new interface driver usb_ehset_test
[    3.029934] gbridge_init: gbridge_init successs.
[    3.035627] msm_otg 78d9000.usb: phy_reset: success
[    3.039688] qcom,qpnp-rtc qpnp-rtc-5: rtc core: registered qpnp_rtc as rtc0
[    3.046990] i2c /dev entries driver
[    3.050857] of_get_named_gpiod_flags: parsed 'gpios' property of node '/soc/pps[0]' - status (0)
[    3.059017] pps pps0: new PPS source soc:pps.-1
[    3.063392] pps pps0: Registered IRQ 105 as PPS source
[    3.069065] unable to find DT imem DLOAD mode node
[    3.073488] unable to find DT imem EDLOAD mode node
[    3.078234] unable to find DT imem dload-type node
[    3.082964] Failed to disable secure wdog debug: -4
[    3.088701] swimcu_hwmon_probe: start
[    3.091548] swimcu_hwmon_probe: success num 2
[    3.117339] device-mapper: ioctl: 4.28.0-ioctl (2014-09-17) initialised: dm-devel@redhat.com
[    3.125377] sdhci: Secure Digital Host Controller Interface driver
[    3.130987] sdhci: Copyright(c) Pierre Ossman
[    3.135251] sdhci-pltfm: SDHCI platform and OF driver helper
[    3.142223] usbcore: registered new interface driver usbhid
[    3.146758] usbhid: USB HID core driver
[    3.151480] sdhci_msm 7864900.sdhci: sdhci_msm_probe: ICE device is not enabled
[    3.157884] of_get_named_gpiod_flags: can't parse 'cd-gpios' property of node '/soc/sdhci@07864900[0]'
[    3.168462] of_get_named_gpiod_flags: can't parse 'qcom,gpio-mode-sel' property of node '/soc/usb_detect[0]'
[    3.177964] sdhci_msm 7864900.sdhci: sdhci_msm_pm_qos_parse_irq: error -22 reading irq cpu
[    3.187869] bimc-bwmon 408000.qcom,cpu-bwmon: BW HWmon governor registered.
[    3.193918] sdhci_msm 7864900.sdhci: sdhci_msm_pm_qos_parse: PM QoS voting for IRQ will be disabled
[    3.203683] devfreq soc:qcom,cpubw: Couldn't update frequency transition information.
[    3.210718] sdhci_msm 7864900.sdhci: sdhci_msm_pm_qos_parse: PM QoS voting for cpu group will be disabled
[    3.220480] coresight_event: error registering on panic -38
[    3.225926] coresight-fuse a601c.fuse: QPDI fuse not specified
[    3.231638] usb 1-1: new high-speed USB device number 2 using msm_hsic_host
[    3.239318] coresight-fuse a601c.fuse: Fuse initialized
[    3.245202] coresight-cti: probe of 6010000.cti failed with error -1
[    3.251255] coresight-cti: probe of 6011000.cti failed with error -1
[    3.256890] coresight-cti: probe of 6012000.cti failed with error -1
[    3.263666] sdhci_msm 7864900.sdhci: No vmmc regulator found
[    3.268868] sdhci_msm 7864900.sdhci: No vqmmc regulator found
[    3.274969] mmc0: SDHCI controller on 7864900.sdhci [7864900.sdhci] using 32-bit ADMA in legacy mode
[    3.283777] coresight-cti: probe of 6013000.cti failed with error -1
[    3.290044] coresight-cti: probe of 6014000.cti failed with error -1
[    3.296392] coresight-cti: probe of 6015000.cti failed with error -1
[    3.303394] coresight-cti: probe of 6016000.cti failed with error -1
[    3.309176] coresight-cti: probe of 6017000.cti failed with error -1
[    3.315552] coresight-cti: probe of 6018000.cti failed with error -1
[    3.321923] coresight-cti: probe of 6043000.cti failed with error -1
[    3.328114] coresight-cti: probe of 603c000.cti failed with error -1
[    3.334450] coresight-cti: probe of 6038000.cti failed with error -1
[    3.341559] coresight-csr 6001000.csr: CSR initialized
[    3.346269] coresight-tmc: probe of 6026000.tmc failed with error -1
[    3.352655] coresight-tmc 6025000.tmc: failed to get flush cti
[    3.358184] coresight-tmc 6025000.tmc: failed to get reset cti
[    3.367750] coresight-tmc 6025000.tmc: TMC initialized
[    3.375274] nidnt boot config: 0
[    3.380495] coresight-tpiu 6020000.tpiu: NIDnT on SDCARD only mode
[    3.386919] coresight-tpiu 6020000.tpiu: TPIU initialized
[    3.391995] usb 1-1: New USB device found, idVendor=0424, idProduct=3503
[    3.397968] usb 1-1: New USB device strings: Mfr=0, Product=0, SerialNumber=0
[    3.406274] coresight-replicator 6024000.replicator: REPLICATOR initialized
[    3.412976] coresight-dbgui 606d000.dbgui: DebugUI initializaed
[    3.418530] coresight-stm: probe of 6002000.stm failed with error -1
[    3.425468] hub 1-1:1.0: USB hub found
[    3.428757] coresight-hwevent 606c000.hwevent: Hardware Event driver initialized
[    3.435647] hub 1-1:1.0: 3 ports detected
[    3.470144] coresight-etm: probe of 6042000.etm failed with error -22
[    3.476754] coresight-remote-etm soc:rpm_etm0: Remote ETM initialized
[    3.482655] coresight-remote-etm soc:modem_etm0: Remote ETM initialized
[    3.491177] wm8944_codec_init registering platform driver
[    3.505606] msm_pcm_probe: dev name soc:qcom,msm-voice-host-pcm
[    3.516442] mdm9607-asoc-snd soc:sound-wm8944: Defering mdm_asoc_machine_probe, q6_state 0
[    3.524029] Netfilter messages via NETLINK v0.30.
[    3.528460] nf_conntrack version 0.5.0 (2386 buckets, 9544 max)
[    3.534836] ctnetlink v0.93: registering with nfnetlink.
[    3.539904] ip_set: protocol 6
[    3.543708] ip_tables: (C) 2000-2006 Netfilter Core Team
[    3.548151] arp_tables: (C) 2002 David S. Miller
[    3.552702] TCP: cubic registered
[    3.556672] NET: Registered protocol family 10
[    3.561449] ip6_tables: (C) 2000-2006 Netfilter Core Team
[    3.566036] sit: IPv6 over IPv4 tunneling driver
[    3.571183] NET: Registered protocol family 17
[    3.574959] bridge: automatic filtering via arp/ip/ip6tables has been deprecated. Update your scripts to load br_netfilter if you need this.
[    3.587556] Bridge firewalling registered
[    3.591468] Ebtables v2.0 registered
[    3.595095] can: controller area network core (rev 20120528 abi 9)
[    3.601426] NET: Registered protocol family 29
[    3.605581] can: raw protocol (rev 20120528)
[    3.609831] can: broadcast manager protocol (rev 20120528 t)
[    3.615529] can: netlink gateway (rev 20130117) max_hops=1
[    3.621357] Key type dns_resolver registered
[    3.625789] NET: Registered protocol family 27
[    3.632797] gpiochip_find_base: found new base at 852
[    3.636957] gpiochip_add: registered GPIOs 852 to 883 on device: slave-kernel
[    3.644656] gpiochip_find_base: found new base at 820
[    3.649108] gpiochip_add: registered GPIOs 820 to 851 on device: master-kernel
[    3.656814] pil-q6v5-mss 4080000.qcom,mss: Failed to find the pas_id.
[    3.662843] of_get_named_gpiod_flags: parsed 'qcom,gpio-proxy-unvote' property of node '/soc/qcom,mss@4080000[0]' - status (0)
[    3.674868] of_get_named_gpiod_flags: parsed 'qcom,gpio-err-fatal' property of node '/soc/qcom,mss@4080000[0]' - status (0)
[    3.685152] of_get_named_gpiod_flags: parsed 'qcom,gpio-err-ready' property of node '/soc/qcom,mss@4080000[0]' - status (0)
[    3.696267] of_get_named_gpiod_flags: parsed 'qcom,gpio-stop-ack' property of node '/soc/qcom,mss@4080000[0]' - status (0)
[    3.707263] of_get_named_gpiod_flags: parsed 'qcom,gpio-force-stop' property of node '/soc/qcom,mss@4080000[0]' - status (0)
[    3.718459] of_get_named_gpiod_flags: parsed 'qcom,gpio-shutdown-ack' property of node '/soc/qcom,mss@4080000[0]' - status (0)
[    3.729999] pil-q6v5-mss 4080000.qcom,mss: for modem segments only will be dumped.
[    3.737406] usb 1-1.1: new full-speed USB device number 3 using msm_hsic_host
[    3.746207] mdm9607-asoc-snd soc:sound-wm8944: Defering mdm_asoc_machine_probe, q6_state 0
[    3.754260] wl12xx WLAN_EN GPIO: 58
[    3.756910] wl12xx IRQ: 131
[    3.759686] wl18xx board initialization done
[    3.764518] sierra_monitor_probe monitor times: 120, 0, 0
[    3.770715] Loading compiled-in X.509 certificates
[    3.778224] modprobe (158) used greatest stack depth: 6484 bytes left
[    3.786593] modprobe (160) used greatest stack depth: 6208 bytes left
[    3.798199] Key type encrypted registered
[    3.801573] ima: No TPM chip found, activating TPM-bypass!
[    3.806755] ima: Allocated hash algorithm: sha1
[    3.811382] evm: HMAC attrs: 0x1
[    3.814640] of_get_named_gpiod_flags: parsed 'gpios' property of node '/soc/qcom,smp2pgpio_test_smp2p_15_in[0]' - status (0)
[    3.825849] of_get_named_gpiod_flags: parsed 'gpios' property of node '/soc/qcom,smp2pgpio_test_smp2p_15_out[0]' - status (0)
[    3.836981] of_get_named_gpiod_flags: parsed 'gpios' property of node '/soc/qcom,smp2pgpio_test_smp2p_1_in[0]' - status (0)
[    3.848176] of_get_named_gpiod_flags: parsed 'gpios' property of node '/soc/qcom,smp2pgpio_test_smp2p_1_out[0]' - status (0)
[    3.872473] mdm9607-asoc-snd soc:sound-wm8944: Defering mdm_asoc_machine_probe, q6_state 0
[    3.881004] file system registered
[    3.883476] mbim_init: initialize 1 instances
[    3.890354] usb 1-1.1: New USB device found, idVendor=10c4, idProduct=87a0
[    3.896221] usb 1-1.1: New USB device strings: Mfr=1, Product=2, SerialNumber=3
[    3.910250] mbim_init: Initialized 1 ports
[    3.920725] rndis_qc_init: initialize rndis QC instance
[    3.925060] usb 1-1.1: Product: CP2130 USB-to-SPI Bridge
[    3.940605] Number of LUNs=8
[    3.942459] Mass Storage Function, version: 2009/09/11
[    3.947576] LUN: removable file: (no medium)
[    3.951918] usb 1-1.1: Manufacturer: Silicon Laboratories
[    3.957210] usb 1-1.1: SerialNumber: 000FC1C3
[    3.970152] Number of LUNs=1
[    3.972120] LUN: removable file: (no medium)
[    3.976248] Number of LUNs=1
[    3.981120] mdm9607-asoc-snd soc:sound-wm8944: Defering mdm_asoc_machine_probe, q6_state 0
[    4.000473] android_usb gadget: android_usb ready
[    4.004147] msm_hsusb msm_hsusb: [ci13xxx_start] hw_ep_max = 32
[    4.020182] msm_hsusb msm_hsusb: CI13XXX_CONTROLLER_RESET_EVENT received
[    4.025856] msm_hsusb msm_hsusb: CI13XXX_CONTROLLER_UDC_STARTED_EVENT received
[    4.040827] mdm9607-asoc-snd soc:sound-wm8944: Defering mdm_asoc_machine_probe, q6_state 0
[    4.048521] qcom,qpnp-rtc qpnp-rtc-5: setting system clock to 1970-01-01 00:00:07 UTC (7)
[    4.064986] parse_legacy_cluster_params(): Ignoring cluster params
[    4.070225] /soc/qcom,lpm-levels/qcom,pm-cluster@0: No CPU phandle, assuming single cluster
[    4.078503] calculate_residency: residency < 0 for LPM
[    4.083626] parse_cpu_levels: idx 1 420
[    4.087408] calculate_residency: residency < 0 for LPM
[    4.092686] parse_cpu_levels: idx 2 500
[    4.096350] parse_cpu_levels: idx 2 3040
[    4.101189] mdm9607-asoc-snd soc:sound-wm8944: Defering mdm_asoc_machine_probe, q6_state 0
[    4.111735] qcom,cc-debug-mdm9607 1800000.qcom,debug: Registered Debug Mux successfully
[    4.119075] mdm9607-asoc-snd soc:sound-wm8944: Defering mdm_asoc_machine_probe, q6_state 0
[    4.127380] PM: Hibernation image not present or could not be loaded.
[    4.133515] mem_acc_corner: disabling
[    4.137057] sdcard_ext_vreg: disabling
[    4.140796] rome_vreg: disabling
[    4.143964] emac_lan_vreg: disabling
[    4.147531] clock_late_init: Removing enables held for handed-off clocks
[    4.157667] ALSA device list:
[    4.159600]   No soundcards ï¿½[    4.167935] Freeing unused kernel memory: 3392K
[    4.171505] This architecture does not have kernel memory protection.
ima: setting up IMA subsystem...
ima: feature not supported
The proc node does not exist
mount root fs from partition (rootfs|system)
Non-secure.
[    4.252297] dd (190) used greatest stack depth: 5608 bytes left
[    4.260413] ubi0: attaching mtd13
[    4.367332] ubi0: scanning is finished
[    4.375312] ubi0 warning: print_rsvd_warning: cannot reserve enough PEBs for bad PEB handling, reserved 28, need 40
[    4.387558] ubi0: attached mtd13 (name "system", size 30 MiB)
[    4.392342] ubi0: PEB size: 262144 bytes (256 KiB), LEB size: 253952 bytes
[    4.399173] ubi0: min./max. I/O unit sizes: 4096/4096, sub-page size 4096
[    4.405932] ubi0: VID header offset: 4096 (aligned 4096), data offset: 8192
[    4.413051] ubi0: good PEBs: 120, bad PEBs: 0, corrupted PEBs: 0
[    4.418833] ubi0: user volume: 3, internal volumes: 1, max. volumes count: 128
[    4.426125] ubi0: max/mean erase counter: 1/0, WL threshold: 4096, image sequence number: 347636081
[    4.435282] ubi0: available PEBs: 0, total reserved PEBs: 120, PEBs reserved for bad PEB handling: 28
[    4.445537] ubi0: background thread "ubi_bgt0d" started, PID 193
UBI device number 0, total 120 LEBs (30474240 bytes, 29.0 MiB), available 0 LEBs (0 bytes), LEB size 253952 bytes (248.0 KiB)
[    6.648707] dd (194) used greatest stack depth: 5280 bytes left
[    6.662042] block ubiblock0_0: created from ubi0:0(rootfs)
[    6.697398] block ubiblock0_1: created from ubi0:1(rootfs_hs)
rootfs roothash: 7e007e634d473480b23295c32f00297d179dab1a426b2f8d90f1cb330ef70c4d
rootfs: dev '/dev/ubiblock0_0' 'squashfs'
mount /dev/mapper/rt
rootfs: mounting took 0ms
rcS: Executing mount_essential_fs... 
rcS: Executing simple_network... 
rcS: Executing run_S_scripts... 
S02mount_early: Executing mount_early_pseudo... 
S02mount_early: Mounting SMACK security pseudo fs...
S02mount_early: Executing mount_early_other... 
S02mount_early: Executing mount_early_create_dirs... 
S02mount_early: Executing mount_early_set_timezone... 
S02mount_early: Using timezone Universal...
S02mount_early: Executing yaffs2_kern_supported_init... 
S02mount_early: Executing mount_early_user_start... 
S02mount_early: RO rootfs fudge allowed.
S02mount_early: User is forcing userapp file system to be ubifs.
S02mount_early: Trying to mount UBIFS on /mnt/flash using [usrquota,grpquota,rw] mount options...
[    8.055473] ubi3: attaching mtd16
[    8.524132] ubi3: scanning is finished
[    8.533469] ubi3: attached mtd16 (name "userapp", size 131 MiB)
[    8.538357] ubi3: PEB size: 262144 bytes (256 KiB), LEB size: 253952 bytes
[    8.561011] ubi3: min./max. I/O unit sizes: 4096/4096, sub-page size 4096
[    8.566767] ubi3: VID header offset: 4096 (aligned 4096), data offset: 8192
[    8.573945] ubi3: good PEBs: 524, bad PEBs: 0, corrupted PEBs: 0
[    8.579701] ubi3: user volume: 1, internal volumes: 1, max. volumes count: 128
[    8.587168] ubi3: max/mean erase counter: 6/2, WL threshold: 4096, image sequence number: 214756505
[    8.596158] ubi3: available PEBs: 5, total reserved PEBs: 519, PEBs reserved for bad PEB handling: 40
[    8.605334] ubi3: background thread "ubi_bgt3d" started, PID 328
UBI device number 3, total 524 LEBs (133070848 bytes, 126.9 MiB), available 5 LEBs (1269760 bytes, 1.2 MiB), LEB size 253952 bytes (248.0 KiB)
[    8.630138] UBIFS (ubi3:0): background thread "ubifs_bgt3_0" started, PID 332
[    8.766042] UBIFS (ubi3:0): UBIFS: mounted UBI device 3, volume 0, name "userapp_vol0"
[    8.772986] UBIFS (ubi3:0): LEB size: 253952 bytes (248 KiB), min./max. I/O unit sizes: 4096 bytes/4096 bytes
[    8.782864] UBIFS (ubi3:0): FS size: 118087680 bytes (112 MiB, 465 LEBs), journal size 5840896 bytes (5 MiB, 23 LEBs)
[    8.793731] UBIFS (ubi3:0): reserved for root: 4952683 bytes (4836 KiB)
[    8.800017] UBIFS (ubi3:0): media format: w4/r0 (latest is w4/r0), UUID 3CF3B023-4070-4E5F-A438-D472FDB1BA5A, small LPT model
[    8.815027] mount (330) used greatest stack depth: 5272 bytes left
S02mount_early: Performing quota check on file system mounted at /mnt/flash
S02mount_early: UBIFS volume successfully mounted on /mnt/flash
S02mount_early: Executing mount_early_legato_start... 
mount Legato from partition lefwkro
S02mount_early: Non-secure.
[    9.087029] ubi2: attaching mtd14
[    9.120195] ubi2: scanning is finished
[    9.128076] ubi2 warning: print_rsvd_warning: cannot reserve enough PEBs for bad PEB handling, reserved 10, need 40
[    9.138497] ubi2: attached mtd14 (name "lefwkro", size 8 MiB)
[    9.157606] ubi2: PEB size: 262144 bytes (256 KiB), LEB size: 253952 bytes
[    9.164575] ubi2: min./max. I/O unit sizes: 4096/4096, sub-page size 4096
[    9.170567] ubi2: VID header offset: 4096 (aligned 4096), data offset: 8192
[    9.177270] ubi2: good PEBs: 35, bad PEBs: 0, corrupted PEBs: 0
[    9.183247] ubi2: user volume: 1, internal volumes: 1, max. volumes count: 128
[    9.190471] ubi2: max/mean erase counter: 1/0, WL threshold: 4096, image sequence number: 1742299493
[    9.199492] ubi2: available PEBs: 0, total reserved PEBs: 35, PEBs reserved for bad PEB handling: 10
[    9.208684] ubi2: background thread "ubi_bgt2d" started, PID 368
UBI device number 2, total 35 LEBs (8888320 bytes, 8.4 MiB), available 0 LEBs (0 bytes), LEB size 253952 bytes (248.0 KiB)
[    9.232600] block ubiblock2_0: created from ubi2:0(legato)
S02mount_early: SQUASHFS successfully mounted on /mnt/legato
S02mount_early: Executing mount_early_userrw_start... 
S02mount_early: Mounting swirw file system as UBIFS
S02mount_early: Trying to mount UBIFS on /mnt/userrw using [usrquota,grpquota,rw] mount options...
[    9.379275] ubi4: attaching mtd15
[    9.471921] ubi4: scanning is finished
[    9.480857] ubi4: attached mtd15 (name "swirw", size 25 MiB)
[    9.485483] ubi4: PEB size: 262144 bytes (256 KiB), LEB size: 253952 bytes
[    9.507525] ubi4: min./max. I/O unit sizes: 4096/4096, sub-page size 4096
[    9.513401] ubi4: VID header offset: 4096 (aligned 4096), data offset: 8192
[    9.520460] ubi4: good PEBs: 100, bad PEBs: 0, corrupted PEBs: 0
[    9.526217] ubi4: user volume: 1, internal volumes: 1, max. volumes count: 128
[    9.533490] ubi4: max/mean erase counter: 4/1, WL threshold: 4096, image sequence number: 370474083
[    9.542785] ubi4: available PEBs: 2, total reserved PEBs: 98, PEBs reserved for bad PEB handling: 40
[    9.551645] ubi4: background thread "ubi_bgt4d" started, PID 405
UBI device number 4, total 100 LEBs (25395200 bytes, 24.2 MiB), available 2 LEBs (507904 bytes, 496.0 KiB), LEB size 253952 bytes (248.0 KiB)
[    9.570172] UBIFS (ubi4:0): background thread "ubifs_bgt4_0" started, PID 409
[    9.703649] UBIFS (ubi4:0): UBIFS: mounted UBI device 4, volume 0, name "swirw_vol0"
[    9.710419] UBIFS (ubi4:0): LEB size: 253952 bytes (248 KiB), min./max. I/O unit sizes: 4096 bytes/4096 bytes
[    9.720295] UBIFS (ubi4:0): FS size: 11173888 bytes (10 MiB, 44 LEBs), journal size 2031617 bytes (1 MiB, 6 LEBs)
[    9.730543] UBIFS (ubi4:0): reserved for root: 527769 bytes (515 KiB)
[    9.736922] UBIFS (ubi4:0): media format: w4/r0 (latest is w4/r0), UUID 6F40906B-0288-4F94-A5A8-2D239F2D1AA8, small LPT model
[    9.750808] mount (407) used greatest stack depth: 5136 bytes left
S02mount_early: Performing quota check on file system mounted at /mnt/userrw
S02mount_early: UBIFS volume successfully mounted on /mnt/userrw
S02mount_early: swirw mounted to /mnt/userrw
S03confighw.sh: Kernel internal entropy pool filler is available, increasing write_wakeup_thr[   10.161598] random: nonblocking pool is initiad
eshold to 3072
Starting system message bus: dbus.
Loading modules: S07mount_unionfs: RO rootfs fudge allowed.
S07mount_unionfs: Overlay over /etc is allowed
[   10.476299] mkdir (485) used greatest stack depth: 4968 bytes left
S07mount_unionfs: Using timezone [Universal].
Mounting local filesystems...
[   10.631015] UBIFS error (pid: 514): cannot open "ubi0:usrfs", error -19mount: mounting ubi0:usrfs on /usr failed: No such device
mount modem from partition modem
MTD : Detected block device : /firmware for modem

[   10.665533] ubi1: attaching mtd10
[   10.785627] ubi1: scanning is finished
[   10.793683] ubi1 warning: print_rsvd_warning: cannot reserve enough PEBs for bad PEB handling, reserved 21, need 40
[   10.804145] ubi1: attached mtd10 (name "modem", size 32 MiB)
[   10.808769] ubi1: PEB size: 262144 bytes (256 KiB), LEB size: 253952 bytes
[   10.835605] ubi1: min./max. I/O unit sizes: 4096/4096, sub-page size 4096
[   10.843251] ubi1: VID header offset: 4096 (aligned 4096), data offset: 8192
[   10.849178] ubi1: good PEBs: 128, bad PEBs: 0, corrupted PEBs: 0
[   10.855407] ubi1: user volume: 1, internal volumes: 1, max. volumes count: 128
[   10.862442] ubi1: max/mean erase counter: 1/0, WL threshold: 4096, image sequence number: 617240211
[   10.871508] ubi1: available PEBs: 0, total reserved PEBs: 128, PEBs reserved for bad PEB handling: 21
[   10.880676] ubi1: background thread "ubi_bgt1d" started, PID 526
UBI device number 1, total 128 LEBs (32505856 bytes, 31.0 MiB), available 0 LEBs (0 bytes), LEB size 253952 bytes (248.0 KiB)
[   13.496042] block ubiblock1_0: created from ubi1:0(modem)
Initializing random number generator...
[   13.586632] pil-q6v5-mss 4080000.qcom,mss: modem: loading from 0x82a00000 to 0x87800000
Switching to composition sierra_dev (1199:68C0)
[   13.635387] pil-q6v5-mss 4080000.qcom,mss: Debug policy not present - msadp. Continue.
[   13.660591] pil-q6v5-mss 4080000.qcom,mss: Loading MBA and DP (if present) from 0x8f600000 to 0x8f700000 size 100000
[   13.805529] pil-q6v5-mss 4080000.qcom,mss: MBA boot done
[   13.934197] enable_store: android_usb: already disabled
[   13.966950] Match for Function Name: diag, Int #0
[   13.972454] Match for Function Name: nmea, Int #2
[   13.976137] Match for Function Name: modem, Int #3
[   14.019854] Match for Function Name: rmnet0, Int #8
[   14.038139] ecm_function_bind_config: ecm_function_bind_config MAC: 
[   14.050274] gether_setup_name_default: using random self ethernet address
[   14.070008] gether_setup_name_default: using random host ethernet address
[   14.081670] ecm0: HOST MAC 6e:84:fa:b9:0b:78
[   14.084952] ecm0: MAC 5e:05:d5:99:7c:52
[   14.088744] Match for Function Name: cdc_ethernet, Int #19
[   14.131589] Match for Function Name: cdc_ethernet, Int #20
[   14.136106] msm_hsusb msm_hsusb: CI13XXX_CONTROLLER_CONNECT_EVENT received
[   14.145955] msm_otg 78d9000.usb: Avail curr from USB = 2
[   14.150253] msm_hsusb msm_hsusb: CI13XXX_CONTROLLER_SUSPEND_EVENT received
[   14.175787] android_work: android_work: did not send uevent (0 0 00000000)
SOFTAP_W_DUN: Y
Configuring network interfaces... [   14.398232] msm_hsusb msm_hsusb: CI13XXX_CONTROLLER_RESUME_EVENT received
[   14.404052] msm_otg 78d9000.usb: Avail curr from USB = 100
[   14.410901] android_work: android_work: did not send uevent (0 0 00000000)
[   14.501845] android_work: android_work: sent uevent USB_STATE=CONNECTED
[   14.507707] android_work: android_work: sent uevent USB_STATE=DISCONNECTED
[   14.620812] android_work: android_work: sent uevent USB_STATE=CONNECTED
[   14.626433] android_usb gadget: high-speed config #1: 86000c8.android_usb
[   14.626450] diag: USB channel diag connected
[   14.626543] msm_otg 78d9000.usb: Avail curr from USB = 500
[   14.643012] gbam_connect_work: gbam_connect_work: Bam channel is not ready
[   14.651830] qti_ctrl_queue_notify: qti_ctrl_queue_notify: rmnet ctrl file handler cdba8300 is not open
[   14.724086] android_work: android_work: sent uevent USB_STATE=CONFIGURED
done.
Starting syslogd/klogd: done
Starting diagrebootapp: ifconfig: SIOCGIFFLAGS: No such device
done
$Starting qcom_time:
starting time-daemon
Starting time_services: done
Legato start sequence
restart_at_uart: Mapped UART1 for AT service
start_at_cmux_le: Starting DS_MUX: 
start_at_cmux_le: Done start_at_cmux_le script.
update-ld-cache: Removing stale mount [/etc/ld.so.conf]...
update-ld-cache: Removing stale mount [/etc/ld.so.cache]...
update-ld-cache: Updating ld.so.cache using [/legato/systems/current/lib]...
update-ld-cache: Updating /etc/ld.so.cache ...
[   17.186397] i2c-msm-v2 78b8000.i2c: NACK: slave not responding, ensure its powered: msgs(n:1 cur:0 tx) bc(rx:0 tx:2) mode:FIFO slv_addr:0x30
[   17.240208] i2c-msm-v2 78b8000.i2c: NACK: slave not responding, ensure its powered: msgs(n:1 cur:0 tx) bc(rx:0 tx:2) mode:FIFO slv_addr:0x30
[   17.307418] i2c-msm-v2 78b8000.i2c: NACK: slave not responding, ensure its powered: msgs(n:1 cur:0 tx) bc(rx:0 tx:2) mode:FIFO slv_addr:0x30
[   17.322268] i2c-msm-v2 78b8000.i2c: NACK: slave not responding, ensure its powered: msgs(n:1 cur:0 tx) bc(rx:0 tx:2) mode:FIFO slv_addr:0x30
update-ld-cache: Removing stale mount [/etc/ld.so.cache]...
cp: can't stat '/etc/resolv.conf': No such file or directory
mount: mounting /tmp/resolv.conf on /etc/resolv.conf failed: No such file or directory
[   21.255075] insmod (873) used greatest stack depth: 4856 bytes left
[   21.317588] cp2130_init
[   21.319117] cp2130 probe
[   21.322645] gpiochip_find_base: found new base at 809
[   21.326847] gpiochip_add: registered GPIOs 809 to 819 on device: spi32766
[   21.334486] mdm9607-asoc-snd soc:sound-wm8944: Defering mdm_asoc_machine_probe, q6_state 0
[   21.342160] usbcore: registered new interface driver cp2130
[   21.351366] usb 1-1.1: lock byte FF FF
[   21.360420] usb 1-1.1: pin 0: 03
[   21.362613] usb 1-1.1: pin 1: 03
[   21.365902] usb 1-1.1: pin 2: 03
[   21.369039] usb 1-1.1: pin 3: 04
[   21.543721] mangoh: registered platform driver
[   21.547464] mangoh red mangoh red: mangoh_red_probe(): probe
[   21.604817] usb 1-1.1: pin 4: 04
[   21.607019] usb 1-1.1: pin 5: 04
[   21.610645] usb 1-1.1: pin 6: 00
[   21.613441] usb 1-1.1: pin 7: 02
[   21.616650] usb 1-1.1: pin 8: 04
[   21.619858] usb 1-1.1: pin 9: 04
[   21.623578] usb 1-1.1: pin 10: 04
[   23.178000] pil-q6v5-mss 4080000.qcom,mss: modem: Brought out of reset
[   23.260533] pil-q6v5-mss 4080000.qcom,mss: Subsystem error monitoring/handling services are up
[   23.268185] pil-q6v5-mss 4080000.qcom,mss: modem: Power/Clock ready interrupt received
[   23.276338] M-Notify: General: 7
[   23.279632] mdm9607-asoc-snd soc:sound-wm8944: Defering mdm_asoc_machine_probe, q6_state 0
[   23.402240] diag: In diag_send_feature_mask_update, control channel is not open, p: 0, c1019114
[   23.413581] apr_tal:Modem Is Up
[   23.760055] msm-pcm-routing soc:qcom,msm-pcm-routing: ASoC: Change NEW TEJASWI Failed to create SEC_MI2S_RX Port Mixer debugfs file
[   23.826745] mdm9607-asoc-snd soc:sound-wm8944: ASoC: no source widget found for SPKOUTP
[   23.833807] mdm9607-asoc-snd soc:sound-wm8944: ASoC: Failed to add route SPKOUTP -> direct -> Lineout_1 amp
[   23.843916] mdm9607-asoc-snd soc:sound-wm8944: ASoC: no source widget found for SPKOUTN
[   23.851485] mdm9607-asoc-snd soc:sound-wm8944: ASoC: Failed to add route SPKOUTN -> direct -> Lineout_3 amp
[   23.861484] mdm9607-asoc-snd soc:sound-wm8944: ASoC: no source widget found for Mic Bias
[   23.869227] mdm9607-asoc-snd soc:sound-wm8944: ASoC: Failed to add route Mic Bias -> direct -> IN1
[   23.878793] mdm9607-asoc-snd soc:sound-wm8944: ASoC: no source widget found for Headset Mic
[   23.886548] mdm9607-asoc-snd soc:sound-wm8944: ASoC: Failed to add route Headset Mic -> direct -> Mic Bias
[   23.896461] mdm9607-asoc-snd soc:sound-wm8944: ASoC: no source widget found for MCLK
[   23.903907] mdm9607-asoc-snd soc:sound-wm8944: ASoC: Failed to add route MCLK -> direct -> Mic Bias
Finished Legato start Sequence
Starting reboot daemon: done
[   24.332270] Starting psmd: done
Starting atreset: [   24.567153] PSM: Found config file ARGV /data/psm
[   24.678024] PSM: PSMD Start
done
[   24.718999] PSM: server_config_path /data/psm/server_config
[   24.777168] PSM: Path for PSM configuration: /data/psm
Starting modem dependent daemons:   24.823655] PSM: modem_flag_path /data/psm/modem_flag
[   24.829607] PSM: backup_nv_path /data/psm/psm_nv_backup.txt
[   24.847200] PSM: Load modem flag: 1
[   24.849735] PSM: Modem Loaded
Load modem done
Starting qmuxd: done
Starting thermal-engine: done
Starting irsc_util: Starting irsc tool
Failed to open file:/etc/sec_config
Absent/Invalid config,Default [   24.988157] PSM: DMS Ind register  - result: 0, error: 0
rules apply
Ending irsc tool
done
[   25.087845] PSM: Oprt mode event report req qmi response - result: 0, error: 0
[   25.094821] msm_thermal:set_enabled enabled = 0
Starting netmgrd: [   25.109002] PSM: result - 0 error - 0
[   25.120518] PSM: Modem oprt mode - 0
[   25.123841] PSM: backup_nv_path /data/psm/psm_nv_backup.txt
done
[   25.149677] PSM: Supported: 0
[   25.158083] PSM: Log and QMI Init completed
[   25.184017] PSM: Supported: 0
[   25.186201] PSM: Core server init completed
[   25.214398] PSM: Client and event thread created
Starting powerconfig for mdm9607:   25.225313] ++++ /etc/rcS.d/S50power_config -> ENABLE-FTRACE
Starting fs-scrub-daemon: done
net.ipv4.conf.default.rp_filter = 1
net.ipv4.conf.all.rp_filter = 1
[   25.430028] sps:BAM 0x04044000 is registered.
[   25.437571] sps:BAM 0x04044000 (va:0xd1820000) enabled: ver:0x27, number of pipes:6
rm: can't remove '/var/log/wtmp': No such file or directory
Starting eMBMs_TunnelingModul   25.513557] eMBMs Tunneling Module:start
done
Starting qmi_ip: done
starting DNS forwarder and DHCP server: dnsmasq... done.
[   26.570209] mangoh red mangoh red: mapping eeprom
[   26.574237] at24 4-0051: 4096 byte at24 EEPROM, read-only, 0 bytes/write
[   26.581921] sps:BAM 0x07884000 (va:0xd09c0000) enabled: ver:0x18, number of pipes:24
Starting Dropbear SSH server: DONE
Starting port_bridge: done
cat: can't open '/sys/devices/virtual/android_usb/android0/f_ecm/native_ethaddr': No such file or directory
[   26.833283] Starting QCMAP_ConnectionManager: QCMAP:start
dropbear.
[   26.842334] dropbear (1273) used greatest stack depth: 4784 bytes left
stopping DNS forwarder and DHCP server: dnsmasq... [   26.922067] done
stopped /usr/bin/dnsmasq (pid 1260)
done.
starting DNS forwarder and DHCP server: dnsmasq... [   26.987013] Detected mangOH Red board revision: dv6
[   26.991989] mangoh red mangoh red: mapping i2c switch
[   26.997201] pca954x 4-0071: GPIO lookup for consumer reset
[   27.002462] pca954x 4-0071: using lookup tables for GPIO lookup
[   27.008246] pca954x 4-0071: lookup for GPIO reset failed
[   27.015038] i2c i2c-4: Added multiplexed i2c bus 5
[   27.019276] i2c i2c-4: Added multiplexed i2c bus 6
[   27.024557] i2c i2c-4: Added multiplexed i2c bus 7
[   27.028891] i2c i2c-4: Added multiplexed i2c bus 8
[   27.033218] pca954x 4-0071: registered 4 multiplexed busses for I2C switch pca9546
[   27.041103] mangoh red mangoh red: mapping gpio expander
[   27.055953] gpiochip_find_base: found new base at 793
[   27.060403] gpiochip_add: registered GPIOs 793 to 808 on device: sx1509q
[   27.070903] mangoh red mangoh red: mapping accelerometer
[   27.167380] mangoh red mangoh red: mapping bmp280 pressure sensor
[   27.173157] 4-0076 supply vddd not found, using dummy regulator
[   27.178393] 4-0076 supply vdda not found, using dummy regulator
[   27.186892] bmp280 4-0076: GPIO lookup for consumer reset
[   27.191336] bmp280 4-0076: using lookup tables for GPIO lookup
[   27.197072] bmp280 4-0076: lookup for GPIO reset failed
[   27.205286] mangoh red mangoh red: mapping bq24296 driver
[   27.226456] mangoh red mangoh red: mapping bq27426 battery gauge
[   27.231656] i2c i2c-6: Failed to register i2c client bq27426 at 0x55 (-16)
[   27.238292] mangoh red mangoh red: battery gauge is missing
[   27.244402] mangoh red mangoh red: Removing mangoh red platform device
[   27.250430] Unable to handle kernel NULL pointer dereference at virtual address 0000007c
[   27.258426] pgd = c911c000
[   27.261471] [0000007c] *pgd=890a7835, *pte=00000000, *ppte=00000000
[   27.267372] Internal error: Oops: 17 [#1] PREEMPT ARM
[   27.272399] Modules linked in: mangoh_red(O+) ltc294x(O) led(O) cp2130(O) bq27xxx_battery(O) bq24296(O) bmp280_i2c(O) bmp280(O) bmi160_i2c()
[   27.285948] CPU: 0 PID: 886 Comm: insmod Tainted: G        W  O   3.18.131 #1
[   27.293067] task: c907ca00 ti: c90d2000 task.ti: c90d2000
[   27.298448] PC is at device_del+0x8/0x190
[   27.302438] LR is at device_unregister+0x3c/0x58
[   27.307038] pc : [<c02d52c4>]    lr : [<c02d5488>]    psr: 600f0013
[   27.307038] sp : c90d3cd8  ip : 00000000  fp : bf03a510
[   27.318495] r10: cec16018  r9 : c11ab800  r8 : bf03a760
[   27.323702] r7 : ffffffed  r6 : bf03a958  r5 : c11ab400  r4 : 00000020
[   27.330215] r3 : 00000000  r2 : 3d8e713b  r1 : c099533b  r0 : 00000020
[   27.336730] Flags: nZCv  IRQs on  FIQs on  Mode SVC_32  ISA ARM  Segment none
[   27.343847] Control: 10c53c7d  Table: 8911c059  DAC: 00000051
[   27.349576] Process insmod (pid: 886, stack limit = 0xc90d2208)
[   27.355473] Stack: (0xc90d3cd8 to 0xc90d4000)
[   27.359818] 3cc0:                                                       00000020 c11ab400
[   27.367982] 3ce0: bf03a958 ffffffed bf03a760 c02d5488 bf03a958 bf039020 bf03a520 bf039264
[   27.376141] 3d00: bf03a510 bf03a3d0 00000000 ffffffed bf03a520 bf03a4c0 bf03a510 00000000
[   27.384298] 3d20: 0000003d 00000000 bf03a814 c02d9dec bf03a520 bf03a4c0 c1019b5c c0f3fcb0
[   27.392456] 3d40: 00000000 c02d85a8 bf03a4c0 bf03a520 00000000 00000000 c90d3d88 c02d87d0
[   27.400620] 3d60: bf03a554 c0e71048 00000000 c02d6bd4 cec03698 c9059944 bf03a520 c0e9fed8
[   27.408778] 3d80: 00000001 c02d82e0 bf03a520 00000001 cfc76020 bf03a520 c0e9fed8 bf03a520
[   27.416936] 3da0: c0e9fd28 c02d78c0 bf03a520 00000000 bf03a528 c02d5e78 c0e78fe0 c020d3c0
[   27.425095] 3dc0: bf03a510 c90d2000 c0e71048 3d8e713b bf03a510 00000000 0000001c c0e7b41c
[   27.433259] 3de0: c0e7b438 c0e78fe0 00000000 c02d9bc8 bf039e59 c90d2000 c0e71048 c9081600
[   27.441418] 3e00: c0e78fe0 bf03d08c bf03d000 c0008938 c9118f40 00000000 c0f37fb8 c0f37fa8
[   27.449575] 3e20: c0e78ec0 00000000 cfdef440 00400036 c90d2000 00100006 c90d3e4c c003a248
[   27.457739] 3e40: cfdf0160 c910b200 c9081000 00000040 00000001 cec01f00 c9081000 000000d0
[   27.465897] 3e60: c0e711dc 3d8e713b bf03a808 c90d3f54 c9081000 c9081280 bf03a850 00000001
[   27.474055] 3e80: c90812a4 c006f36c bf03a814 00007fff 00000000 c006cf10 bf000000 c90d2000
[   27.482213] 3ea0: 00000000 c006c740 d3328000 d33605ac bf03d0d0 00000061 bf03a948 000bc150
[   27.490377] 3ec0: c912ed00 c006c898 00000000 00000000 00000000 00000000 00000000 00000000
[   27.498534] 3ee0: 6e72656b 00006c65 00000000 00000000 00000000 00000000 00000000 00000000
[   27.506691] 3f00: 00000000 00000000 00000000 00000000 00000000 00000000 00000000 3d8e713b
[   27.514855] 3f20: 00000000 00000000 000bc150 0000000f 0000017b c000e8a4 c90d2000 00000000
[   27.523013] 3f40: 00000000 c006f75c 0000000f c912ed00 ce70b000 d3328000 00038624 d335fe54
[   27.531171] 3f60: d335fc74 d3352ff0 000019ec 00001ffc bf03a760 00000007 00000000 0000142c
[   27.539334] 3f80: 0000002f 00000030 00000019 00000000 00000010 00000000 0000004d bea08e60
[   27.547493] 3fa0: bea08e59 c000e6e0 0000004d bea08e60 0000000f 000bc150 00000000 bea08e59
[   27.555651] 3fc0: 0000004d bea08e60 bea08e59 0000017b bea08e60 bea08d54 000ba684 00000000
[   27.563815] 3fe0: bea08ba0 bea08b90 000238d4 4591cac0 200b0010 0000000f 00000000 00000000
[   27.571985] [<c02d52c4>] (device_del) from [<c02d5488>] (device_unregister+0x3c/0x58)
[   27.579797] [<c02d5488>] (device_unregister) from [<bf039020>] (mangoh_red_remove+0x1c/0x70 [mangoh_red])
[   27.589353] [<bf039020>] (mangoh_red_remove [mangoh_red]) from [<bf039264>] (mangoh_red_probe+0x1f0/0x398 [mangoh_red])
[   27.600103] [<bf039264>] (mangoh_red_probe [mangoh_red]) from [<c02d9dec>] (platform_drv_probe+0x34/0x80)
[   27.609651] [<c02d9dec>] (platform_drv_probe) from [<c02d85a8>] (driver_probe_device+0x1f4/0x358)
[   27.618502] [<c02d85a8>] (driver_probe_device) from [<c02d6bd4>] (bus_for_each_drv+0x84/0x8c)
[   27.627010] [<c02d6bd4>] (bus_for_each_drv) from [<c02d82e0>] (__device_attach+0x84/0x100)
[   27.635256] [<c02d82e0>] (__device_attach) from [<c02d78c0>] (bus_probe_device+0x28/0x80)
[   27.643414] [<c02d78c0>] (bus_probe_device) from [<c02d5e78>] (device_add+0x4d0/0x5b4)
[   27.651311] [<c02d5e78>] (device_add) from [<c02d9bc8>] (platform_device_add+0xac/0x1f0)
[   27.659389] [<c02d9bc8>] (platform_device_add) from [<bf03d08c>] (mangoh_red_init+0x8c/0xd0 [mangoh_red])
[   27.668942] [<bf03d08c>] (mangoh_red_init [mangoh_red]) from [<c0008938>] (do_one_initcall+0x1a0/0x1e0)
[   27.678311] [<c0008938>] (do_one_initcall) from [<c006f36c>] (load_module+0x19e8/0x1c20)
[   27.686385] [<c006f36c>] (load_module) from [<c006f75c>] (SyS_finit_module+0x8c/0x9c)
[   27.694197] [<c006f75c>] (SyS_finit_module) from [<c000e6e0>] (ret_fast_syscall+0x0/0x44)
[   27.702355] Code: c1019b38 c09d9fc7 e92d41f0 e1a04000 (e590305c) 
[   27.815529] ---[ end trace d62a5b19e54f412d ]---
[   27.830306] insmod (886) used greatest stack depth: 1064 bytes left
[   27.838559] Starting qti: QTI:start
[   27.932720] QCMAP:Start Main
done.
[   27.988782] USB QCMAP NL IOCTL Snd GETNEIGH Succ
[   28.015493] done
run_getty.sh: ttyHSL1 reserved for CONSOLE
[   28.156708] USB QCMAP NL IOCTL Snd GETNEIGH Succ
[   28.214367] QCMAP:Start DHCP server
[   28.231302] QCMAP:DHCP server started

Poky (Yocto Project Reference Distro) 2.5.2 swi-mdm9x28-wp /dev/ttyHSL1

swi-mdm9x28-wp login: [   28.764690] QCMAP:Init Complete
[   28.946904] USB QCMAP NL IOCTL Snd GETNEIGH Succ
Jan  6 00:00:29 swi-mdm9x28-wp user.info kernel: [   26.987013] Detected mangOH Red board revision: dv6
Jan  6 00:00:29 swi-mdm9x28-wp user.debug kernel: [   26.991989] mangoh red mangoh red: mapping i2c switch
Jan  6 00:00:29 swi-mdm9x28-wp user.debug kernel: [   26.997201] pca954x 4-0071: GPIO lookup for consumer reset
Jan  6 00:00:29 swi-mdm9x28-wp user.debug kernel: [   27.002462] pca954x 4-0071: using lookup tables for GPIO lookup
Jan  6 00:00:29 swi-mdm9x28-wp user.debug kernel: [   27.008246] pca954x 4-0071: lookup for GPIO reset failed
Jan  6 00:00:29 swi-mdm9x28-wp user.info kernel: [   27.015038] i2c i2c-4: Added multiplexed i2c bus 5
Jan  6 00:00:29 swi-mdm9x28-wp user.info kernel: [   27.019276] i2c i2c-4: Added multiplexed i2c bus 6
Jan  6 00:00:29 swi-mdm9x28-wp user.info kernel: [   27.024557] i2c i2c-4: Added multiplexed i2c bus 7
Jan  6 00:00:29 swi-mdm9x28-wp user.info kernel: [   27.028891] i2c i2c-4: Added multiplexed i2c bus 8
Jan  6 00:00:29 swi-mdm9x28-wp user.info kernel: [   27.033218] pca954x 4-0071: registered 4 multiplexed busses for I2C switch pca9546
Jan  6 00:00:29 swi-mdm9x28-wp user.debug kernel: [   27.041103] mangoh red mangoh red: mapping gpio expander
Jan  6 00:00:29 swi-mdm9x28-wp user.debug kernel: [   27.055953] gpiochip_find_base: found new base at 793
Jan  6 00:00:29 swi-mdm9x28-wp user.debug kernel: [   27.060403] gpiochip_add: registered GPIOs 793 to 808 on device: sx1509q
Jan  6 00:00:29 swi-mdm9x28-wp user.debug kernel: [   27.070903] mangoh red mangoh red: mapping accelerometer
Jan  6 00:00:29 swi-mdm9x28-wp user.debug kernel: [   27.167380] mangoh red mangoh red: mapping bmp280 pressure sensor
Jan  6 00:00:29 swi-mdm9x28-wp user.warn kernel: [   27.173157] 4-0076 supply vddd not found, using dummy regulator
Jan  6 00:00:29 swi-mdm9x28-wp user.warn kernel: [   27.178393] 4-0076 supply vdda not found, using dummy regulator
Jan  6 00:00:29 swi-mdm9x28-wp user.debug kernel: [   27.186892] bmp280 4-0076: GPIO lookup for consumer reset
Jan  6 00:00:29 swi-mdm9x28-wp user.debug kernel: [   27.191336] bmp280 4-0076: using lookup tables for GPIO lookup
Jan  6 00:00:29 swi-mdm9x28-wp user.debug kernel: [   27.197072] bmp280 4-0076: lookup for GPIO reset failed
Jan  6 00:00:29 swi-mdm9x28-wp user.debug kernel: [   27.205286] mangoh red mangoh red: mapping bq24296 driver
Jan  6 00:00:29 swi-mdm9x28-wp user.debug kernel: [   27.226456] mangoh red mangoh red: mapping bq27426 battery gauge
Jan  6 00:00:29 swi-mdm9x28-wp user.err kernel: [   27.231656] i2c i2c-6: Failed to register i2c client bq27426 at 0x55 (-16)
Jan  6 00:00:29 swi-mdm9x28-wp user.err kernel: [   27.238292] mangoh red mangoh red: battery gauge is missing
Jan  6 00:00:29 swi-mdm9x28-wp user.info kernel: [   27.244402] mangoh red mangoh red: Removing mangoh red platform device
Jan  6 00:00:29 swi-mdm9x28-wp user.alert kernel: [   27.250430] Unable to handle kernel NULL pointer dereference at virtual address 0000007c
Jan  6 00:00:29 swi-mdm9x28-wp user.alert kernel: [   27.258426] pgd = c911c000
Jan  6 00:00:30 swi-mdm9x28-wp user.alert kernel: [   27.261471] [0000007c] *pgd=890a7835, *pte=00000000, *ppte=00000000
Jan  6 00:00:30 swi-mdm9x28-wp user.emerg kernel: [   27.267372] Internal error: Oops: 17 [#1] PREEMPT ARM
Jan  6 00:00:30 swi-mdm9x28-wp user.warn kernel: [   27.272399] Modules linked in: mangoh_red(O+) ltc294x(O) led(O) cp2130(O) bq27xxx_battery()
Jan  6 00:00:30 swi-mdm9x28-wp user.warn kernel: [   27.285948] CPU: 0 PID: 886 Comm: insmod Tainted: G        W  O   3.18.131 #1
Jan  6 00:00:30 swi-mdm9x28-wp user.warn kernel: [   27.293067] task: c907ca00 ti: c90d2000 task.ti: c90d2000
Jan  6 00:00:30 swi-mdm9x28-wp user.warn kernel: [   27.298448] PC is at device_del+0x8/0x190
Jan  6 00:00:30 swi-mdm9x28-wp user.warn kernel: [   27.302438] LR is at device_unregister+0x3c/0x58
Jan  6 00:00:30 swi-mdm9x28-wp user.warn kernel: [   27.307038] pc : [<c02d52c4>]    lr : [<c02d5488>]    psr: 600f0013
Jan  6 00:00:30 swi-mdm9x28-wp user.warn kernel: [   27.307038] sp : c90d3cd8  ip : 00000000  fp : bf03a510
Jan  6 00:00:30 swi-mdm9x28-wp user.warn kernel: [   27.318495] r10: cec16018  r9 : c11ab800  r8 : bf03a760
Jan  6 00:00:30 swi-mdm9x28-wp user.warn kernel: [   27.323702] r7 : ffffffed  r6 : bf03a958  r5 : c11ab400  r4 : 00000020
Jan  6 00:00:30 swi-mdm9x28-wp user.warn kernel: [   27.330215] r3 : 00000000  r2 : 3d8e713b  r1 : c099533b  r0 : 00000020
Jan  6 00:00:30 swi-mdm9x28-wp user.warn kernel: [   27.336730] Flags: nZCv  IRQs on  FIQs on  Mode SVC_32  ISA ARM  Segment none
Jan  6 00:00:30 swi-mdm9x28-wp user.warn kernel: [   27.343847] Control: 10c53c7d  Table: 8911c059  DAC: 00000051
Jan  6 00:00:30 swi-mdm9x28-wp user.emerg kernel: [   27.349576] Process insmod (pid: 886, stack limit = 0xc90d2208)
Jan  6 00:00:30 swi-mdm9x28-wp user.emerg kernel: [   27.355473] Stack: (0xc90d3cd8 to 0xc90d4000)
Jan  6 00:00:30 swi-mdm9x28-wp user.emerg kernel: [   27.359818] 3cc0:                                                       00000020 c11ab400
Jan  6 00:00:30 swi-mdm9x28-wp user.emerg kernel: [   27.367982] 3ce0: bf03a958 ffffffed bf03a760 c02d5488 bf03a958 bf039020 bf03a520 bf039264
Jan  6 00:00:30 swi-mdm9x28-wp user.emerg kernel: [   27.376141] 3d00: bf03a510 bf03a3d0 00000000 ffffffed bf03a520 bf03a4c0 bf03a510 00000000
Jan  6 00:00:30 swi-mdm9x28-wp user.emerg kernel: [   27.384298] 3d20: 0000003d 00000000 bf03a814 c02d9dec bf03a520 bf03a4c0 c1019b5c c0f3fcb0
Jan  6 00:00:30 swi-mdm9x28-wp user.emerg kernel: [   27.392456] 3d40: 00000000 c02d85a8 bf03a4c0 bf03a520 00000000 00000000 c90d3d88 c02d87d0
Jan  6 00:00:30 swi-mdm9x28-wp user.emerg kernel: [   27.400620] 3d60: bf03a554 c0e71048 00000000 c02d6bd4 cec03698 c9059944 bf03a520 c0e9fed8
Jan  6 00:00:30 swi-mdm9x28-wp user.emerg kernel: [   27.408778] 3d80: 00000001 c02d82e0 bf03a520 00000001 cfc76020 bf03a520 c0e9fed8 bf03a520
Jan  6 00:00:30 swi-mdm9x28-wp user.emerg kernel: [   27.416936] 3da0: c0e9fd28 c02d78c0 bf03a520 00000000 bf03a528 c02d5e78 c0e78fe0 c020d3c0
Jan  6 00:00:30 swi-mdm9x28-wp user.emerg kernel: [   27.425095] 3dc0: bf03a510 c90d2000 c0e71048 3d8e713b bf03a510 00000000 0000001c c0e7b41c
Jan  6 00:00:30 swi-mdm9x28-wp user.emerg kernel: [   27.433259] 3de0: c0e7b438 c0e78fe0 00000000 c02d9bc8 bf039e59 c90d2000 c0e71048 c9081600
Jan  6 00:00:30 swi-mdm9x28-wp user.emerg kernel: [   27.441418] 3e00: c0e78fe0 bf03d08c bf03d000 c0008938 c9118f40 00000000 c0f37fb8 c0f37fa8
Jan  6 00:00:30 swi-mdm9x28-wp user.emerg kernel: [   27.449575] 3e20: c0e78ec0 00000000 cfdef440 00400036 c90d2000 00100006 c90d3e4c c003a248
Jan  6 00:00:30 swi-mdm9x28-wp user.emerg kernel: [   27.457739] 3e40: cfdf0160 c910b200 c9081000 00000040 00000001 cec01f00 c9081000 000000d0
Jan  6 00:00:30 swi-mdm9x28-wp user.emerg kernel: [   27.465897] 3e60: c0e711dc 3d8e713b bf03a808 c90d3f54 c9081000 c9081280 bf03a850 00000001
Jan  6 00:00:30 swi-mdm9x28-wp user.emerg kernel: [   27.474055] 3e80: c90812a4 c006f36c bf03a814 00007fff 00000000 c006cf10 bf000000 c90d2000
Jan  6 00:00:30 swi-mdm9x28-wp user.emerg kernel: [   27.482213] 3ea0: 00000000 c006c740 d3328000 d33605ac bf03d0d0 00000061 bf03a948 000bc150
Jan  6 00:00:30 swi-mdm9x28-wp user.emerg kernel: [   27.490377] 3ec0: c912ed00 c006c898 00000000 00000000 00000000 00000000 00000000 00000000
Jan  6 00:00:30 swi-mdm9x28-wp user.emerg kernel: [   27.498534] 3ee0: 6e72656b 00006c65 00000000 00000000 00000000 00000000 00000000 00000000
Jan  6 00:00:30 swi-mdm9x28-wp user.emerg kernel: [   27.506691] 3f00: 00000000 00000000 00000000 00000000 00000000 00000000 00000000 3d8e713b
Jan  6 00:00:30 swi-mdm9x28-wp user.emerg kernel: [   27.514855] 3f20: 00000000 00000000 000bc1   29.698009] gpio_check_and_wake: wake-n_gpio2P
0000000f 0000017b c000e8a4 c90d2000 00000000
Jan  6 00:00:30 swi-mdm9x28-wp user.emerg kernel: [   27.523013] 3f40: 00000000 c0[   29.716737] swimcu_calibrate_event_handle: MCU calibrate 0
06f75c 0000000f c912ed00 ce70b000 d3328000 00038624 d335fe54
Ja[   29.727186] swimcu_lpo_calibrate_calc: MCU time=30000 vs MDM time=29288 
n  6 00:00:30 swi-mdm9x28-wp user.emerg kernel: [   27.531171] 3[   29.739477] gpio_check_and_wake: wake-n_gpio26 STATE=SLEEP
f60: d335fc74 d3352ff0 000019ec 00001ffc bf03a760 00000007 00000000 0000142c
Jan  6 00:00:30 swi-mdm9x28-wp user.emerg kernel: [   27.539334] 3f80: 0000002f 00000030 00000019 00000000 00000010 00000000 0000004d bea08e60
Jan  6 00:00:30 swi-mdm9x28-wp user.emerg kernel: [   27.547493] 3fa0: bea08e59 c000e6e0 0000004d bea08e60 0000000f 000bc150 00000000 bea08e59
Jan  6 00:00:30 swi-mdm9x28-wp user.emerg kernel: [   27.555651] 3fc0: 0000004d bea08e60 bea08e59 0000017b bea08e60 bea08d54 000ba684 00000000
Jan  6 00:00:30 swi-mdm9x28-wp user.emerg kernel: [   27.563815] 3fe0: bea08ba0 bea08b90 000238d4 4591cac0 200b0010 0000000f 00000000 00000000
Jan  6 00:00:30 swi-mdm9x28-wp user.warn kernel: [   27.571985] [<c02d52c4>] (device_del) from [<c02d5488>] (device_unregister+0x3c/0x58)
Jan  6 00:00:30 swi-mdm9x28-wp user.warn kernel: [   27.579797] [<c02d5488>] (device_unregister) from [<bf039020>] (mangoh_red_remove+0x1c/0x7)
Jan  6 00:00:30 swi-mdm9x28-wp user.warn kernel: [   27.589353] [<bf039020>] (mangoh_red_remove [mangoh_red]) from [<bf039264>] (mangoh_red_pr)
Jan  6 00:00:30 swi-mdm9x28-wp user.warn kernel: [   27.600103] [<bf039264>] (mangoh_red_probe [mangoh_red]) from [<c02d9dec>] (platform_drv_p)
Jan  6 00:00:30 swi-mdm9x28-wp user.warn kernel: [   27.609651] [<c02d9dec>] (platform_drv_probe) from [<c02d85a8>] (driver_probe_device+0x1f4)
Jan  6 00:00:30 swi-mdm9x28-wp user.warn kernel: [   27.618502] [<c02d85a8>] (driver_probe_device) from [<c02d6bd4>] (bus_for_each_drv+0x84/0x)
Jan  6 00:00:30 swi-mdm9x28-wp user.warn kernel: [   27.627010] [<c02d6bd4>] (bus_for_each_drv) from [<c02d82e0>] (__device_attach+0x84/0x100)
Jan  6 00:00:30 swi-mdm9x28-wp user.warn kernel: [   27.635256] [<c02d82e0>] (__device_attach) from [<c02d78c0>] (bus_probe_device+0x28/0x80)
Jan  6 00:00:30 swi-mdm9x28-wp user.warn kernel: [   27.643414] [<c02d78c0>] (bus_probe_device) from [<c02d5e78>] (device_add+0x4d0/0x5b4)
Jan  6 00:00:30 swi-mdm9x28-wp user.warn kernel: [   27.651311] [<c02d5e78>] (device_add) from [<c02d9bc8>] (platform_device_add+0xac/0x1f0)
Jan  6 00:00:30 swi-mdm9x28-wp user.warn kernel: [   27.659389] [<c02d9bc8>] (platform_device_add) from [<bf03d08c>] (mangoh_red_init+0x8c/0xd)
Jan  6 00:00:30 swi-mdm9x28-wp user.warn kernel: [   27.668942] [<bf03d08c>] (mangoh_red_init [mangoh_red]) from [<c0008938>] (do_one_initcall)
Jan  6 00:00:30 swi-mdm9x28-wp user.warn kernel: [   27.678311] [<c0008938>] (do_one_initcall) from [<c006f36c>] (load_module+0x19e8/0x1c20)
Jan  6 00:00:30 swi-mdm9x28-wp user.warn kernel: [   27.686385] [<c006f36c>] (load_module) from [<c006f75c>] (SyS_finit_module+0x8c/0x9c)
Jan  6 00:00:30 swi-mdm9x28-wp user.warn kernel: [   27.694197] [<c006f75c>] (SyS_finit_module) from [<c000e6e0>] (ret_fast_syscall+0x0/0x44)
Jan  6 00:00:30 swi-mdm9x28-wp user.emerg kernel: [   27.702355] Code: c1019b38 c09d9fc7 e92d41f0 e1a04000 (e590305c) 
Jan  6 00:00:30 swi-mdm9x28-wp user.crit Legato: *CRT* | supervisor[844]/supervisor T=main | kernelModules.c ExecuteCommand() 243 | /sbin/insm.
Jan  6 00:00:30 swi-mdm9x28-wp user.err Legato: =ERR= | supervisor[844]/supervisor T=main | kernelModules.c installModules() 1074 | Error in i.
Jan  6 00:00:30 swi-mdm9x28-wp user.emerg Legato: *EMR* | supervisor[844]/supervisor T=main | supervisor.c framework_Reboot() 704 | Supervisor.
Jan  6 00:00:30 swi-mdm9x28-wp user.warn kernel: [   27.815529] ---[ end trace d62a5b19e54f412d ]---
Jan  6 00:00:30 swi-mdm9x28-wp user.warn kernel: [   27.830306] insmod (886) used greatest stack depth: 1064 bytes left
Jan  6 00:00:30 swi-mdm9x28-wp user.warn kernel: [   27.838559] Starting qti: QTI:start
Jan  6 00:00:30 swi-mdm9x28-wp daemon.err dnsmasq[1329]: failed to parse lease database, invalid line: 316008029 192.168.2.3 * * ...
Jan  6 00:00:30 swi-mdm9x28-wp user.warn kernel: [   27.932720] QCMAP:Start Main
Jan  6 00:00:30 swi-mdm9x28-wp daemon.info dnsmasq[1360]: started, version 2.78 cachesize 150
Jan  6 00:00:30 swi-mdm9x28-wp daemon.info dnsmasq[1360]: compile tiï¿½n no-IDN DHCP DHCPv6 no-Lua TFTP no-conntrack ipset auth no-DNSSEC loop-dy
Jan  6 00:00:30 swi-mdm9x28-wp daemon.info dnsmasq-dhcp[1360]: DHCP, IP range 192.168.2.3 -- 192.168.2.3, lease time 12h
Jan  6 00:00:30 swi-mdm9x28-wp daemon.info dnsmasq[1360]: read /etc/hosts - 6 addresses
Jan  6 00:00:30 swi-mdm9x28-wp user.warn kernel: [   27.988782] USB QCMAP NL IOCTL Snd GETNEIGH Succ
Jan  6 00:00:30 swi-mdm9x28-wp daemon.warn dnsmasq[1360]: failed to access /etc/resolv.conf: No such file or directory
Jan  6 00:00:30 swi-mdm9x28-wp user.warn kernel: [   28[   30.183976] diag: USB channel diag disconnected
.015493] done
rcK: Executing run_K_scripts... 
Stopping linkmo[   30.194931] gbam_disconnect_work: gbam_disconnect_work: Bam channel is not opened
n: no linkmon found; none killed
done
^[[B[   30.212479] [RMNET:HI] rmnet_config_notify_cb(): Kernel is trying to unregister ecm0
[   30.280536] [RMNET:HI] rmnet_config_notify_cb(): Kernel is trying to unregister ecm0
[   30.573683] PSM: Modem oprt mode - 1
Stopping port_bridge: no port_bridge found; none killed
Stopping qmi_ip: no qmi_ip_multiclient found; none killed
Stopping eMBMs_TunnelingModule: no eMBMs_TunnelingModule found; none killed
Stopping netmgrd: stopped netmgrd (pid 1106)
done
Stopping qmuxd: stopped qmuxd (pid 1055)
done
[   31.107051] Stopping QCMAP_ConnectionManager: no QCMAP_ConnectionManager found; none killed
Stopping fs-scrub-daemon: no fs-scrub-daemon found; none killed
Stopping thermal-engine: stopped thermal-engine (pid 1062)
done

[   31.323432] Stopping qti: stopped qti (pid 1373one

Stopping reboot daemon: stopped reboot-daemon (pid 976)
done
Legato shutdown sequence
Service Directory still running. Killing it now ...
DONE.
umount: can't unmount /legato: Device or resource busy
Finished Legato stop Sequence

_Hï¿½Password: stopping time daemon
Stopping time_services: stopped time_daemon (pid 651)
done
stopping ntpd
no ntpd found; none killed
Stopping diagrebootapp: stopped diagrebootapp (pid 641)
done
stopping DNS forwarder and DHCP server: dnsmasq... stopped /usr/bin/dnsmasq (pid 1360)
done.
Deconfiguring network interfaces... ifdown: interface eth0 not configured
done.
Stopping syslogd/klogd: stopped syslogd (pid 626)
stopped klogd (pid 632)
done
Stopping Dropbear SSH server: stopped /usr/sbin/dropbear (pid 1316)
dropbear.
K96mount_unionfs: RO rootfs fudge allowed.
Stopping system message bus: dbus.
K98mount_early: Executing mount_early_user_stop... 
K98mount_early: RO rootfs fudge allowed.
sh: /mnt/flash: unknown operand
K98mount_early: Executing mount_early_legato_stop... 
Can't get valid SMEM, init DSSD SMEM
Linux sub system 1
[   32.300429] block ubiblock2_0: released
[   32.303254] ubi2: detaching mtd14
[   32.307450] ubi2: mtd14 is detached
K98mount_early: Executing mount_early_userrw_stop... 
[   32.333246] UBIFS (ubi4:0): un-mount UBI device 4
[   32.336934] UBIFS (ubi4:0): background thread "ubifs_bgt4_0" stops
[   32.377818] ubi4: detaching mtd15
[   32.381124] ubi4: mtd15 is detached
K98mount_early: Executing mount_early_unset_timezone... 
rcK: Executing kill_all_proc... 
rcK: Executing umount_fs_generic... 
rcK: Executing print_shutdown_msg... 
** SYSTEM SHUTDOWN COMPLETE **
The system is going down NOW!
Sent SIGTERM to all processes
[   32.549202] [RMNET:HI] rmnet_config_notify_cb(): Kernel is trying to unregister bridge0
[   32.570363] [RMNET:HI] rmnet_config_notify_cb(): Kernel is trying to unregister bridge0
Sent SIGKILL to all processes
Requesting system reboot
[   38.570996] adm_memory_unmap_regions: timeout. waited for memory_unmap
[   38.576512] adm_unmap_cal_data: unmap did not work! cal_type 0 ret -22
[   38.583217] unmap_memory: unmap_cal failed, cal type 10, ret = -19!
[   38.589277] destroy_all_cal_blocks: unmap_memory failed, cal type 10, ret = -19!

