[    0.000000] Booting Linux on physical CPU 0x0
[    0.000000] Initializing cgroup subsys cpuset
[    0.000000] Initializing cgroup subsys cpu
[    0.000000] Initializing cgroup subsys cpuacct
[    0.000000] Linux version 3.18.44 (tachyon@ubuntu) (gcc version 6.2.0 (GCC) ) #14 PREEMPT Mon Sep 23 13:33:57 EDT 2019
[    0.000000] CPU: ARMv7 Processor [410fc075] revision 5 (ARMv7), cr=10c53c7d
[    0.000000] CPU: PIPT / VIPT nonaliasing data cache, VIPT aliasing instruction cache
[    0.000000] Machine model: Sierra Wireless, Inc. MDM 9206 WP series
[    0.000000] Reserved memory: reserved region for node 'modem_adsp_region@0': base 0x82a00000, size 49 MiB
[    0.000000] Reserved memory: reserved region for node 'external_image_region@0': base 0x87900000, size 7 MiB
[    0.000000] Reserved memory: reserved region for node 'sierra_region@0x8ff00000': base 0x8ff00000, size 1 MiB
[    0.000000] Removed memory: created DMA memory pool at 0x82a00000, size 49 MiB
[    0.000000] Reserved memory: initialized node modem_adsp_region@0, compatible id removed-dma-pool
[    0.000000] Removed memory: created DMA memory pool at 0x87900000, size 7 MiB
[    0.000000] Reserved memory: initialized node external_image_region@0, compatible id removed-dma-pool
[    0.000000] Reserved memory: allocated memory for 'audio_region@0' node: base 0x8f800000, size 4 MiB
[    0.000000] Reserved memory: created CMA memory pool at 0x8f800000, size 4 MiB
[    0.000000] Reserved memory: initialized node audio_region@0, compatible id shared-dma-pool
[    0.000000] Reserved memory: allocated memory for 'qseecom_region@0' node: base 0x8f400000, size 4 MiB
[    0.000000] Reserved memory: created CMA memory pool at 0x8f400000, size 4 MiB
[    0.000000] Reserved memory: initialized node qseecom_region@0, compatible id shared-dma-pool
[    0.000000] Removed memory: created DMA memory pool at 0x8ff00000, size 1 MiB
[    0.000000] Reserved memory: initialized node sierra_region@0x8ff00000, compatible id removed-dma-pool
[    0.000000] cma: Reserved 4 MiB at 0x8f000000
[    0.000000] Memory policy: Data cache writeback
[    0.000000] On node 0 totalpages: 63488
[    0.000000] free_area_init_node: node 0, pgdat c0f02acc, node_mem_map cfcdb000
[    0.000000]   Normal zone: 512 pages used for memmap
[    0.000000]   Normal zone: 0 pages reserved
[    0.000000]   Normal zone: 63488 pages, LIFO batch:15
[    0.000000] CPU: All CPU(s) started in SVC mode.
[    0.000000] pcpu-alloc: s0 r0 d32768 u32768 alloc=1*32768
[    0.000000] pcpu-alloc: [0] 0 
[    0.000000] Built 1 zonelists in Zone order, mobility grouping on.  Total pages: 62976
[    0.000000] Kernel command line: console=ttyHSL0,115200 console=ttyHSL1,115200 root=/dev/ram rootfs_ro=true user1_fs=ubifs verity=on lkversion=1.3.0_838aec2863 androidboot.serialno=6554e592 androidboot.authorized_kernel=true quiet androidboot.baseband=msm rootfstype=ubifs rootflags=bulk_read
[    0.000000] PID hash table entries: 1024 (order: 0, 4096 bytes)
[    0.000000] Dentry cache hash table entries: 32768 (order: 5, 131072 bytes)
[    0.000000] Inode-cache hash table entries: 16384 (order: 4, 65536 bytes)
[    0.000000] allocated 524288 bytes of page_cgroup
[    0.000000] please try 'cgroup_disable=memory' option if you don't want memory cgroups
[    0.000000] Memory: 171396K/253952K available (7685K kernel code, 1045K rwdata, 3436K rodata, 3168K init, 1199K bss, 82556K reserved)
[    0.000000] Virtual kernel memory layout:
[    0.000000]     vector  : 0xffff0000 - 0xffff1000   (   4 kB)
[    0.000000]     fixmap  : 0xffc00000 - 0xfff00000   (3072 kB)
[    0.000000]     vmalloc : 0xd0800000 - 0xff000000   ( 744 MB)
[    0.000000]     lowmem  : 0xc0000000 - 0xd0000000   ( 256 MB)
[    0.000000]     modules : 0xbf000000 - 0xc0000000   (  16 MB)
[    0.000000]       .text : 0xc0008000 - 0xc0789650   (7686 kB)
[    0.000000]       .init : 0xc0b19000 - 0xc0e311cc   (3169 kB)
[    0.000000]       .data : 0xc0e32000 - 0xc0f377a0   (1046 kB)
[    0.000000]        .bss : 0xc0f37864 - 0xc1063684   (1200 kB)
[    0.000000] SLUB: HWalign=64, Order=0-3, MinObjects=0, CPUs=1, Nodes=1
[    0.000000] Preemptible hierarchical RCU implementation.
[    0.000000] NR_IRQS:16 nr_irqs:16 16
[    0.000000] GIC CPU mask not found - kernel will fail to boot.
[    0.000000] GIC CPU mask not found - kernel will fail to boot.
[    0.000000] mpm_init_irq_domain(): Cannot find irq controller for qcom,gpio-parent
[    0.000000] MPM 1 irq mapping errored -517
[    0.000000] Architected mmio timer(s) running at 19.20MHz (virt).
[    0.000010] sched_clock: 56 bits at 19MHz, resolution 52ns, wraps every 3579139424256ns
[    0.000028] Switching to timer-based delay loop, resolution 52ns
[    0.000050] Switched to clocksource arch_mem_counter
[    0.000934] Console: colour dummy device 80x30
[    0.000953] kmemleak: Kernel memory leak detector disabled
[    0.000971] Calibrating delay loop (skipped), value calculated using timer frequency.. 38.40 BogoMIPS (lpj=192000)
[    0.000988] pid_max: default: 32768 minimum: 301
[    0.001092] Security Framework initialized
[    0.001149] Smack:  Initializing.
[    0.001160] Smack:  IPv6 port labeling enabled.
[    0.001226] Mount-cache hash table entries: 1024 (order: 0, 4096 bytes)
[    0.001242] Mountpoint-cache hash table entries: 1024 (order: 0, 4096 bytes)
[    0.002040] Initializing cgroup subsys blkio
[    0.002070] Initializing cgroup subsys memory
[    0.002107] Initializing cgroup subsys devices
[    0.002130] Initializing cgroup subsys freezer
[    0.002149] Initializing cgroup subsys debug
[    0.002204] CPU: Testing write buffer coherency: ok
[    0.002616] Setting up static identity map for 0x80788a88 - 0x80788ae0
[    0.019486] MSM Memory Dump base table set up
[    0.019537] MSM Memory Dump apps data table set up
[    0.021507] devtmpfs: initialized
[    0.024416] VFP support v0.3: implementor 41 architecture 2 part 30 variant 7 rev 5
[    0.025907] pinctrl core: initialized pinctrl subsystem
[    0.026513] regulator-dummy: no parameters
[    0.077703] NET: Registered protocol family 16
[    0.079828] DMA: preallocated 256 KiB pool for atomic coherent allocations
[    0.140113] cpuidle: using governor ladder
[    0.170104] cpuidle: using governor menu
[    0.200104] cpuidle: using governor qcom
[    0.212957] msm_watchdog b017000.qcom,wdt: wdog absent resource not present
[    0.213308] msm_watchdog b017000.qcom,wdt: MSM Watchdog Initialized
[    0.218614] platform soc:qcom,msm-audio-ion: assigned reserved memory node audio_region@0
[    0.225373] spmi_pmic_arb 200f000.qcom,spmi: PMIC Arb Version-2 0x20010000
[    0.229392] platform 4080000.qcom,mss: assigned reserved memory node modem_adsp_region@0
[    0.231722] irq: no irq domain found for /soc/pinctrl@1000000 !
[    0.232932] mem_acc_corner: 0 <--> 0 mV 
[    0.234279] platform soc:sierra_ssmem@0x8ff00000: assigned reserved memory node sierra_region@0x8ff00000
[    0.235174] irq: no irq domain found for /soc/pinctrl@1000000 !
[    0.237270] hw-breakpoint: Failed to enable monitor mode on CPU 0.
[    0.238239] gpiochip_add: registered GPIOs 0 to 79 on device: 1000000.pinctrl
[    0.238263] GPIO chip 1000000.pinctrl: created GPIO range 0->79 ==> 1000000.pinctrl PIN 0->79
[    0.239063] __of_mpm_init(): MPM driver mapping exists
[    0.239733] msm_rpm_glink_dt_parse: qcom,rpm-glink compatible not matches
[    0.239750] msm_rpm_dev_probe: APSS-RPM communication over SMD
[    0.239765] smd_open() before smd_init()
[    0.240736] msm_mpm_dev_probe(): Cannot get clk resource for XO: -517
[    0.243891] smd_channel_probe_now: allocation table not initialized
[    0.246629] mdm9607_s1: 1050 <--> 1350 mV at 1100 mV normal idle 
[    0.246909] spm_regulator_probe: name=mdm9607_s1, range=LV, voltage=1100000 uV, mode=AUTO, step rate=4800 uV/us
[    0.247556] cpr_efuse_init: apc_corner: efuse_addr = 0x000a4000 (len=0x1000)
[    0.247611] cpr_read_fuse_revision: apc_corner: fuse revision = 2
[    0.247632] cpr_parse_speed_bin_fuse: apc_corner: [row: 37]: 0x4fc130326554e592, speed_bits = 4
[    0.247723] cpr_adjust_init_voltages: apc_corner: adjusted initial voltage[1]: 1050000 -> 1075000 uV
[    0.247741] cpr_adjust_init_voltages: apc_corner: adjusted initial voltage[2]: 1100000 -> 1125000 uV
[    0.247759] cpr_adjust_init_voltages: apc_corner: adjusted initial voltage[3]: 1237500 -> 1262500 uV
[    0.247773] cpr_pvs_per_corner_init: apc_corner: Warning: initial voltage[1] 1075000 above ceiling 1050000
[    0.247792] cpr_pvs_init: apc_corner: pvs voltage: [1050000 1125000 1262500] uV
[    0.247808] cpr_pvs_init: apc_corner: ceiling voltage: [1050000 1225000 1350000] uV
[    0.247822] cpr_pvs_init: apc_corner: floor voltage: [1050000 1050000 1150000] uV
[    0.251546] msm-thermal soc:qcom,msm-thermal: msm_thermal:Failed reading node=/soc/qcom,msm-thermal, key=qcom,core-limit-temp. err=-22. KTM continues
[    0.251582] msm-thermal soc:qcom,msm-thermal: probe_therm_reset:Failed reading node=/soc/qcom,msm-thermal, key=qcom,therm-reset-temp err=-22. KTM continues
[    0.251652] msm_thermal:msm_thermal_dev_probe Failed reading node=/soc/qcom,msm-thermal, key=qcom,online-hotplug-core. err:-517
[    0.253131] sps:sps is ready.
[    0.255712] msm_rpm_glink_dt_parse: qcom,rpm-glink compatible not matches
[    0.255731] msm_rpm_dev_probe: APSS-RPM communication over SMD
[    0.257026] mdm9607_s2: 750 <--> 1275 mV at 750 mV normal idle 
[    0.258228] mdm9607_s3_level: 0 <--> 0 mV at 0 mV normal idle 
[    0.259037] mdm9607_s3_level_ao: 0 <--> 0 mV at 0 mV normal idle 
[    0.259818] mdm9607_s3_floor_level: 0 <--> 0 mV at 0 mV normal idle 
[    0.260802] mdm9607_s3_level_so: 0 <--> 0 mV at 0 mV normal idle 
[    0.261832] mdm9607_s4: 1800 <--> 1950 mV at 1800 mV normal idle 
[    0.262870] mdm9607_l1: 1250 mV normal idle 
[    0.263879] mdm9607_l2: 1800 mV normal idle 
[    0.264906] mdm9607_l3: 1800 mV normal idle 
[    0.265959] mdm9607_l4: 3075 mV normal idle 
[    0.267003] mdm9607_l5: 1700 <--> 3050 mV at 1700 mV normal idle 
[    0.268038] mdm9607_l6: 1700 <--> 3050 mV at 1700 mV normal idle 
[    0.269089] mdm9607_l7: 1700 <--> 1900 mV at 1700 mV normal idle 
[    0.270448] mdm9607_l8: 1800 mV normal idle 
[    0.271568] mdm9607_l9: 1200 <--> 1250 mV at 1200 mV normal idle 
[    0.272657] mdm9607_l10: 1050 mV normal idle 
[    0.273743] mdm9607_l11: 1800 mV normal idle 
[    0.274791] mdm9607_l12_level: 0 <--> 0 mV at 0 mV normal idle 
[    0.275584] mdm9607_l12_level_ao: 0 <--> 0 mV at 0 mV normal idle 
[    0.276402] mdm9607_l12_level_so: 0 <--> 0 mV at 0 mV normal idle 
[    0.277172] mdm9607_l12_floor_lebel: 0 <--> 0 mV at 0 mV normal idle 
[    0.278231] mdm9607_l13: 1800 <--> 2850 mV at 2850 mV normal idle 
[    0.279257] mdm9607_l14: 2650 <--> 3000 mV at 2650 mV normal idle 
[    0.279635] msm_mpm_dev_probe(): Cannot get clk resource for XO: -517
[    0.279999] cpr_efuse_init: apc_corner: efuse_addr = 0x000a4000 (len=0x1000)
[    0.280140] cpr_read_fuse_revision: apc_corner: fuse revision = 2
[    0.280163] cpr_parse_speed_bin_fuse: apc_corner: [row: 37]: 0x4fc130326554e592, speed_bits = 4
[    0.280254] cpr_adjust_init_voltages: apc_corner: adjusted initial voltage[1]: 1050000 -> 1075000 uV
[    0.280273] cpr_adjust_init_voltages: apc_corner: adjusted initial voltage[2]: 1100000 -> 1125000 uV
[    0.280290] cpr_adjust_init_voltages: apc_corner: adjusted initial voltage[3]: 1237500 -> 1262500 uV
[    0.280304] cpr_pvs_per_corner_init: apc_corner: Warning: initial voltage[1] 1075000 above ceiling 1050000
[    0.280323] cpr_pvs_init: apc_corner: pvs voltage: [1050000 1125000 1262500] uV
[    0.280338] cpr_pvs_init: apc_corner: ceiling voltage: [1050000 1225000 1350000] uV
[    0.280352] cpr_pvs_init: apc_corner: floor voltage: [1050000 1050000 1150000] uV
[    0.280659] cpr_init_cpr_parameters: apc_corner: up threshold = 2, down threshold = 3
[    0.280694] cpr_init_cpr_parameters: apc_corner: CPR is enabled by default.
[    0.280729] cpr_init_cpr_efuse: apc_corner: [row:65] = 0x1580027e27e35d
[    0.280753] cpr_init_cpr_efuse: apc_corner: CPR disable fuse = 0
[    0.280769] cpr_init_cpr_efuse: apc_corner: Corner[1]: ro_sel = 0, target quot = 638
[    0.280783] cpr_init_cpr_efuse: apc_corner: Corner[2]: ro_sel = 0, target quot = 638
[    0.280797] cpr_init_cpr_efuse: apc_corner: Corner[3]: ro_sel = 0, target quot = 861
[    0.280843] cpr_adjust_target_quots: apc_corner: Corner[1]: adjusted target quot = 680
[    0.280860] cpr_adjust_target_quots: apc_corner: Corner[2]: adjusted target quot = 680
[    0.280876] cpr_adjust_target_quots: apc_corner: Corner[3]: adjusted target quot = 903
[    0.281084] cpr_config: apc_corner: Timer count: 0x17700 (for 5000 us)
[    0.281713] apc_corner: 0 <--> 0 mV 
[    0.282548] msm-thermal soc:qcom,msm-thermal: msm_thermal:Failed reading node=/soc/qcom,msm-thermal, key=qcom,core-limit-temp. err=-22. KTM continues
[    0.282583] msm-thermal soc:qcom,msm-thermal: probe_therm_reset:Failed reading node=/soc/qcom,msm-thermal, key=qcom,therm-reset-temp err=-22. KTM continues
[    0.282736] msm_thermal:get_kernel_cluster_info CPU0 topology not initialized.
[    0.283661] cpu cpu0: dev_pm_opp_get_opp_count: device OPP not found (-19)
[    0.283678] msm_thermal:get_cpu_freq_plan_len Error reading CPU0 freq table len. error:-19
[    0.283690] msm_thermal:vdd_restriction_reg_init Defer vdd rstr freq init.
[    0.284380] cpu cpu0: dev_pm_opp_get_opp_count: device OPP not found (-19)
[    0.284397] msm_thermal:get_cpu_freq_plan_len Error reading CPU0 freq table len. error:-19
[    0.284413] cpu cpu0: dev_pm_opp_get_opp_count: device OPP not found (-19)
[    0.284426] msm_thermal:get_cpu_freq_plan_len Error reading CPU0 freq table len. error:-19
[    0.299380] qcom,gcc-mdm9607 1800000.qcom,gcc: Registered GCC clocks
[    0.299916] clock-a7 b010008.qcom,clock-a7: Speed bin: 4 PVS Version: 0
[    0.300025] a7ssmux: set OPP pair(400000000 Hz: 1 uV) on cpu0
[    0.300164] a7ssmux: set OPP pair(1305600000 Hz: 7 uV) on cpu0
[    0.347211] gpiochip_find_base: found new base at 1018
[    0.347241] gpiochip_add: registered GPIOs 1018 to 1023 on device: pm8019-gpio
[    0.347567] qcom,qpnp-pin qpnp-pin-6: qpnp_pin_probe: gpio_chip registered between 1018-1023
[    0.347734] gpiochip_find_base: found new base at 1012
[    0.347754] gpiochip_add: registered GPIOs 1012 to 1017 on device: pm8019-mpp
[    0.348214] qcom,qpnp-pin qpnp-pin-7: qpnp_pin_probe: gpio_chip registered between 1012-1017
[    0.348774] sierra_gpio_wake_n soc:sierra_gpio_wake_n: wake_n probe
[    0.348885] of_get_named_gpiod_flags: parsed 'wake-n-gpio' property of node '/soc/sierra_gpio_wake_n[0]' - status (0)
[    0.349057] gpio_check_and_wake: wake-n_gpio26 STATE=SLEEP
[    0.349835] KPI: Bootloader start count = 28926
[    0.349851] KPI: Bootloader end count = 72203
[    0.349863] KPI: Bootloader display count = 3564787503
[    0.349875] KPI: Bootloader load kernel count = 30740
[    0.349888] KPI: Kernel MPM timestamp = 99620
[    0.349899] KPI: Kernel MPM Clock frequency = 32768
[    0.349940] socinfo_print: v0.10, id=322, ver=1.0, raw_id=2419, raw_ver=0, hw_plat=8, hw_plat_ver=65536
[    0.349940]  accessory_chip=0, hw_plat_subtype=129, pmic_model=65539, pmic_die_revision=131074 foundry_id=1 serial_number=1700062610
[    0.350411] of_get_named_gpiod_flags: can't parse 'gpio' property of node '/soc/sdcard_ext_vreg[0]'
[    0.350686] sdcard_ext_vreg: no parameters
[    0.350930] of_get_named_gpiod_flags: can't parse 'gpio' property of node '/soc/rome_vreg[0]'
[    0.351142] rome_vreg: no parameters
[    0.351371] of_get_named_gpiod_flags: can't parse 'gpio' property of node '/soc/emac_lan_vreg[0]'
[    0.351591] emac_lan_vreg: no parameters
[    0.352085] swimcu_i2c_init: start
[    0.352503] of_get_named_gpiod_flags: parsed 'qcom,gpio-connect' property of node '/soc/wcd9xxx-irq[0]' - status (0)
[    0.353354] SCSI subsystem initialized
[    0.353831] usbcore: registered new interface driver usbfs
[    0.353938] usbcore: registered new interface driver hub
[    0.354148] usbcore: registered new device driver usb
[    0.354926] i2c-msm-v2 78b8000.i2c: probing driver i2c-msm-v2
[    0.355049] AXI: msm_bus_scale_register_client(): msm_bus_scale_register_client: Bus driver not ready.
[    0.355069] i2c-msm-v2 78b8000.i2c: msm_bus_scale_register_client(mstr-id:86):0 (not a problem)
[    0.356230] kworker/u2:2 (27) used greatest stack depth: 6972 bytes left
[    0.356551] swimcu_i2c_probe: start 1
[    0.356580] swimcu_device_init: start 0x0
[    0.356592] sierra_gpio_wake_notifier_register
[    0.356837] AXI: msm_bus_scale_register_client(): msm_bus_scale_register_client: Bus driver not ready.<3>[    0.357132] i2c-msm-v2 78b8000.i2c: NACK: slave not responding, ensure its powered: msgs(n:1 cur:0 tx) bc(rx:0 tx:2) mode:FIFO slv_addr:0x3a MSTR_STS:0x0c1300c8 OPER:0x00000090
[    0.360549] swimcu_device_init: mcufw ver=2.009 target=1 opt=0xF
[    0.360565] swimcu_gpio_module_init handler=0x0 cache_init 0
[    0.393723] swimcu_pm_data_restore: retrieved persistent data group 0 from MCU
[    0.393738] swimcu_pm_data[0]:  0x00000000
[    0.393750] swimcu_pm_data[1]:  0x00000000
[    0.393761] swimcu_pm_data[2]:  0x00000000
[    0.393773] swimcu_pm_data[3]:  0x00000000
[    0.393784] swimcu_pm_data[4]:  0x00000000
[    0.400223] swimcu_pm_data_restore: retrieved persistent data group 1 from MCU
[    0.400237] swimcu_pm_data[0]:  0x00000000
[    0.400249] swimcu_pm_data[1]:  0x00000000
[    0.400260] swimcu_pm_data[2]:  0x00000000
[    0.400271] swimcu_pm_data[3]:  0x00000000
[    0.400283] swimcu_pm_data[4]:  0x00000000
[    0.405738] swimcu_appl_psm_duration_get: return status 0
[    0.405752] swimcu_pm_rtc_restore: MCUFW elapsed PSM tme: 0
[    0.405765] swimcu_pm_rtc_restore: invalid PSM elapsed time: 0
[    0.405979] swimcu_pm_sysfs_init: success func=0x1
[    0.406203] swimcu_pm_sysfs_init: success func=0x2
[    0.406454] swimcu_gpio_module_init handler=0xc0229668 cache_init 1
[    0.406477] gpiochip_add: registered GPIOs 200 to 204 on device: swimcu
[    0.416443] swimcu_pm_sysfs_init: MCU LPO calibration started 25000
[    0.416458] swimcu_pm_sysfs_init: success func=0x20
[    0.416523] swimcu_pm_sysfs_init: success func=0x8
[    0.416593] swimcu_pm_sysfs_init: success func=0x10
[    0.416606] swimcu_device_init: success
[    0.418253] i2c-msm-v2 78b8000.i2c: NACK: slave not responding, ensure its powered: msgs(n:2 cur:0 tx) bc(rx:2 tx:1) mode:FIFO slv_addr:0x20 MSTR_STS:0x091343c8 OPER:0x00000010
[    0.418332] pca953x 4-0020: failed reading register
[    0.418368] pca953x: probe of 4-0020 failed with error -107
[    0.418835] kworker/u2:2 (33) used greatest stack depth: 6824 bytes left
[    0.419195] kworker/u2:2 (34) used greatest stack depth: 6760 bytes left
[    0.420968] gpiochip_find_base: found new base at 988
[    0.420990] gpiochip_add: registered GPIOs 988 to 1011 on device: tca6424
[    0.421007] pca953x 4-0022: interrupt support not compiled in
[    0.421754] wm8944_i2c_probe 
[    0.421860] wm8944_device_init START
[    0.422067] i2c-msm-v2 78b8000.i2c: NACK: slave not responding, ensure its powered: msgs(n:2 cur:0 tx) bc(rx:2 tx:2) mode:FIFO slv_addr:0x1a MSTR_STS:0x091343c8 OPER:0x00000010
[    0.422140] wm8944 4-001a: Failed to read ID register
[    0.422156] wm8944_device_init - Failed to add children: -107
[    0.422270] wm8944: probe of 4-001a failed with error -107
[    0.422753] pps_core: LinuxPPS API ver. 1 registered
[    0.422770] pps_core: Software ver. 5.3.6 - Copyright 2005-2007 Rodolfo Giometti <giometti@linux.it>
[    0.423808] cpufreq: driver msm up and running
[    0.424493] platform soc:qcom,ion:qcom,ion-heap@28: assigned reserved memory node audio_region@0
[    0.424806] platform soc:qcom,ion:qcom,ion-heap@27: assigned reserved memory node qseecom_region@0
[    0.425316] ION heap system created
[    0.425540] ION heap audio created at 0x8f800000 with size 400000
[    0.425561] ION heap qsecom created at 0x8f400000 with size 400000
[    0.426017] msm_bus_fabric_init_driver
[    0.436445] qcom,qpnp-power-on qpnp-power-on-1: PMIC@SID0 Power-on reason: Triggered from CBL (external power supply) and 'warm' boot
[    0.436476] qcom,qpnp-power-on qpnp-power-on-1: PMIC@SID0: Unknown power-off reason
[    0.436783] input: qpnp_pon as /devices/virtual/input/input0
[    0.437253] PMIC@SID0: PM8019 v2.2 options: 3, 2, 2, 2
[    0.438215] Advanced Linux Sound Architecture Driver Initialized.
[    0.439133] NetLabel: Initializing
[    0.439146] NetLabel:  domain hash size = 128
[    0.439154] NetLabel:  protocols = UNLABELED CIPSOv4
[    0.439207] NetLabel:  unlabeled traffic allowed by default
[    0.440351] Switched to clocksource arch_mem_counter
[    0.440783] SWI ssmem_framework_init: SSMEM init OK
[    0.440801] gpio_set_map_table: Detected FX30S
[    0.440839] gpio_sync_ri: RI owner is Modem
[    0.454195] NET: Registered protocol family 2
[    0.454881] TCP established hash table entries: 2048 (order: 1, 8192 bytes)
[    0.454918] TCP bind hash table entries: 2048 (order: 3, 40960 bytes)
[    0.454962] TCP: Hash tables configured (established 2048 bind 2048)
[    0.455030] TCP: reno registered
[    0.455043] UDP hash table entries: 256 (order: 1, 12288 bytes)
[    0.455066] UDP-Lite hash table entries: 256 (order: 1, 12288 bytes)
[    0.455261] NET: Registered protocol family 1
[    0.455686] RPC: Registered named UNIX socket transport module.
[    0.455701] RPC: Registered udp transport module.
[    0.455710] RPC: Registered tcp transport module.
[    0.455718] RPC: Registered tcp NFSv4.1 backchannel transport module.
[    0.609637] futex hash table entries: 256 (order: 0, 7168 bytes)
[    0.618949] VFS: Disk quotas dquot_6.5.2
[    0.619185] Dquot-cache hash table entries: 1024 (order 0, 4096 bytes)
[    0.619448] squashfs: version 4.0 (2009/01/31) Phillip Lougher
[    0.620755] NFS: Registering the id_resolver key type
[    0.620813] Key type id_resolver registered
[    0.620823] Key type id_legacy registered
[    0.620848] nfs4filelayout_init: NFSv4 File Layout Driver Registering...
[    0.620953] msgmni has been set to 358
[    0.623480] Block layer SCSI generic (bsg) driver version 0.4 loaded (major 249)
[    0.623504] io scheduler noop registered
[    0.623518] io scheduler deadline registered
[    0.623727] io scheduler cfq registered (default)
[    0.623852] gpiochip_find_base: found new base at 956
[    0.624029] gpiochip_add: registered GPIOs 956 to 987 on device: smp2p
[    0.624238] gpiochip_find_base: found new base at 924
[    0.624378] gpiochip_add: registered GPIOs 924 to 955 on device: smp2p
[    0.624441] gpiochip_find_base: found new base at 892
[    0.624579] gpiochip_add: registered GPIOs 892 to 923 on device: smp2p
[    0.624766] gpiochip_find_base: found new base at 860
[    0.624898] gpiochip_add: registered GPIOs 860 to 891 on device: smp2p
[    0.624941] gpiochip_find_base: found new base at 828
[    0.625066] gpiochip_add: registered GPIOs 828 to 859 on device: slave-kernel
[    0.625213] gpiochip_find_base: found new base at 828
[    0.625333] gpiochip_add: registered GPIOs 828 to 859 on device: master-kernel
[    0.629637] scm_call failed with error code -4
[    0.629656] msm_audio_protect_memory_region: SCM call failed, scm_call_ret -95 tz_resp 0
[    0.632127] msm_rpm_log_probe: OK
[    0.633467] pil-q6v5-mss 4080000.qcom,mss: Failed to find the pas_id.
[    0.633520] of_get_named_gpiod_flags: parsed 'qcom,gpio-proxy-unvote' property of node '/soc/qcom,mss@4080000[0]' - status (-517)
[    0.635171] of_get_named_gpiod_flags: can't parse 'qcom,tx-gpio' property of node '/soc/uart@78b0000[0]'
[    0.635188] uart_tx_gpio is not available
[    0.635201] of_get_named_gpiod_flags: can't parse 'qcom,rx-gpio' property of node '/soc/uart@78b0000[0]'
[    0.635209] uart_rx_gpio is not available
[    0.635221] of_get_named_gpiod_flags: can't parse 'qcom,cts-gpio' property of node '/soc/uart@78b0000[0]'
[    0.635229] uart_cts_gpio is not available
[    0.635240] of_get_named_gpiod_flags: can't parse 'qcom,rfr-gpio' property of node '/soc/uart@78b0000[0]'
[    0.635248] uart_rfr_gpio is not available
[    0.635288] symlink dir is msm_serial_hs.0, ret is 0
[    0.635300] ttyHS0 is reserved for AT service.
[    0.635948] sps: BAM device 0x07884000 is not registered yet.
[    0.636335] sps:BAM 0x07884000 is registered.
[    0.638704] 78b0000.uart: ttyHS0 at MMIO 0x78b0000 (irq = 49, base_baud = 460800) is a MSM HS UART
[    0.640816] msm_serial_hs module loaded
[    0.641456] symlink dir is msm_serial_hsl.1, ret is 0
[    0.641470] ttyHSL1 is disabled.
[    0.641505] msm_serial_hsl: probe of 78af000.serial failed with error -1
[    0.641676] mdm9607-pinctrl 1000000.pinctrl: pin GPIO_4 already requested by 78b0000.uart; cannot claim for 78b0000.serial
[    0.641691] mdm9607-pinctrl 1000000.pinctrl: pin-4 (78b0000.serial) status -22
[    0.641704] mdm9607-pinctrl 1000000.pinctrl: could not request pin 4 (GPIO_4) from group gpio4  on device 1000000.pinctrl
[    0.641715] msm_serial_hsl 78b0000.serial: Error applying setting, reverse things back
[    0.641787] symlink dir is msm_serial_hsl.0, ret is 0
[    0.641797] ttyHSL0 is disabled.
[    0.641819] msm_serial_hsl: probe of 78b0000.serial failed with error -1
[    0.641968] msm_serial_hsl_init: driver initialized
[    0.664883] brd: module loaded
[    0.668842] loop: module loaded
[    0.669556] QSEECOM: qseecom_probe: qseecom.qsee_version = 0x405000
[    0.669603] QSEECOM: qseecom_retrieve_ce_data: Device does not support PFE/FDE
[    0.669618] QSEECOM: qseecom_probe: qseecom clocks handled by other subsystem
[    0.669629] QSEECOM: qseecom_probe: qsee reentrancy support phase is not defined, setting to default 0
[    0.669900] QSEECOM: qseecom_probe: qseecom.whitelist_support = 0
[    0.674295] sierra_tcxo_clk soc:sierra_tcxo_clk: sierra_tcxo_clk probe
[    0.674809] of_get_named_gpiod_flags: parsed 'sfpr-gpio' property of node '/soc/sierra_safe_pwr_remove[0]' - status (0)
[    0.675093] i2c-core: driver [tabla-i2c-core] using legacy suspend method
[    0.675103] i2c-core: driver [tabla-i2c-core] using legacy resume method
[    0.675242] i2c-core: driver [wcd9xxx-i2c-core] using legacy suspend method
[    0.675251] i2c-core: driver [wcd9xxx-i2c-core] using legacy resume method
[    0.675390] i2c-core: driver [tasha-i2c-core] using legacy suspend method
[    0.675399] i2c-core: driver [tasha-i2c-core] using legacy resume method
[    0.675719] QCE50: __qce_get_device_tree_data: BAM Apps EE is not defined, setting to default 1
[    0.676249] qce 720000.qcedev: Qualcomm Crypto 5.3.3 device found @0x720000
[    0.676268] qce 720000.qcedev: CE device = 0x0
[    0.676268] , IO base, CE = 0xd0b40000
[    0.676268] , Consumer (IN) PIPE 2,    Producer (OUT) PIPE 3
[    0.676268] IO base BAM = 0x  (null)
[    0.676268] BAM IRQ 44
[    0.676268] Engines Availability = 0x2010853
[    0.676660] sps:BAM 0x00704000 is registered.
[    0.677032] sps:BAM 0x00704000 (va:0xd0b80000) enabled: ver:0x27, number of pipes:8
[    0.677574] QCE50: qce_sps_init:  Qualcomm MSM CE-BAM at 0x0000000000704000 irq 44
[    0.681182] QCE50: __qce_get_device_tree_data: BAM Apps EE is not defined, setting to default 1
[    0.681790] qcrypto 720000.qcrypto: Qualcomm Crypto 5.3.3 device found @0x720000
[    0.681810] qcrypto 720000.qcrypto: CE device = 0x0
[    0.681810] , IO base, CE = 0xd0bc0000
[    0.681810] , Consumer (IN) PIPE 4,    Producer (OUT) PIPE 5
[    0.681810] IO base BAM = 0x  (null)
[    0.681810] BAM IRQ 44
[    0.681810] Engines Availability = 0x2010853
[    0.682577] QCE50: qce_sps_init:  Qualcomm MSM CE-BAM at 0x0000000000704000 irq 44
[    0.685220] qcrypto 720000.qcrypto: qcrypto-ecb-aes
[    0.685401] qcrypto 720000.qcrypto: qcrypto-cbc-aes
[    0.685615] qcrypto 720000.qcrypto: qcrypto-ctr-aes
[    0.685840] qcrypto 720000.qcrypto: qcrypto-ecb-des
[    0.686052] qcrypto 720000.qcrypto: qcrypto-cbc-des
[    0.686257] qcrypto 720000.qcrypto: qcrypto-ecb-3des
[    0.686465] qcrypto 720000.qcrypto: qcrypto-cbc-3des
[    0.686666] qcrypto 720000.qcrypto: qcrypto-xts-aes
[    0.686874] qcrypto 720000.qcrypto: qcrypto-sha1
[    0.687078] qcrypto 720000.qcrypto: qcrypto-sha256
[    0.687288] qcrypto 720000.qcrypto: qcrypto-aead-hmac-sha1-cbc-aes
[    0.687501] qcrypto 720000.qcrypto: qcrypto-aead-hmac-sha1-cbc-des
[    0.687704] qcrypto 720000.qcrypto: qcrypto-aead-hmac-sha1-cbc-3des
[    0.687913] qcrypto 720000.qcrypto: qcrypto-aead-hmac-sha256-cbc-aes
[    0.688129] qcrypto 720000.qcrypto: qcrypto-aead-hmac-sha256-cbc-des
[    0.688342] qcrypto 720000.qcrypto: qcrypto-aead-hmac-sha256-cbc-3des
[    0.688569] qcrypto 720000.qcrypto: qcrypto-hmac-sha1
[    0.688779] qcrypto 720000.qcrypto: qcrypto-hmac-sha256
[    0.688988] qcrypto 720000.qcrypto: qcrypto-aes-ccm
[    0.689205] qcrypto 720000.qcrypto: qcrypto-rfc4309-aes-ccm
[    0.689696] SCSI Media Changer driver v0.25 
[    0.691411] cryptomgr_test (124) used greatest stack depth: 6572 bytes left
[    0.693983] sps: BAM device 0x07984000 is not registered yet.
[    0.694344] sps:BAM 0x07984000 is registered.
[    0.694367] msm_nand_bam_init: msm_nand_bam_init: BAM device registered: bam_handle 0xcd9d3e00
[    0.694674] sps:BAM 0x07984000 (va:0xd0b20000) enabled: ver:0x18, number of pipes:7
[    0.696771] msm_nand_parse_smem_ptable: Parsing partition table info from SMEM
[    0.696823] msm_nand_parse_smem_ptable: SMEM partition table found: ver: 4 len: 21
[    0.696856] msm_nand_version_check: nand_major:1, nand_minor:5, qpic_major:1, qpic_minor:5
[    0.697168] msm_nand_flash_onfi_probe: Found an ONFI compliant device MT29F4G08ABBEA3W    ,
[    0.697182] msm_nand_scan: NAND Id: 0x2690ac2c Buswidth: 8Bits Density: 512 MByte
[    0.697193] msm_nand_scan: pagesize: 4096 Erasesize: 262144 oobsize: 224 (in Bytes)
[    0.697201] msm_nand_scan: BCH ECC: 8 Bit
[    0.697216] msm_nand_scan: CFG0: 0x290409c0,           CFG1: 0x08045d5c
[    0.697216]             RAWCFG0: 0x2b8401c0,        RAWCFG1: 0x0005055d
[    0.697216]           ECCBUFCFG: 0x00000203,      ECCBCHCFG: 0x42040d10
[    0.697216]           RAWECCCFG: 0x42000d11, BAD BLOCK BYTE: 0x00000175
[    0.697240] Creating 21 MTD partitions on "7980000.nand":
[    0.697254] 0x000000000000-0x000000280000 : "sbl"
[    0.698504] 0x000000280000-0x000000500000 : "mibib"
[    0.699516] 0x000000500000-0x000000b80000 : "backup"
[    0.700617] 0x000000b80000-0x000000c80000 : "security"
[    0.701585] 0x000000c80000-0x000000e80000 : "persist"
[    0.702552] 0x000000e80000-0x000002000000 : "efs2"
[    0.703542] 0x000002000000-0x000006f40000 : "swifota"
[    0.704542] 0x000006f40000-0x0000070c0000 : "tz"
[    0.705529] 0x0000070c0000-0x000007180000 : "devcfg"
[    0.706503] 0x000007180000-0x000007240000 : "rpm"
[    0.707442] 0x000007240000-0x000009240000 : "modem"
[    0.708410] 0x000009240000-0x000009340000 : "aboot"
[    0.709387] 0x000009340000-0x00000a240000 : "boot"
[    0.710653] 0x00000a240000-0x00000c040000 : "system"
[    0.711681] 0x00000c040000-0x00000c900000 : "lefwkro"
[    0.712689] 0x00000c900000-0x00000e200000 : "swirw"
[    0.713707] 0x00000e200000-0x000016500000 : "userapp"
[    0.714668] 0x000016500000-0x000019b80000 : "reserved"
[    0.715622] 0x000019b80000-0x00001bd00000 : "slot_2"
[    0.716591] 0x00001bd00000-0x00001de80000 : "slot_1"
[    0.717530] 0x00001de80000-0x000020000000 : "slot_0"
[    0.718553] msm_nand_probe: NANDc phys addr 0x7980000, BAM phys addr 0x7984000, BAM IRQ 30
[    0.718568] msm_nand_probe: Allocated DMA buffer at virt_addr 0xcf044000, phys_addr 0x8f044000
[    0.720256] of_get_named_gpiod_flags: can't parse 'qcom,gpio-clk' property of node '/soc/spi@78b6000[0]'
[    0.720275] of_get_named_gpiod_flags: can't parse 'qcom,gpio-miso' property of node '/soc/spi@78b6000[0]'
[    0.720286] of_get_named_gpiod_flags: can't parse 'qcom,gpio-mosi' property of node '/soc/spi@78b6000[0]'
[    0.720298] of_get_named_gpiod_flags: can't parse 'qcom,gpio-cs0' property of node '/soc/spi@78b6000[0]'
[    0.720310] of_get_named_gpiod_flags: can't parse 'qcom,gpio-cs1' property of node '/soc/spi@78b6000[0]'
[    0.720321] of_get_named_gpiod_flags: can't parse 'qcom,gpio-cs2' property of node '/soc/spi@78b6000[0]'
[    0.720332] of_get_named_gpiod_flags: can't parse 'qcom,gpio-cs3' property of node '/soc/spi@78b6000[0]'
[    0.721246] tun: Universal TUN/TAP device driver, 1.6
[    0.721261] tun: (C) 1999-2004 Max Krasnyansky <maxk@qualcomm.com>
[    0.721549] vcan: Virtual CAN interface driver
[    0.721568] CAN device driver interface
[    0.723439] PPP generic driver version 2.4.2
[    0.723969] usbcore: registered new interface driver asix
[    0.724071] usbcore: registered new interface driver ax88179_178a
[    0.724139] usbcore: registered new interface driver cdc_ether
[    0.724221] usbcore: registered new interface driver smsc95xx
[    0.724298] usbcore: registered new interface driver net1080
[    0.724365] usbcore: registered new interface driver cdc_subset
[    0.724428] usbcore: registered new interface driver zaurus
[    0.724795] usbcore: registered new interface driver cdc_ncm
[    0.725069] msm_otg 78d9000.usb: msm_otg probe
[    0.725375] of_get_named_gpiod_flags: can't parse 'qcom,hub-reset-gpio' property of node '/soc/usb@78d9000[0]'
[    0.725390] of_get_named_gpiod_flags: can't parse 'qcom,usbeth-reset-gpio' property of node '/soc/usb@78d9000[0]'
[    0.725403] of_get_named_gpiod_flags: can't parse 'qcom,sw-sel-gpio' property of node '/soc/usb@78d9000[0]'
[    0.725465] of_get_named_gpiod_flags: parsed 'qcom,usbid-gpio' property of node '/soc/usb@78d9000[0]' - status (0)
[    0.725488] of_get_named_gpiod_flags: can't parse 'qcom,hsusb-otg-vddmin-gpio' property of node '/soc/usb@78d9000[0]'
[    0.727273] msm_otg 78d9000.usb: OTG regs = d08fe000
[    0.730684] ehci_hcd: USB 2.0 'Enhanced' Host Controller (EHCI) Driver
[    0.730973] of_get_named_gpiod_flags: can't parse 'hsic,strobe-gpio' property of node '/soc/hsic_host@7c00000[0]'
[    0.730989] of_get_named_gpiod_flags: can't parse 'hsic,data-gpio' property of node '/soc/hsic_host@7c00000[0]'
[    0.731000] of_get_named_gpiod_flags: can't parse 'hsic,resume-gpio' property of node '/soc/hsic_host@7c00000[0]'
[    0.731128] 7c00000.hsic_host supply HSIC_GDSC not found, using dummy regulator
[    0.743897] msm_hsic_host 7c00000.hsic_host: Qualcomm EHCI Host Controller using HSIC
[    0.743947] msm_hsic_host 7c00000.hsic_host: new USB bus registered, assigned bus number 1
[    0.744187] msm_hsic_host 7c00000.hsic_host: irq 28, io mem 0x07c00000
[    0.760110] msm_hsic_host 7c00000.hsic_host: USB 2.0 started, EHCI 1.00
[    0.760606] usb usb1: New USB device found, idVendor=1d6b, idProduct=0002
[    0.760620] usb usb1: New USB device strings: Mfr=3, Product=2, SerialNumber=1
[    0.760632] usb usb1: Product: Qualcomm EHCI Host Controller using HSIC
[    0.760643] usb usb1: Manufacturer: Linux 3.18.44 ehci_hcd
[    0.760654] usb usb1: SerialNumber: 7c00000.hsic_host
[    0.761477] hub 1-0:1.0: USB hub found
[    0.761558] hub 1-0:1.0: 1 port detected
[    0.762605] of_get_named_gpiod_flags: can't parse 'hsic,swi_reset_gpio' property of node '/soc/hsic_host@7c00000[0]'
[    0.763351] ehci-msm: Qualcomm On-Chip EHCI Host Controller
[    0.764179] 78d9000.usb supply vbus_otg not found, using dummy regulator
[    0.764582] usbcore: registered new interface driver cdc_acm
[    0.764592] cdc_acm: USB Abstract Control Model driver for USB modems and ISDN adapters
[    0.764701] usbcore: registered new interface driver usb-storage
[    0.764756] usbcore: registered new interface driver ums-alauda
[    0.764821] usbcore: registered new interface driver ums-cypress
[    0.764877] usbcore: registered new interface driver ums-datafab
[    0.764929] usbcore: registered new interface driver ums-freecom
[    0.764983] usbcore: registered new interface driver ums-isd200
[    0.765037] usbcore: registered new interface driver ums-jumpshot
[    0.765090] usbcore: registered new interface driver ums-karma
[    0.765143] usbcore: registered new interface driver ums-onetouch
[    0.765196] usbcore: registered new interface driver ums-sddr09
[    0.765258] usbcore: registered new interface driver ums-sddr55
[    0.765312] usbcore: registered new interface driver ums-usbat
[    0.765455] usbcore: registered new interface driver usbserial
[    0.765514] usbcore: registered new interface driver ftdi_sio
[    0.765564] usbserial: USB Serial support registered for FTDI USB Serial Device
[    0.765663] usbcore: registered new interface driver usb_ehset_test
[    0.767693] gbridge_init: gbridge_init successs.
[    0.769833] qcom,qpnp-rtc qpnp-rtc-5: rtc core: registered qpnp_rtc as rtc0
[    0.769991] i2c /dev entries driver
[    0.770370] msm_otg 78d9000.usb: phy_reset: success
[    0.771144] of_get_named_gpiod_flags: parsed 'gpios' property of node '/soc/pps[0]' - status (0)
[    0.771510] pps pps0: new PPS source soc:pps.-1
[    0.771614] pps pps0: Registered IRQ 105 as PPS source
[    0.772405] unable to find DT imem DLOAD mode node
[    0.772742] unable to find DT imem EDLOAD mode node
[    0.773028] unable to find DT imem dload-type node
[    0.773216] Failed to disable secure wdog debug: -4
[    0.774638] swimcu_hwmon_probe: start
[    0.774788] swimcu_hwmon_probe: success num 2
[    0.796661] device-mapper: ioctl: 4.28.0-ioctl (2014-09-17) initialised: dm-devel@redhat.com
[    0.797223] sdhci: Secure Digital Host Controller Interface driver
[    0.797235] sdhci: Copyright(c) Pierre Ossman
[    0.797248] sdhci-pltfm: SDHCI platform and OF driver helper
[    0.797668] usbcore: registered new interface driver usbhid
[    0.797680] usbhid: USB HID core driver
[    0.798256] of_get_named_gpiod_flags: can't parse 'qcom,gpio-mode-sel' property of node '/soc/usb_detect[0]'
[    0.799440] bimc-bwmon 408000.qcom,cpu-bwmon: BW HWmon governor registered.
[    0.800368] devfreq soc:qcom,cpubw: Couldn't update frequency transition information.
[    0.800632] coresight_event: error registering on panic -38
[    0.800840] coresight-fuse a601c.fuse: QPDI fuse not specified
[    0.800974] coresight-fuse a601c.fuse: Fuse initialized
[    0.801400] coresight-cti: probe of 6010000.cti failed with error -1
[    0.801444] coresight-cti: probe of 6011000.cti failed with error -1
[    0.801483] coresight-cti: probe of 6012000.cti failed with error -1
[    0.801521] coresight-cti: probe of 6013000.cti failed with error -1
[    0.801560] coresight-cti: probe of 6014000.cti failed with error -1
[    0.801598] coresight-cti: probe of 6015000.cti failed with error -1
[    0.801636] coresight-cti: probe of 6016000.cti failed with error -1
[    0.801675] coresight-cti: probe of 6017000.cti failed with error -1
[    0.801715] coresight-cti: probe of 6018000.cti failed with error -1
[    0.801753] coresight-cti: probe of 6043000.cti failed with error -1
[    0.801793] coresight-cti: probe of 603c000.cti failed with error -1
[    0.801830] coresight-cti: probe of 6038000.cti failed with error -1
[    0.802294] coresight-csr 6001000.csr: CSR initialized
[    0.802719] coresight-tmc: probe of 6026000.tmc failed with error -1
[    0.802842] coresight-tmc 6025000.tmc: failed to get flush cti
[    0.802856] coresight-tmc 6025000.tmc: failed to get reset cti
[    0.803928] sdhci_msm 7864900.sdhci: sdhci_msm_probe: ICE device is not enabled
[    0.803954] of_get_named_gpiod_flags: can't parse 'cd-gpios' property of node '/soc/sdhci@07864900[0]'
[    0.804339] sdhci_msm 7864900.sdhci: sdhci_msm_pm_qos_parse_irq: error -22 reading irq cpu
[    0.804352] sdhci_msm 7864900.sdhci: sdhci_msm_pm_qos_parse: PM QoS voting for IRQ will be disabled
[    0.804367] sdhci_msm 7864900.sdhci: sdhci_msm_pm_qos_parse: PM QoS voting for cpu group will be disabled
[    0.805335] coresight-tmc 6025000.tmc: TMC initialized
[    0.807751] tz_log 8600720.tz-log: Hyp log service is not supported
[    0.810722] sdhci_msm 7864900.sdhci: No vmmc regulator found
[    0.810740] sdhci_msm 7864900.sdhci: No vqmmc regulator found
[    0.811191] nidnt boot config: 2
[    0.811203] NIDnT disabled, only sd mode supported.
[    0.811216] coresight-tpiu 6020000.tpiu: NIDnT hw support disabled
[    0.811228] coresight-tpiu 6020000.tpiu: NIDnT on SDCARD only mode
[    0.811423] coresight-tpiu 6020000.tpiu: TPIU initialized
[    0.812879] coresight-replicator 6024000.replicator: REPLICATOR initialized
[    0.813558] coresight-dbgui 606d000.dbgui: DebugUI initializaed
[    0.814024] coresight-stm: probe of 6002000.stm failed with error -1
[    0.814533] coresight-hwevent 606c000.hwevent: Hardware Event driver initialized
[    0.815158] mmc0: SDHCI controller on 7864900.sdhci [7864900.sdhci] using 32-bit ADMA in legacy mode
[    0.840147] coresight-etm: probe of 6042000.etm failed with error -22
[    0.841485] coresight-remote-etm soc:rpm_etm0: Remote ETM initialized
[    0.841869] coresight-remote-etm soc:modem_etm0: Remote ETM initialized
[    0.844601] wm8944_codec_init registering platform driver
[    0.864128] msm_pcm_probe: dev name soc:qcom,msm-voice-host-pcm
[    0.870575] mdm9607-asoc-snd soc:sound-wm8944: Defering mdm_asoc_machine_probe, q6_state 0
[    0.870890] Netfilter messages via NETLINK v0.30.
[    0.870981] nf_conntrack version 0.5.0 (2870 buckets, 11480 max)
[    0.871560] ctnetlink v0.93: registering with nfnetlink.
[    0.871891] ip_set: protocol 6
[    0.872293] ip_tables: (C) 2000-2006 Netfilter Core Team
[    0.872479] arp_tables: (C) 2002 David S. Miller
[    0.872549] TCP: cubic registered
[    0.873408] NET: Registered protocol family 10
[    0.874760] ip6_tables: (C) 2000-2006 Netfilter Core Team
[    0.875068] sit: IPv6 over IPv4 tunneling driver
[    0.875754] NET: Registered protocol family 17
[    0.875903] bridge: automatic filtering via arp/ip/ip6tables has been deprecated. Update your scripts to load br_netfilter if you need this.
[    0.875944] Bridge firewalling registered
[    0.875961] Ebtables v2.0 registered
[    0.876091] can: controller area network core (rev 20120528 abi 9)
[    0.876174] NET: Registered protocol family 29
[    0.876195] can: raw protocol (rev 20120528)
[    0.876212] can: broadcast manager protocol (rev 20120528 t)
[    0.876234] can: netlink gateway (rev 20130117) max_hops=1
[    0.876590] Key type dns_resolver registered
[    0.877244] NET: Registered protocol family 27
[    0.881692] gpiochip_find_base: found new base at 828
[    0.881883] gpiochip_add: registered GPIOs 828 to 859 on device: slave-kernel
[    0.882216] gpiochip_find_base: found new base at 796
[    0.882361] gpiochip_add: registered GPIOs 796 to 827 on device: master-kernel
[    0.882954] pil-q6v5-mss 4080000.qcom,mss: Failed to find the pas_id.
[    0.882997] of_get_named_gpiod_flags: parsed 'qcom,gpio-proxy-unvote' property of node '/soc/qcom,mss@4080000[0]' - status (0)
[    0.884570] of_get_named_gpiod_flags: parsed 'qcom,gpio-err-fatal' property of node '/soc/qcom,mss@4080000[0]' - status (0)
[    0.884711] of_get_named_gpiod_flags: parsed 'qcom,gpio-err-ready' property of node '/soc/qcom,mss@4080000[0]' - status (0)
[    0.884728] of_get_named_gpiod_flags: parsed 'qcom,gpio-stop-ack' property of node '/soc/qcom,mss@4080000[0]' - status (0)
[    0.884745] of_get_named_gpiod_flags: parsed 'qcom,gpio-force-stop' property of node '/soc/qcom,mss@4080000[0]' - status (0)
[    0.884763] of_get_named_gpiod_flags: parsed 'qcom,gpio-shutdown-ack' property of node '/soc/qcom,mss@4080000[0]' - status (0)
[    0.885075] pil-q6v5-mss 4080000.qcom,mss: for modem segments only will be dumped.
[    0.886836] mdm9607-asoc-snd soc:sound-wm8944: Defering mdm_asoc_machine_probe, q6_state 0
[    0.887856] sierra_monitor_probe monitor times: 120, 0, 0
[    0.890846] of_get_named_gpiod_flags: parsed 'gpios' property of node '/soc/qcom,smp2pgpio_test_smp2p_15_in[0]' - status (0)
[    0.890926] of_get_named_gpiod_flags: parsed 'gpios' property of node '/soc/qcom,smp2pgpio_test_smp2p_15_out[0]' - status (0)
[    0.891098] of_get_named_gpiod_flags: parsed 'gpios' property of node '/soc/qcom,smp2pgpio_test_smp2p_1_in[0]' - status (0)
[    0.891162] of_get_named_gpiod_flags: parsed 'gpios' property of node '/soc/qcom,smp2pgpio_test_smp2p_1_out[0]' - status (0)
[    0.902733] mdm9607-asoc-snd soc:sound-wm8944: Defering mdm_asoc_machine_probe, q6_state 0
[    0.903983] file system registered
[    0.904117] mbim_init: initialize 1 instances
[    0.904349] mbim_init: Initialized 1 ports
[    0.913260] rndis_qc_init: initialize rndis QC instance
[    0.913757] Number of LUNs=8
[    0.913774] Mass Storage Function, version: 2009/09/11
[    0.913788] LUN: removable file: (no medium)
[    0.913814] Number of LUNs=1
[    0.913919] LUN: removable file: (no medium)
[    0.913929] Number of LUNs=1
[    0.914413] android_usb gadget: android_usb ready
[    0.914432] msm_hsusb msm_hsusb: [ci13xxx_start] hw_ep_max = 32
[    0.914481] msm_hsusb msm_hsusb: CI13XXX_CONTROLLER_RESET_EVENT received
[    0.914499] msm_hsusb msm_hsusb: CI13XXX_CONTROLLER_UDC_STARTED_EVENT received
[    0.914918] mdm9607-asoc-snd soc:sound-wm8944: Defering mdm_asoc_machine_probe, q6_state 0
[    0.915472] qcom,qpnp-rtc qpnp-rtc-5: setting system clock to 1970-01-01 01:48:37 UTC (6517)
[    0.916543] parse_legacy_cluster_params(): Ignoring cluster params
[    0.916581] /soc/qcom,lpm-levels/qcom,pm-cluster@0: No CPU phandle, assuming single cluster
[    0.916619] calculate_residency: residency < 0 for LPM
[    0.916629] parse_cpu_levels: idx 1 420
[    0.916637] calculate_residency: residency < 0 for LPM
[    0.916646] parse_cpu_levels: idx 2 500
[    0.916655] parse_cpu_levels: idx 2 3040
[    0.917612] mdm9607-asoc-snd soc:sound-wm8944: Defering mdm_asoc_machine_probe, q6_state 0
[    0.921003] qcom,cc-debug-mdm9607 1800000.qcom,debug: Registered Debug Mux successfully
[    0.921433] mdm9607-asoc-snd soc:sound-wm8944: Defering mdm_asoc_machine_probe, q6_state 0
[    0.930559] PM: Hibernation image not present or could not be loaded.
[    0.930589] mem_acc_corner: disabling
[    0.930645] sdcard_ext_vreg: disabling
[    0.930656] rome_vreg: disabling
[    0.930666] emac_lan_vreg: disabling
[    0.930683] msm_hsl_rs485_gpioexp_init: HSL Driver found FX30S
[    0.930855] i2c-msm-v2 78b8000.i2c: msm_bus_scale_register_client(mstr-id:86):0xc (ok)
[    0.932359] clock_late_init: Removing enables held for handed-off clocks
[    0.934222] ALSA device list:
[    0.934234]   No soundcards found.
[    0.934370] Warning: unable to open an initial console.
[    0.990718] Freeing unused kernel memory: 3168K (c0b19000 - c0e31000)
[    0.990735] This architecture does not have kernel memory protection.
[    0.997785] basename (158) used greatest stack depth: 6504 bytes left
[    1.001695] cat (159) used greatest stack depth: 6464 bytes left
[    1.060923] sed (176) used greatest stack depth: 6344 bytes left
[    1.060980] cat (174) used greatest stack depth: 6324 bytes left
[    1.076160] dd (178) used greatest stack depth: 5604 bytes left
[    1.079133] ubi0: attaching mtd13
[    1.080209] usb 1-1: new high-speed USB device number 2 using msm_hsic_host
[    1.180787] ubi0: scanning is finished
[    1.186327] ubi0 warning: print_rsvd_warning: cannot reserve enough PEBs for bad PEB handling, reserved 13, need 40
[    1.187606] ubi0: attached mtd13 (name "system", size 30 MiB)
[    1.187620] ubi0: PEB size: 262144 bytes (256 KiB), LEB size: 253952 bytes
[    1.187631] ubi0: min./max. I/O unit sizes: 4096/4096, sub-page size 4096
[    1.187640] ubi0: VID header offset: 4096 (aligned 4096), data offset: 8192
[    1.187650] ubi0: good PEBs: 120, bad PEBs: 0, corrupted PEBs: 0
[    1.187660] ubi0: user volume: 3, internal volumes: 1, max. volumes count: 128
[    1.187671] ubi0: max/mean erase counter: 0/0, WL threshold: 4096, image sequence number: 1127033919
[    1.187681] ubi0: available PEBs: 0, total reserved PEBs: 120, PEBs reserved for bad PEB handling: 13
[    1.190245] ubi0: background thread "ubi_bgt0d" started, PID 181
[    1.230820] usb 1-1: New USB device found, idVendor=0424, idProduct=3503
[    1.230840] usb 1-1: New USB device strings: Mfr=0, Product=0, SerialNumber=0
[    1.231789] hub 1-1:1.0: USB hub found
[    1.231929] hub 1-1:1.0: 1 port detected
[    1.233239] mdm9607-asoc-snd soc:sound-wm8944: Defering mdm_asoc_machine_probe, q6_state 0
[    3.860387] dd (182) used greatest stack depth: 5280 bytes left
[    3.869007] block ubiblock0_0: created from ubi0:0(rootfs)
[    3.904368] block ubiblock0_1: created from ubi0:1(rootfs_hs)
[    5.386200] ubi3: attaching mtd16
[    5.873336] ubi3: scanning is finished
[    5.880776] ubi3: attached mtd16 (name "userapp", size 131 MiB)
[    5.880794] ubi3: PEB size: 262144 bytes (256 KiB), LEB size: 253952 bytes
[    5.880804] ubi3: min./max. I/O unit sizes: 4096/4096, sub-page size 4096
[    5.880814] ubi3: VID header offset: 4096 (aligned 4096), data offset: 8192
[    5.880824] ubi3: good PEBs: 524, bad PEBs: 0, corrupted PEBs: 0
[    5.880834] ubi3: user volume: 1, internal volumes: 1, max. volumes count: 128
[    5.880845] ubi3: max/mean erase counter: 105/59, WL threshold: 4096, image sequence number: 1420759101
[    5.880855] ubi3: available PEBs: 5, total reserved PEBs: 519, PEBs reserved for bad PEB handling: 40
[    5.883800] ubi3: background thread "ubi_bgt3d" started, PID 302
[    5.930333] UBIFS (ubi3:0): background thread "ubifs_bgt3_0" started, PID 309
[    5.978885] UBIFS (ubi3:0): recovery needed
[    6.200615] UBIFS (ubi3:0): recovery completed
[    6.200744] UBIFS (ubi3:0): UBIFS: mounted UBI device 3, volume 0, name "userapp_vol0"
[    6.200757] UBIFS (ubi3:0): LEB size: 253952 bytes (248 KiB), min./max. I/O unit sizes: 4096 bytes/4096 bytes
[    6.200770] UBIFS (ubi3:0): FS size: 118087680 bytes (112 MiB, 465 LEBs), journal size 5840896 bytes (5 MiB, 23 LEBs)
[    6.200780] UBIFS (ubi3:0): reserved for root: 4952683 bytes (4836 KiB)
[    6.200794] UBIFS (ubi3:0): media format: w4/r0 (latest is w4/r0), UUID A90DD2FF-2B14-462B-908D-3461EC3C73CB, small LPT model
[    7.319798] quotacheck (315) used greatest stack depth: 4816 bytes left
[    7.570522] ubi2: attaching mtd14
[    7.610808] ubi2: scanning is finished
[    7.616252] ubi2 warning: print_rsvd_warning: cannot reserve enough PEBs for bad PEB handling, reserved 15, need 40
[    7.617653] ubi2: attached mtd14 (name "lefwkro", size 8 MiB)
[    7.617670] ubi2: PEB size: 262144 bytes (256 KiB), LEB size: 253952 bytes
[    7.617680] ubi2: min./max. I/O unit sizes: 4096/4096, sub-page size 4096
[    7.617690] ubi2: VID header offset: 4096 (aligned 4096), data offset: 8192
[    7.617699] ubi2: good PEBs: 35, bad PEBs: 0, corrupted PEBs: 0
[    7.617709] ubi2: user volume: 1, internal volumes: 1, max. volumes count: 128
[    7.617721] ubi2: max/mean erase counter: 1/0, WL threshold: 4096, image sequence number: 508903975
[    7.617731] ubi2: available PEBs: 0, total reserved PEBs: 35, PEBs reserved for bad PEB handling: 15
[    7.620053] ubi2: background thread "ubi_bgt2d" started, PID 346
[    7.677790] block ubiblock2_0: created from ubi2:0(legato)
[    7.815352] ubi4: attaching mtd15
[    7.915852] ubi4: scanning is finished
[    7.922740] ubi4: attached mtd15 (name "swirw", size 25 MiB)
[    7.922757] ubi4: PEB size: 262144 bytes (256 KiB), LEB size: 253952 bytes
[    7.922767] ubi4: min./max. I/O unit sizes: 4096/4096, sub-page size 4096
[    7.922777] ubi4: VID header offset: 4096 (aligned 4096), data offset: 8192
[    7.922787] ubi4: good PEBs: 100, bad PEBs: 0, corrupted PEBs: 0
[    7.922796] ubi4: user volume: 1, internal volumes: 1, max. volumes count: 128
[    7.922808] ubi4: max/mean erase counter: 5/1, WL threshold: 4096, image sequence number: 723936341
[    7.922818] ubi4: available PEBs: 2, total reserved PEBs: 98, PEBs reserved for bad PEB handling: 40
[    7.925149] ubi4: background thread "ubi_bgt4d" started, PID 387
[    7.970260] UBIFS (ubi4:0): background thread "ubifs_bgt4_0" started, PID 394
[    8.019510] UBIFS (ubi4:0): recovery needed
[    8.167390] UBIFS (ubi4:0): recovery completed
[    8.167540] UBIFS (ubi4:0): UBIFS: mounted UBI device 4, volume 0, name "swirw_vol0"
[    8.167553] UBIFS (ubi4:0): LEB size: 253952 bytes (248 KiB), min./max. I/O unit sizes: 4096 bytes/4096 bytes
[    8.167565] UBIFS (ubi4:0): FS size: 11173888 bytes (10 MiB, 44 LEBs), journal size 2031617 bytes (1 MiB, 6 LEBs)
[    8.167575] UBIFS (ubi4:0): reserved for root: 527769 bytes (515 KiB)
[    8.167589] UBIFS (ubi4:0): media format: w4/r0 (latest is w4/r0), UUID E12D2B54-39EE-4C28-847B-01B9D9423FE0, small LPT model
[    8.610760] random: nonblocking pool is initialized
[    8.955791] UBIFS error (pid: 497): cannot open "ubi0:usrfs", error -19
[    8.986052] ubi1: attaching mtd10
[    9.110937] ubi1: scanning is finished
[    9.117885] ubi1: attached mtd10 (name "modem", size 32 MiB)
[    9.117903] ubi1: PEB size: 262144 bytes (256 KiB), LEB size: 253952 bytes
[    9.117913] ubi1: min./max. I/O unit sizes: 4096/4096, sub-page size 4096
[    9.117923] ubi1: VID header offset: 4096 (aligned 4096), data offset: 8192
[    9.117933] ubi1: good PEBs: 128, bad PEBs: 0, corrupted PEBs: 0
[    9.117942] ubi1: user volume: 1, internal volumes: 1, max. volumes count: 128
[    9.117954] ubi1: max/mean erase counter: 1/0, WL threshold: 4096, image sequence number: 369323612
[    9.117963] ubi1: available PEBs: 0, total reserved PEBs: 128, PEBs reserved for bad PEB handling: 40
[    9.120508] ubi1: background thread "ubi_bgt1d" started, PID 510
[    9.178323] block ubiblock1_0: created from ubi1:0(modem)
[    9.266385] pil-q6v5-mss 4080000.qcom,mss: modem: loading from 0x82a00000 to 0x85b00000
[    9.301391] pil-q6v5-mss 4080000.qcom,mss: Debug policy not present - msadp. Continue.
[    9.303651] pil-q6v5-mss 4080000.qcom,mss: Loading MBA and DP (if present) from 0x8f200000 to 0x8f300000 size 100000
[    9.435052] pil-q6v5-mss 4080000.qcom,mss: MBA boot done
[    9.623826] enable_store: android_usb: already disabled
[    9.634863] Match for Function Name: diag, Int #0
[    9.637899] Match for Function Name: nmea, Int #2
[    9.637932] Match for Function Name: modem, Int #3
[    9.639837] Match for Function Name: rmnet0, Int #8
[    9.639873] ecm_function_bind_config: ecm_function_bind_config MAC: 
[    9.639944] gether_setup_name_default: using random self ethernet address
[    9.639960] gether_setup_name_default: using random host ethernet address
[    9.640833] ecm0: HOST MAC 12:31:d7:e5:16:d9
[    9.640894] ecm0: MAC 62:f4:8c:51:11:f7
[    9.640925] Match for Function Name: cdc_ethernet, Int #19
[    9.640937] Match for Function Name: cdc_ethernet, Int #20
[    9.641011] msm_hsusb msm_hsusb: CI13XXX_CONTROLLER_CONNECT_EVENT received
[    9.644119] msm_otg 78d9000.usb: Avail curr from USB = 2
[    9.644158] msm_hsusb msm_hsusb: CI13XXX_CONTROLLER_SUSPEND_EVENT received
[    9.657988] android_work: android_work: did not send uevent (0 0 00000000)
[    9.743276] msm_hsusb msm_hsusb: CI13XXX_CONTROLLER_RESUME_EVENT received
[    9.743360] msm_otg 78d9000.usb: Avail curr from USB = 100
[    9.759512] android_work: android_work: did not send uevent (0 0 00000000)
[    9.840778] android_work: android_work: sent uevent USB_STATE=CONNECTED
[   10.237813] android_work: android_work: sent uevent USB_STATE=DISCONNECTED
[   10.307879] android_work: android_work: did not send uevent (0 0 00000000)
[   10.409490] android_work: android_work: sent uevent USB_STATE=CONNECTED
[   10.558036] android_work: android_work: sent uevent USB_STATE=DISCONNECTED
[   10.675495] android_work: android_work: did not send uevent (0 0 00000000)
[   10.723326] gpio_set_map_table: Detected FX30S
[   10.723348] gpio_sync_ri: RI owner is Modem
[   10.723360] gpio_map_name_to_num: find GPIO 38
[   10.723369] export_store: Export GPIO: 38
[   10.723394] gpio_set_map_table: Detected FX30S
[   10.723403] gpio_sync_ri: RI owner is Modem
[   10.723416] gpiod_export: sierra--find GPIO,chipdev = -828222960,chipngpio = 80,chipbase = 0
[   10.724065] gpio_set_map_table: Detected FX30S
[   10.724080] gpio_sync_ri: RI owner is Modem
[   10.724091] gpio_map_name_to_num: find GPIO 16
[   10.724100] export_store: Export GPIO: 16
[   10.724119] gpio_set_map_table: Detected FX30S
[   10.724128] gpio_sync_ri: RI owner is Modem
[   10.724140] gpiod_export: sierra--find GPIO,chipdev = -828222960,chipngpio = 80,chipbase = 0
[   10.724630] gpio_set_map_table: Detected FX30S
[   10.724642] gpio_sync_ri: RI owner is Modem
[   10.724655] gpio_map_name_to_num: find GPIO 8
[   10.724664] export_store: Export GPIO: 8
[   10.724682] gpio_set_map_table: Detected FX30S
[   10.724691] gpio_sync_ri: RI owner is Modem
[   10.724703] gpiod_export: sierra--find GPIO,chipdev = -828222960,chipngpio = 80,chipbase = 0
[   10.725231] gpio_set_map_table: Detected FX30S
[   10.725243] gpio_sync_ri: RI owner is Modem
[   10.725254] gpio_map_name_to_num: find GPIO 9
[   10.725263] export_store: Export GPIO: 9
[   10.725280] gpio_set_map_table: Detected FX30S
[   10.725290] gpio_sync_ri: RI owner is Modem
[   10.725301] gpiod_export: sierra--find GPIO,chipdev = -828222960,chipngpio = 80,chipbase = 0
[   10.725780] gpio_set_map_table: Detected FX30S
[   10.725793] gpio_sync_ri: RI owner is Modem
[   10.725804] gpio_map_name_to_num: find GPIO 11
[   10.725813] export_store: Export GPIO: 11
[   10.725830] gpio_set_map_table: Detected FX30S
[   10.725839] gpio_sync_ri: RI owner is Modem
[   10.725850] gpiod_export: sierra--find GPIO,chipdev = -828222960,chipngpio = 80,chipbase = 0
[   10.726320] gpio_set_map_table: Detected FX30S
[   10.726332] gpio_sync_ri: RI owner is Modem
[   10.726344] gpio_map_name_to_num: find GPIO 51
[   10.726353] export_store: Export GPIO: 51
[   10.726370] gpio_set_map_table: Detected FX30S
[   10.726380] gpio_sync_ri: RI owner is Modem
[   10.726391] gpiod_export: sierra--find GPIO,chipdev = -828222960,chipngpio = 80,chipbase = 0
[   10.726848] gpio_set_map_table: Detected FX30S
[   10.726861] gpio_sync_ri: RI owner is Modem
[   10.726873] gpio_map_name_to_num: find GPIO 200
[   10.726883] export_store: Export GPIO: 200
[   10.726895] gpio_set_map_table: Detected FX30S
[   10.726904] gpio_sync_ri: RI owner is Modem
[   10.726915] gpiod_export: sierra--find GPIO,chipdev = -827061232,chipngpio = 5,chipbase = 200
[   10.727454] gpio_set_map_table: Detected FX30S
[   10.727469] gpio_sync_ri: RI owner is Modem
[   10.727481] gpio_map_name_to_num: find GPIO 202
[   10.727491] export_store: Export GPIO: 202
[   10.727502] gpio_set_map_table: Detected FX30S
[   10.727511] gpio_sync_ri: RI owner is Modem
[   10.727522] gpiod_export: sierra--find GPIO,chipdev = -827061232,chipngpio = 5,chipbase = 200
[   10.728066] gpio_set_map_table: Detected FX30S
[   10.728079] gpio_sync_ri: RI owner is Modem
[   10.728091] gpio_map_name_to_num: find GPIO 77
[   10.728100] export_store: Export GPIO: 77
[   10.728121] gpio_set_map_table: Detected FX30S
[   10.728129] gpio_sync_ri: RI owner is Modem
[   10.728141] gpiod_export: sierra--find GPIO,chipdev = -828222960,chipngpio = 80,chipbase = 0
[   10.728515] gpio_set_map_table: Detected FX30S
[   10.728529] gpio_sync_ri: RI owner is Modem
[   10.728542] gpio_map_name_to_num: find GPIO 988
[   10.728551] export_store: Export GPIO: 988
[   10.728562] gpio_set_map_table: Detected FX30S
[   10.728571] gpio_sync_ri: RI owner is Modem
[   10.728582] gpiod_export: sierra--find GPIO,chipdev = -827017184,chipngpio = 24,chipbase = 988
[   10.767147] android_work: android_work: sent uevent USB_STATE=CONNECTED
[   10.782667] gpio_set_map_table: Detected FX30S
[   10.782691] gpio_sync_ri: RI owner is Modem
[   10.782710] gpio_map_name_to_num: find GPIO 989
[   10.782719] export_store: Export GPIO: 989
[   10.782733] gpio_set_map_table: Detected FX30S
[   10.782741] gpio_sync_ri: RI owner is Modem
[   10.782754] gpiod_export: sierra--find GPIO,chipdev = -827017184,chipngpio = 24,chipbase = 988
[   10.792390] gpio_set_map_table: Detected FX30S
[   10.792415] gpio_sync_ri: RI owner is Modem
[   10.792435] gpio_map_name_to_num: find GPIO 990
[   10.792445] export_store: Export GPIO: 990
[   10.792458] gpio_set_map_table: Detected FX30S
[   10.792467] gpio_sync_ri: RI owner is Modem
[   10.792479] gpiod_export: sierra--find GPIO,chipdev = -827017184,chipngpio = 24,chipbase = 988
[   10.802685] gpio_set_map_table: Detected FX30S
[   10.802711] gpio_sync_ri: RI owner is Modem
[   10.802730] gpio_map_name_to_num: find GPIO 991
[   10.802740] export_store: Export GPIO: 991
[   10.802753] gpio_set_map_table: Detected FX30S
[   10.802763] gpio_sync_ri: RI owner is Modem
[   10.802775] gpiod_export: sierra--find GPIO,chipdev = -827017184,chipngpio = 24,chipbase = 988
[   10.814491] gpio_set_map_table: Detected FX30S
[   10.814517] gpio_sync_ri: RI owner is Modem
[   10.814536] gpio_map_name_to_num: find GPIO 992
[   10.814546] export_store: Export GPIO: 992
[   10.814559] gpio_set_map_table: Detected FX30S
[   10.814568] gpio_sync_ri: RI owner is Modem
[   10.814581] gpiod_export: sierra--find GPIO,chipdev = -827017184,chipngpio = 24,chipbase = 988
[   10.826896] gpio_set_map_table: Detected FX30S
[   10.826916] gpio_sync_ri: RI owner is Modem
[   10.826936] gpio_map_name_to_num: find GPIO 993
[   10.826945] export_store: Export GPIO: 993
[   10.826959] gpio_set_map_table: Detected FX30S
[   10.826968] gpio_sync_ri: RI owner is Modem
[   10.826980] gpiod_export: sierra--find GPIO,chipdev = -827017184,chipngpio = 24,chipbase = 988
[   10.832498] gpio_set_map_table: Detected FX30S
[   10.832522] gpio_sync_ri: RI owner is Modem
[   10.832542] gpio_map_name_to_num: find GPIO 994
[   10.832552] export_store: Export GPIO: 994
[   10.832565] gpio_set_map_table: Detected FX30S
[   10.832574] gpio_sync_ri: RI owner is Modem
[   10.832586] gpiod_export: sierra--find GPIO,chipdev = -827017184,chipngpio = 24,chipbase = 988
[   10.839798] gpio_set_map_table: Detected FX30S
[   10.839823] gpio_sync_ri: RI owner is Modem
[   10.839843] gpio_map_name_to_num: find GPIO 995
[   10.839852] export_store: Export GPIO: 995
[   10.839865] gpio_set_map_table: Detected FX30S
[   10.839874] gpio_sync_ri: RI owner is Modem
[   10.839887] gpiod_export: sierra--find GPIO,chipdev = -827017184,chipngpio = 24,chipbase = 988
[   10.847549] gpio_set_map_table: Detected FX30S
[   10.847573] gpio_sync_ri: RI owner is Modem
[   10.847594] gpio_map_name_to_num: find GPIO 997
[   10.847603] export_store: Export GPIO: 997
[   10.847617] gpio_set_map_table: Detected FX30S
[   10.847626] gpio_sync_ri: RI owner is Modem
[   10.847639] gpiod_export: sierra--find GPIO,chipdev = -827017184,chipngpio = 24,chipbase = 988
[   10.856411] gpio_set_map_table: Detected FX30S
[   10.856434] gpio_sync_ri: RI owner is Modem
[   10.856456] gpio_map_name_to_num: find GPIO 1002
[   10.856466] export_store: Export GPIO: 1002
[   10.856480] gpio_set_map_table: Detected FX30S
[   10.856488] gpio_sync_ri: RI owner is Modem
[   10.856501] gpiod_export: sierra--find GPIO,chipdev = -827017184,chipngpio = 24,chipbase = 988
[   10.897608] gpio_set_map_table: Detected FX30S
[   10.897630] gpio_sync_ri: RI owner is Modem
[   10.897695] gpio_map_name_to_num: find GPIO 1003
[   10.897705] export_store: Export GPIO: 1003
[   10.897720] gpio_set_map_table: Detected FX30S
[   10.897729] gpio_sync_ri: RI owner is Modem
[   10.897742] gpiod_export: sierra--find GPIO,chipdev = -827017184,chipngpio = 24,chipbase = 988
[   10.911779] gpio_set_map_table: Detected FX30S
[   10.911800] gpio_sync_ri: RI owner is Modem
[   10.911821] gpio_map_name_to_num: find GPIO 1004
[   10.911831] export_store: Export GPIO: 1004
[   10.911844] gpio-1004 (gpio_FORCEOFF_RS232_N): gpiod_request: status -16
[   10.911853] export_store: Status -16
[   10.912245] gpio_set_map_table: Detected FX30S
[   10.912260] gpio_sync_ri: RI owner is Modem
[   10.912275] gpio_map_name_to_num: find GPIO 1006
[   10.912284] export_store: Export GPIO: 1006
[   10.912297] gpio_set_map_table: Detected FX30S
[   10.912305] gpio_sync_ri: RI owner is Modem
[   10.912318] gpiod_export: sierra--find GPIO,chipdev = -827017184,chipngpio = 24,chipbase = 988
[   10.919272] android_usb gadget: high-speed config #1: 86000c8.android_usb
[   10.919303] diag: USB channel diag connected
[   10.919421] msm_otg 78d9000.usb: Avail curr from USB = 500
[   10.919565] gbam_connect_work: gbam_connect_work: Bam channel is not ready
[   10.935442] qti_ctrl_queue_notify: qti_ctrl_queue_notify: rmnet ctrl file handler cd6e03c0 is not open
[   10.949838] gpio_set_map_table: Detected FX30S
[   10.949858] gpio_sync_ri: RI owner is Modem
[   10.949880] gpio_map_name_to_num: find GPIO 1007
[   10.949890] export_store: Export GPIO: 1007
[   10.949903] gpio_set_map_table: Detected FX30S
[   10.949912] gpio_sync_ri: RI owner is Modem
[   10.949925] gpiod_export: sierra--find GPIO,chipdev = -827017184,chipngpio = 24,chipbase = 988
[   10.964715] gpio_set_map_table: Detected FX30S
[   10.964737] gpio_sync_ri: RI owner is Modem
[   10.964759] gpio_map_name_to_num: find GPIO 1008
[   10.964768] export_store: Export GPIO: 1008
[   10.964782] gpio-1008 (gpio_RS485_TERM_N): gpiod_request: status -16
[   10.964791] export_store: Status -16
[   10.965045] gpio_set_map_table: Detected FX30S
[   10.965059] gpio_sync_ri: RI owner is Modem
[   10.965072] gpio_map_name_to_num: find GPIO 996
[   10.965082] export_store: Export GPIO: 996
[   10.965094] gpio_set_map_table: Detected FX30S
[   10.965102] gpio_sync_ri: RI owner is Modem
[   10.965115] gpiod_export: sierra--find GPIO,chipdev = -827017184,chipngpio = 24,chipbase = 988
[   10.976494] gpio_set_map_table: Detected FX30S
[   10.976515] gpio_sync_ri: RI owner is Modem
[   10.976535] gpio_map_name_to_num: find GPIO 998
[   10.976544] export_store: Export GPIO: 998
[   10.976557] gpio_set_map_table: Detected FX30S
[   10.976566] gpio_sync_ri: RI owner is Modem
[   10.976579] gpiod_export: sierra--find GPIO,chipdev = -827017184,chipngpio = 24,chipbase = 988
[   10.990626] gpio_set_map_table: Detected FX30S
[   10.990691] gpio_sync_ri: RI owner is Modem
[   10.990712] gpio_map_name_to_num: find GPIO 999
[   10.990722] export_store: Export GPIO: 999
[   10.990735] gpio_set_map_table: Detected FX30S
[   10.990745] gpio_sync_ri: RI owner is Modem
[   10.990757] gpiod_export: sierra--find GPIO,chipdev = -827017184,chipngpio = 24,chipbase = 988
[   11.010578] gpio_set_map_table: Detected FX30S
[   11.010601] gpio_sync_ri: RI owner is Modem
[   11.010622] gpio_map_name_to_num: find GPIO 1001
[   11.010631] export_store: Export GPIO: 1001
[   11.010645] gpio_set_map_table: Detected FX30S
[   11.010654] gpio_sync_ri: RI owner is Modem
[   11.010667] gpiod_export: sierra--find GPIO,chipdev = -827017184,chipngpio = 24,chipbase = 988
[   11.029371] gpio_set_map_table: Detected FX30S
[   11.029395] gpio_sync_ri: RI owner is Modem
[   11.029417] gpio_map_name_to_num: find GPIO 1005
[   11.029426] export_store: Export GPIO: 1005
[   11.029440] gpio_set_map_table: Detected FX30S
[   11.029448] gpio_sync_ri: RI owner is Modem
[   11.029462] gpiod_export: sierra--find GPIO,chipdev = -827017184,chipngpio = 24,chipbase = 988
[   11.054987] gpio_set_map_table: Detected FX30S
[   11.055005] gpio_sync_ri: RI owner is Modem
[   11.055021] gpio_map_name_to_num: find GPIO 46
[   11.055031] export_store: Export GPIO: 46
[   11.055053] gpio_set_map_table: Detected FX30S
[   11.055062] gpio_sync_ri: RI owner is Modem
[   11.055074] gpiod_export: sierra--find GPIO,chipdev = -828222960,chipngpio = 80,chipbase = 0
[   11.100233] android_work: android_work: sent uevent USB_STATE=CONFIGURED
[   14.077367] i2c-msm-v2 78b8000.i2c: NACK: slave not responding, ensure its powered: msgs(n:1 cur:0 tx) bc(rx:0 tx:2) mode:FIFO slv_addr:0x3a MSTR_STS:0x081383c8 OPER:0x00000090
[   16.743445] pil-q6v5-mss 4080000.qcom,mss: modem: Brought out of reset
[   16.802246] pil-q6v5-mss 4080000.qcom,mss: Subsystem error monitoring/handling services are up
[   16.802316] pil-q6v5-mss 4080000.qcom,mss: modem: Power/Clock ready interrupt received
[   16.802718] M-Notify: General: 7
[   16.817725] msm-pcm-routing soc:qcom,msm-pcm-routing: ASoC: no dapm match for MM_DL5 --> MultiMedia5 --> TERT_MI2S_RX Audio Mixer
[   16.817753] msm-pcm-routing soc:qcom,msm-pcm-routing: ASoC: Failed to add route MM_DL5 -> MultiMedia5 -> TERT_MI2S_RX Audio Mixer
[   16.817819] msm-pcm-routing soc:qcom,msm-pcm-routing: ASoC: no dapm match for MM_DL8 --> MultiMedia8 --> TERT_MI2S_RX Audio Mixer
[   16.817832] msm-pcm-routing soc:qcom,msm-pcm-routing: ASoC: Failed to add route MM_DL8 -> MultiMedia8 -> TERT_MI2S_RX Audio Mixer
[   16.818362] msm-pcm-routing soc:qcom,msm-pcm-routing: ASoC: no dapm match for INT_FM_TX --> INTERNAL_FM_TX --> SEC_MI2S_RX Port Mixer
[   16.818376] msm-pcm-routing soc:qcom,msm-pcm-routing: ASoC: Failed to add route INT_FM_TX -> INTERNAL_FM_TX -> SEC_MI2S_RX Port Mixer
[   16.878965] msm-pcm-routing soc:qcom,msm-pcm-routing: ASoC: no sink widget found for MM_UL28
[   16.878991] msm-pcm-routing soc:qcom,msm-pcm-routing: ASoC: Failed to add route MultiMedia28 Mixer -> direct -> MM_UL28
[   16.879043] msm-pcm-routing soc:qcom,msm-pcm-routing: ASoC: no sink widget found for MM_UL29
[   16.879055] msm-pcm-routing soc:qcom,msm-pcm-routing: ASoC: Failed to add route MultiMedia29 Mixer -> direct -> MM_UL29
[   16.910694] msm-pcm-routing soc:qcom,msm-pcm-routing: ASoC: no dapm match for VOICEMMODE1_DL --> VoiceMMode1 --> SEC_MI2S_RX_Voice Mixer
[   16.910719] msm-pcm-routing soc:qcom,msm-pcm-routing: ASoC: Failed to add route VOICEMMODE1_DL -> VoiceMMode1 -> SEC_MI2S_RX_Voice Mixer
[   16.910758] msm-pcm-routing soc:qcom,msm-pcm-routing: ASoC: no dapm match for VOICEMMODE2_DL --> VoiceMMode2 --> SEC_MI2S_RX_Voice Mixer
[   16.910772] msm-pcm-routing soc:qcom,msm-pcm-routing: ASoC: Failed to add route VOICEMMODE2_DL -> VoiceMMode2 -> SEC_MI2S_RX_Voice Mixer
[   16.913920] msm-pcm-routing soc:qcom,msm-pcm-routing: ASoC: no sink widget found for AUDIO_REF_EC_UL28 MUX
[   16.913935] msm-pcm-routing soc:qcom,msm-pcm-routing: ASoC: Failed to add route PRI_MI2S_TX -> PRI_MI2S_TX -> AUDIO_REF_EC_UL28 MUX
[   16.913984] msm-pcm-routing soc:qcom,msm-pcm-routing: ASoC: no sink widget found for AUDIO_REF_EC_UL28 MUX
[   16.913997] msm-pcm-routing soc:qcom,msm-pcm-routing: ASoC: Failed to add route SEC_MI2S_TX -> SEC_MI2S_TX -> AUDIO_REF_EC_UL28 MUX
[   16.914039] msm-pcm-routing soc:qcom,msm-pcm-routing: ASoC: no sink widget found for AUDIO_REF_EC_UL28 MUX
[   16.914052] msm-pcm-routing soc:qcom,msm-pcm-routing: ASoC: Failed to add route TERT_MI2S_TX -> TERT_MI2S_TX -> AUDIO_REF_EC_UL28 MUX
[   16.914093] msm-pcm-routing soc:qcom,msm-pcm-routing: ASoC: no sink widget found for AUDIO_REF_EC_UL28 MUX
[   16.914106] msm-pcm-routing soc:qcom,msm-pcm-routing: ASoC: Failed to add route QUAT_MI2S_TX -> QUAT_MI2S_TX -> AUDIO_REF_EC_UL28 MUX
[   16.914146] msm-pcm-routing soc:qcom,msm-pcm-routing: ASoC: no sink widget found for AUDIO_REF_EC_UL29 MUX
[   16.914158] msm-pcm-routing soc:qcom,msm-pcm-routing: ASoC: Failed to add route PRI_MI2S_TX -> PRI_MI2S_TX -> AUDIO_REF_EC_UL29 MUX
[   16.914198] msm-pcm-routing soc:qcom,msm-pcm-routing: ASoC: no sink widget found for AUDIO_REF_EC_UL29 MUX
[   16.914211] msm-pcm-routing soc:qcom,msm-pcm-routing: ASoC: Failed to add route SEC_MI2S_TX -> SEC_MI2S_TX -> AUDIO_REF_EC_UL29 MUX
[   16.914249] msm-pcm-routing soc:qcom,msm-pcm-routing: ASoC: no sink widget found for AUDIO_REF_EC_UL29 MUX
[   16.914261] msm-pcm-routing soc:qcom,msm-pcm-routing: ASoC: Failed to add route TERT_MI2S_TX -> TERT_MI2S_TX -> AUDIO_REF_EC_UL29 MUX
[   16.914300] msm-pcm-routing soc:qcom,msm-pcm-routing: ASoC: no sink widget found for AUDIO_REF_EC_UL29 MUX
[   16.914312] msm-pcm-routing soc:qcom,msm-pcm-routing: ASoC: Failed to add route QUAT_MI2S_TX -> QUAT_MI2S_TX -> AUDIO_REF_EC_UL29 MUX
[   16.914390] msm-pcm-routing soc:qcom,msm-pcm-routing: ASoC: no source widget found for AUDIO_REF_EC_UL3 MUX
[   16.914402] msm-pcm-routing soc:qcom,msm-pcm-routing: ASoC: Failed to add route AUDIO_REF_EC_UL3 MUX -> direct -> MM_UL3
[   16.914574] msm-pcm-routing soc:qcom,msm-pcm-routing: ASoC: no source widget found for AUDIO_REF_EC_UL28 MUX
[   16.914587] msm-pcm-routing soc:qcom,msm-pcm-routing: ASoC: Failed to add route AUDIO_REF_EC_UL28 MUX -> direct -> MM_UL28
[   16.914629] msm-pcm-routing soc:qcom,msm-pcm-routing: ASoC: no source widget found for AUDIO_REF_EC_UL29 MUX
[   16.914642] msm-pcm-routing soc:qcom,msm-pcm-routing: ASoC: Failed to add route AUDIO_REF_EC_UL29 MUX -> direct -> MM_UL29
[   16.962387] apr_tal:Modem Is Up
[   16.962871] diag: In diag_send_feature_mask_update, control channel is not open, p: 0, c0ff0004
[   16.967438] msm-pcm-routing soc:qcom,msm-pcm-routing: ASoC: no dapm match for SEC_MI2S_TX --> SEC_MI2S_TX --> SLIMBUS_0_RX Port Mixer
[   16.967459] msm-pcm-routing soc:qcom,msm-pcm-routing: ASoC: Failed to add route SEC_MI2S_TX -> SEC_MI2S_TX -> SLIMBUS_0_RX Port Mixer
[   16.968242] msm-pcm-routing soc:qcom,msm-pcm-routing: ASoC: no dapm match for VOICE2_STUB_DL --> Voice2 Stub --> INTERNAL_BT_SCO_RX_Voice Mixer
[   16.968256] msm-pcm-routing soc:qcom,msm-pcm-routing: ASoC: Failed to add route VOICE2_STUB_DL -> Voice2 Stub -> INTERNAL_BT_SCO_RX_Voice Mixer
[   16.969917] msm-pcm-routing soc:qcom,msm-pcm-routing: ASoC: no sink widget found for SENARY_MI2S_TX
[   16.969931] msm-pcm-routing soc:qcom,msm-pcm-routing: ASoC: Failed to add route BE_IN -> direct -> SENARY_MI2S_TX
[   20.335732] msm-pcm-routing soc:qcom,msm-pcm-routing: ASoC: Failed to create SEC_MI2S_RX Port Mixer debugfs file
[   20.603317] msm-pcm-routing soc:qcom,msm-pcm-routing: ASoC: mux SLIM_0_RX AANC MUX has no paths
[   20.667864] msm-dai-stub-dev soc:qcom,msm-dai-stub:qcom,msm-dai-stub-dtmf-tx: ASoC: no sink widget found for STUB_DTMF_TX
[   20.667892] msm-dai-stub-dev soc:qcom,msm-dai-stub:qcom,msm-dai-stub-dtmf-tx: ASoC: Failed to add route DTMF TX -> direct -> STUB_DTMF_TX
[   20.667955] msm-dai-stub-dev soc:qcom,msm-dai-stub:qcom,msm-dai-stub-host-rx-capture-tx: ASoC: no sink widget found for STUB_HOST_RX_CAPTURE_TX
[   20.667970] msm-dai-stub-dev soc:qcom,msm-dai-stub:qcom,msm-dai-stub-host-rx-capture-tx: ASoC: Failed to add route CS-VOICE HOST RX CAPTURE -> direct -> STUB_HOST_RX_CAPTURE_TX
[   20.668027] msm-dai-stub-dev soc:qcom,msm-dai-stub:qcom,msm-dai-stub-host-rx-playback-rx: ASoC: no source widget found for STUB_HOST_RX_PLAYBACK_RX
[   20.668042] msm-dai-stub-dev soc:qcom,msm-dai-stub:qcom,msm-dai-stub-host-rx-playback-rx: ASoC: Failed to add route STUB_HOST_RX_PLAYBACK_RX -> direct -> CS-VOICE HOST RX PLAYBACK
[   20.668092] msm-dai-stub-dev soc:qcom,msm-dai-stub:qcom,msm-dai-stub-host-tx-capture-tx: ASoC: no sink widget found for STUB_HOST_TX_CAPTURE_TX
[   20.668107] msm-dai-stub-dev soc:qcom,msm-dai-stub:qcom,msm-dai-stub-host-tx-capture-tx: ASoC: Failed to add route CS-VOICE HOST TX CAPTURE -> direct -> STUB_HOST_TX_CAPTURE_TX
[   20.668156] msm-dai-stub-dev soc:qcom,msm-dai-stub:qcom,msm-dai-stub-host-tx-playback-rx: ASoC: no source widget found for STUB_HOST_TX_PLAYBACK_RX
[   20.668172] msm-dai-stub-dev soc:qcom,msm-dai-stub:qcom,msm-dai-stub-host-tx-playback-rx: ASoC: Failed to add route STUB_HOST_TX_PLAYBACK_RX -> direct -> CS-VOICE HOST TX PLAYBACK
[   20.728784] mdm9607-asoc-snd soc:sound-wm8944: ASoC: no source widget found for SPKOUTP
[   20.728808] mdm9607-asoc-snd soc:sound-wm8944: ASoC: Failed to add route SPKOUTP -> direct -> Lineout_1 amp
[   20.728879] mdm9607-asoc-snd soc:sound-wm8944: ASoC: no source widget found for SPKOUTN
[   20.728892] mdm9607-asoc-snd soc:sound-wm8944: ASoC: Failed to add route SPKOUTN -> direct -> Lineout_3 amp
[   20.728944] mdm9607-asoc-snd soc:sound-wm8944: ASoC: no source widget found for Mic Bias
[   20.728957] mdm9607-asoc-snd soc:sound-wm8944: ASoC: Failed to add route Mic Bias -> direct -> IN1
[   20.729004] mdm9607-asoc-snd soc:sound-wm8944: ASoC: no source widget found for Headset Mic
[   20.729016] mdm9607-asoc-snd soc:sound-wm8944: ASoC: Failed to add route Headset Mic -> direct -> Mic Bias
[   20.729061] mdm9607-asoc-snd soc:sound-wm8944: ASoC: no source widget found for MCLK
[   20.729073] mdm9607-asoc-snd soc:sound-wm8944: ASoC: Failed to add route MCLK -> direct -> Mic Bias
[   22.402676] Starting psmd: done
[   22.467217] PSM: Found config file ARGV /data/psm
[   22.467291] PSM: PSMD Start
[   22.491551] PSM: server_config_path /data/psm/server_config
[   22.498435] PSM: Path for PSM configuration: /data/psm
[   22.499153] PSM: modem_flag_path /data/psm/modem_flag
[   22.499377] PSM: backup_nv_path /data/psm/psm_nv_backup.txt
[   22.503681] PSM: Load modem flag: 1
[   22.503789] PSM: Modem Loaded
[   22.724499] PSM: DMS Ind register  - result: 0, error: 0
[   22.731140] PSM: Oprt mode event report req qmi response - result: 0, error: 0
[   22.736971] PSM: result - 0 error - 0
[   22.737038] PSM: Modem oprt mode - 0
[   22.742530] PSM: backup_nv_path /data/psm/psm_nv_backup.txt
[   22.765875] PSM: Supported: 0
[   22.765951] PSM: Log and QMI Init completed
[   22.765992] PSM: Supported: 0
[   22.766215] PSM: Core server init completed
[   22.766599] PSM: Client and event thread created
[   23.373386] sps:BAM 0x04044000 is registered.
[   23.373668] sps:BAM 0x04044000 (va:0xd1820000) enabled: ver:0x27, number of pipes:6
[   24.395222] Starting QCMAP_ConnectionManager: QCMAP:start
[   24.421434] adm_callback: cmd = 0x10322 returned error = 0x16
[   24.421452] adm_callback: ADM map error, resuming
[   24.421528] adm_memory_map_regions: DSP returned error[ADSP_ERR_MAX]
[   24.421540] adm_map_cal_data: map did not work! cal_type 0 ret -68
[   24.421550] map_memory: map_cal failed, cal type 10, ret = -19!
[   24.421560] adm_alloc_cal: cal_utils_alloc_block failed, ret = -19, cal type = 10!
[   24.421569] call_allocs: alloc failed!
[   24.447297] done
[   24.569733] Starting qti: QTI:start
[   24.652026] done
[   24.784693] QCMAP:Start Main
[   24.853145] USB QCMAP NL IOCTL Snd GETNEIGH Succ
[   24.982167] QCMAP:Start DHCP server
[   24.989216] QCMAP:DHCP server started
[   25.385939] QCMAP:Init Complete
[   25.400240] gpio_check_and_wake: wake-n_gpio26 STATE=WAKEUP
[   25.405580] swimcu_calibrate_event_handle: MCU calibrate completed with remaining time 0
[   25.405607] swimcu_lpo_calibrate_calc: MCU time=25000 vs MDM time=24990 
[   25.405625] gpio_check_and_wake: wake-n_gpio26 STATE=SLEEP
[   34.768143] USB QCMAP NL IOCTL Snd GETNEIGH Succ
[   34.832319] USB QCMAP NL IOCTL Snd GETNEIGH Succ
[  121.051028] usb 1-1.1: new full-speed USB device number 3 using msm_hsic_host
[  121.121078] sierra_startup_monitor
[  121.178517] usb 1-1.1: New USB device found, idVendor=0403, idProduct=6015
[  121.178538] usb 1-1.1: New USB device strings: Mfr=1, Product=2, SerialNumber=3
[  121.178550] usb 1-1.1: Product: ADI CHF Platform
[  121.178561] usb 1-1.1: Manufacturer: Analog Devices
[  121.178572] usb 1-1.1: SerialNumber: AD3HN4SP
[  121.183027] ftdi_sio 1-1.1:1.0: FTDI USB Serial Device converter detected
[  121.183218] usb 1-1.1: Detected FT-X
[  121.184477] usb 1-1.1: FTDI USB Serial Device converter now attached to ttyUSB0
[  121.254563] Setting CS8
[  121.256544] ftdi_set_termios Turning off hardware flow control
[  121.258614] ###############################ftdi_process_packet() : CTS!!!!
[  121.259658] ftdi_set_termios Setting to CRTSCTS flow control
[  121.263756] ###############################usb_serial_generic_write()-buf: 0xaa
[  121.263775] ###############################usb_serial_generic_write()-buf: 0x00
[  121.263783] ###############################usb_serial_generic_write()-buf: 0x01
[  121.263791] ###############################usb_serial_generic_write()-buf: 0x01
[  121.263800] ###############################usb_serial_generic_write()-buf: 0x00
[  121.263808] ###############################usb_serial_generic_write()-buf: 0x00
[  121.263816] ###############################usb_serial_generic_write()-buf: 0xac
[  121.263824] ###############################usb_serial_generic_write()-buf: 0x00
[  121.265164] ###############################ftdi_process_packet(0) : 0xaa!!!!
[  121.265180] ###############################ftdi_process_packet(1) : 0x01!!!!
[  121.266150] ###############################ftdi_process_packet(0) : 0x00!!!!
[  121.266161] ###############################ftdi_process_packet(1) : 0x81!!!!
[  121.266170] ###############################ftdi_process_packet(2) : 0x01!!!!
[  121.266179] ###############################ftdi_process_packet(3) : 0x00!!!!
[  121.266187] ###############################ftdi_process_packet(4) : 0x2d!!!!
[  121.266196] ###############################ftdi_process_packet(5) : 0x01!!!!
[  121.266204] ###############################ftdi_process_packet(6) : 0x01!!!!
[  217.382468] ftdi_sio ttyUSB0: usb_serial_generic_read_bulk_callback - urb stopped: -32
[  217.382552] ftdi_sio ttyUSB0: usb_serial_generic_read_bulk_callback - urb stopped: -32
[  217.579206] usb 1-1.1: USB disconnect, device number 3
[  217.580830] ftdi_sio ttyUSB0: error from flowcontrol urb
[  217.581846] ftdi_sio ttyUSB0: FTDI USB Serial Device converter now disconnected from ttyUSB0
[  217.581919] ftdi_sio 1-1.1:1.0: device disconnected
[  219.861047] usb 1-1.1: new full-speed USB device number 4 using msm_hsic_host
[  219.989068] usb 1-1.1: New USB device found, idVendor=0403, idProduct=6015
[  219.989089] usb 1-1.1: New USB device strings: Mfr=1, Product=2, SerialNumber=3
[  219.989101] usb 1-1.1: Product: ADI CHF Platform
[  219.989112] usb 1-1.1: Manufacturer: Analog Devices
[  219.989124] usb 1-1.1: SerialNumber: AD3HN4SP
[  219.993208] ftdi_sio 1-1.1:1.0: FTDI USB Serial Device converter detected
[  219.993387] usb 1-1.1: Detected FT-X
[  219.994111] usb 1-1.1: FTDI USB Serial Device converter now attached to ttyUSB0
[  220.046793] Setting CS8
[  220.048280] ftdi_set_termios Setting to CRTSCTS flow control
[  220.049024] ###############################ftdi_process_packet() : CTS!!!!
[  220.049523] ftdi_set_termios Setting to CRTSCTS flow control
[  220.053622] ###############################usb_serial_generic_write()-buf: 0xaa
[  220.053641] ###############################usb_serial_generic_write()-buf: 0x00
[  220.053649] ###############################usb_serial_generic_write()-buf: 0x01
[  220.053657] ###############################usb_serial_generic_write()-buf: 0x01
[  220.053665] ###############################usb_serial_generic_write()-buf: 0x00
[  220.053673] ###############################usb_serial_generic_write()-buf: 0x00
[  220.053681] ###############################usb_serial_generic_write()-buf: 0xac
[  220.053689] ###############################usb_serial_generic_write()-buf: 0x00
[  220.055282] ###############################ftdi_process_packet(0) : 0xaa!!!!
[  220.055298] ###############################ftdi_process_packet(1) : 0x01!!!!
[  220.055307] ###############################ftdi_process_packet(2) : 0x00!!!!
[  220.055315] ###############################ftdi_process_packet(3) : 0x81!!!!
[  220.056277] ###############################ftdi_process_packet(0) : 0x01!!!!
[  220.056287] ###############################ftdi_process_packet(1) : 0x00!!!!
[  220.056295] ###############################ftdi_process_packet(2) : 0x2d!!!!
[  220.056304] ###############################ftdi_process_packet(3) : 0x01!!!!
[  220.056312] ###############################ftdi_process_packet(4) : 0x01!!!!
[  231.071733] ###############################usb_serial_generic_wait_until_sent() : baudrate 115200
[  231.071960] ftdi_get_modem_status - 0x1160
[  231.087148] Setting CS8
[  231.087835] ftdi_set_termios Setting to CRTSCTS flow control
[  231.089260] ftdi_set_termios Setting to CRTSCTS flow control
[  231.092615] ###############################usb_serial_generic_write()-buf: 0xaa
[  231.092689] ###############################usb_serial_generic_write()-buf: 0x00
[  231.092698] ###############################usb_serial_generic_write()-buf: 0x01
[  231.092706] ###############################usb_serial_generic_write()-buf: 0x01
[  231.092714] ###############################usb_serial_generic_write()-buf: 0x00
[  231.092722] ###############################usb_serial_generic_write()-buf: 0x00
[  231.092730] ###############################usb_serial_generic_write()-buf: 0xac
[  231.092738] ###############################usb_serial_generic_write()-buf: 0x00
[  231.094655] ###############################ftdi_process_packet(0) : 0xaa!!!!
[  231.094670] ###############################ftdi_process_packet(1) : 0x01!!!!
[  231.094679] ###############################ftdi_process_packet(2) : 0x00!!!!
[  231.094687] ###############################ftdi_process_packet(3) : 0x83!!!!
[  231.094696] ###############################ftdi_process_packet(4) : 0x05!!!!
[  231.094704] ###############################ftdi_process_packet(5) : 0x00!!!!
[  231.094713] ###############################ftdi_process_packet(6) : 0x33!!!!
[  231.094721] ###############################ftdi_process_packet(7) : 0x1c!!!!
[  231.096969] ###############################ftdi_process_packet(0) : 0x01!!!!
[  231.096986] ###############################ftdi_process_packet(1) : 0x1b!!!!
[  231.096995] ###############################ftdi_process_packet(2) : 0x00!!!!
[  231.097004] ###############################ftdi_process_packet(3) : 0x00!!!!
[  231.097013] ###############################ftdi_process_packet(4) : 0x00!!!!
[  242.101656] ###############################usb_serial_generic_wait_until_sent() : baudrate 115200
[  242.101986] ftdi_get_modem_status - 0x1160
[  242.112729] Setting CS8
[  242.113181] ftdi_set_termios Setting to CRTSCTS flow control
[  242.113924] ftdi_set_termios Setting to CRTSCTS flow control
[  242.116821] ###############################usb_serial_generic_write()-buf: 0xaa
[  242.116840] ###############################usb_serial_generic_write()-buf: 0x00
[  242.116848] ###############################usb_serial_generic_write()-buf: 0x01
[  242.116856] ###############################usb_serial_generic_write()-buf: 0x01
[  242.116864] ###############################usb_serial_generic_write()-buf: 0x00
[  242.116872] ###############################usb_serial_generic_write()-buf: 0x00
[  242.116881] ###############################usb_serial_generic_write()-buf: 0xac
[  242.116889] ###############################usb_serial_generic_write()-buf: 0x00
[  242.118043] ###############################ftdi_process_packet(0) : 0xaa!!!!
[  242.119154] ###############################ftdi_process_packet(0) : 0x01!!!!
[  242.119165] ###############################ftdi_process_packet(1) : 0x00!!!!
[  242.119174] ###############################ftdi_process_packet(2) : 0x83!!!!
[  242.119182] ###############################ftdi_process_packet(3) : 0x05!!!!
[  242.119190] ###############################ftdi_process_packet(4) : 0x00!!!!
[  242.119199] ###############################ftdi_process_packet(5) : 0x33!!!!
[  242.119208] ###############################ftdi_process_packet(6) : 0x1c!!!!
[  242.119216] ###############################ftdi_process_packet(7) : 0x01!!!!
[  242.119224] ###############################ftdi_process_packet(8) : 0x1b!!!!
[  242.119233] ###############################ftdi_process_packet(9) : 0x00!!!!
[  242.119241] ###############################ftdi_process_packet(10) : 0x00!!!!
[  242.120714] ###############################ftdi_process_packet(0) : 0x00!!!!
