[    0.000000] Booting Linux on physical CPU 0x0
[    0.000000] Initializing cgroup subsys cpuset
[    0.000000] Initializing cgroup subsys cpu
[    0.000000] Initializing cgroup subsys cpuacct
[    0.000000] Linux version 3.18.44 (tachyon@ubuntu) (gcc version 6.2.0 (GCC) ) #22 PREEMPT Mon Sep 23 16:12:23 EDT 2019
[    0.000000] CPU: ARMv7 Processor [410fc075] revision 5 (ARMv7), cr=10c53c7d
[    0.000000] CPU: PIPT / VIPT nonaliasing data cache, VIPT aliasing instruction cache
[    0.000000] Machine model: Sierra Wireless, Inc. MDM 9206 WP series
[    0.000000] Reserved memory: reserved region for node 'modem_adsp_region@0': base 0x82a00000, size 49 MiB
[    0.000000] Reserved memory: reserved region for node 'external_image_region@0': base 0x87900000, size 7 MiB
[    0.000000] Reserved memory: reserved region for node 'sierra_region@0x8ff00000': base 0x8ff00000, size 1 MiB
[    0.000000] Removed memory: created DMA memory pool at 0x82a00000, size 49 MiB
[    0.000000] Reserved memory: initialized node modem_adsp_region@0, compatible id removed-dma-pool
[    0.000000] Removed memory: created DMA memory pool at 0x87900000, size 7 MiB
[    0.000000] Reserved memory: initialized node external_image_region@0, compatible id removed-dma-pool
[    0.000000] Reserved memory: allocated memory for 'audio_region@0' node: base 0x8f800000, size 4 MiB
[    0.000000] Reserved memory: created CMA memory pool at 0x8f800000, size 4 MiB
[    0.000000] Reserved memory: initialized node audio_region@0, compatible id shared-dma-pool
[    0.000000] Reserved memory: allocated memory for 'qseecom_region@0' node: base 0x8f400000, size 4 MiB
[    0.000000] Reserved memory: created CMA memory pool at 0x8f400000, size 4 MiB
[    0.000000] Reserved memory: initialized node qseecom_region@0, compatible id shared-dma-pool
[    0.000000] Removed memory: created DMA memory pool at 0x8ff00000, size 1 MiB
[    0.000000] Reserved memory: initialized node sierra_region@0x8ff00000, compatible id removed-dma-pool
[    0.000000] cma: Reserved 4 MiB at 0x8f000000
[    0.000000] Memory policy: Data cache writeback
[    0.000000] On node 0 totalpages: 63488
[    0.000000] free_area_init_node: node 0, pgdat c0f02acc, node_mem_map cfcdb000
[    0.000000]   Normal zone: 512 pages used for memmap
[    0.000000]   Normal zone: 0 pages reserved
[    0.000000]   Normal zone: 63488 pages, LIFO batch:15
[    0.000000] CPU: All CPU(s) started in SVC mode.
[    0.000000] pcpu-alloc: s0 r0 d32768 u32768 alloc=1*32768
[    0.000000] pcpu-alloc: [0] 0 
[    0.000000] Built 1 zonelists in Zone order, mobility grouping on.  Total pages: 62976
[    0.000000] Kernel command line: console=ttyHSL0,115200 console=ttyHSL1,115200 root=/dev/ram rootfs_ro=true user1_fs=ubifs verity=on lkversion=1.3.0_838aec2863 androidboot.serialno=39ab3b29 androidboot.authorized_kernel=true quiet androidboot.baseband=msm rootfstype=ubifs rootflags=bulk_read
[    0.000000] PID hash table entries: 1024 (order: 0, 4096 bytes)
[    0.000000] Dentry cache hash table entries: 32768 (order: 5, 131072 bytes)
[    0.000000] Inode-cache hash table entries: 16384 (order: 4, 65536 bytes)
[    0.000000] allocated 524288 bytes of page_cgroup
[    0.000000] please try 'cgroup_disable=memory' option if you don't want memory cgroups
[    0.000000] Memory: 171396K/253952K available (7685K kernel code, 1045K rwdata, 3436K rodata, 3168K init, 1199K bss, 82556K reserved)
[    0.000000] Virtual kernel memory layout:
[    0.000000]     vector  : 0xffff0000 - 0xffff1000   (   4 kB)
[    0.000000]     fixmap  : 0xffc00000 - 0xfff00000   (3072 kB)
[    0.000000]     vmalloc : 0xd0800000 - 0xff000000   ( 744 MB)
[    0.000000]     lowmem  : 0xc0000000 - 0xd0000000   ( 256 MB)
[    0.000000]     modules : 0xbf000000 - 0xc0000000   (  16 MB)
[    0.000000]       .text : 0xc0008000 - 0xc0789690   (7686 kB)
[    0.000000]       .init : 0xc0b19000 - 0xc0e31154   (3169 kB)
[    0.000000]       .data : 0xc0e32000 - 0xc0f377a0   (1046 kB)
[    0.000000]        .bss : 0xc0f37864 - 0xc1063684   (1200 kB)
[    0.000000] SLUB: HWalign=64, Order=0-3, MinObjects=0, CPUs=1, Nodes=1
[    0.000000] Preemptible hierarchical RCU implementation.
[    0.000000] NR_IRQS:16 nr_irqs:16 16
[    0.000000] GIC CPU mask not found - kernel will fail to boot.
[    0.000000] GIC CPU mask not found - kernel will fail to boot.
[    0.000000] mpm_init_irq_domain(): Cannot find irq controller for qcom,gpio-parent
[    0.000000] MPM 1 irq mapping errored -517
[    0.000000] Architected mmio timer(s) running at 19.20MHz (virt).
[    0.000011] sched_clock: 56 bits at 19MHz, resolution 52ns, wraps every 3579139424256ns
[    0.000028] Switching to timer-based delay loop, resolution 52ns
[    0.000050] Switched to clocksource arch_mem_counter
[    0.000930] Console: colour dummy device 80x30
[    0.000948] kmemleak: Kernel memory leak detector disabled
[    0.000966] Calibrating delay loop (skipped), value calculated using timer frequency.. 38.40 BogoMIPS (lpj=192000)
[    0.000985] pid_max: default: 32768 minimum: 301
[    0.001086] Security Framework initialized
[    0.001143] Smack:  Initializing.
[    0.001155] Smack:  IPv6 port labeling enabled.
[    0.001222] Mount-cache hash table entries: 1024 (order: 0, 4096 bytes)
[    0.001237] Mountpoint-cache hash table entries: 1024 (order: 0, 4096 bytes)
[    0.002041] Initializing cgroup subsys blkio
[    0.002069] Initializing cgroup subsys memory
[    0.002109] Initializing cgroup subsys devices
[    0.002131] Initializing cgroup subsys freezer
[    0.002151] Initializing cgroup subsys debug
[    0.002209] CPU: Testing write buffer coherency: ok
[    0.002625] Setting up static identity map for 0x80788ab0 - 0x80788b08
[    0.019471] MSM Memory Dump base table set up
[    0.019523] MSM Memory Dump apps data table set up
[    0.021482] devtmpfs: initialized
[    0.024403] VFP support v0.3: implementor 41 architecture 2 part 30 variant 7 rev 5
[    0.025895] pinctrl core: initialized pinctrl subsystem
[    0.026501] regulator-dummy: no parameters
[    0.077913] NET: Registered protocol family 16
[    0.080029] DMA: preallocated 256 KiB pool for atomic coherent allocations
[    0.140111] cpuidle: using governor ladder
[    0.170104] cpuidle: using governor menu
[    0.200103] cpuidle: using governor qcom
[    0.212991] msm_watchdog b017000.qcom,wdt: wdog absent resource not present
[    0.213350] msm_watchdog b017000.qcom,wdt: MSM Watchdog Initialized
[    0.218685] platform soc:qcom,msm-audio-ion: assigned reserved memory node audio_region@0
[    0.225489] spmi_pmic_arb 200f000.qcom,spmi: PMIC Arb Version-2 0x20010000
[    0.229517] platform 4080000.qcom,mss: assigned reserved memory node modem_adsp_region@0
[    0.231856] irq: no irq domain found for /soc/pinctrl@1000000 !
[    0.233054] mem_acc_corner: 0 <--> 0 mV 
[    0.234412] platform soc:sierra_ssmem@0x8ff00000: assigned reserved memory node sierra_region@0x8ff00000
[    0.235307] irq: no irq domain found for /soc/pinctrl@1000000 !
[    0.237411] hw-breakpoint: Failed to enable monitor mode on CPU 0.
[    0.238379] gpiochip_add: registered GPIOs 0 to 79 on device: 1000000.pinctrl
[    0.238403] GPIO chip 1000000.pinctrl: created GPIO range 0->79 ==> 1000000.pinctrl PIN 0->79
[    0.239208] __of_mpm_init(): MPM driver mapping exists
[    0.239876] msm_rpm_glink_dt_parse: qcom,rpm-glink compatible not matches
[    0.239893] msm_rpm_dev_probe: APSS-RPM communication over SMD
[    0.239908] smd_open() before smd_init()
[    0.240899] msm_mpm_dev_probe(): Cannot get clk resource for XO: -517
[    0.244043] smd_channel_probe_now: allocation table not initialized
[    0.246774] mdm9607_s1: 1050 <--> 1350 mV at 1100 mV normal idle 
[    0.247055] spm_regulator_probe: name=mdm9607_s1, range=LV, voltage=1100000 uV, mode=AUTO, step rate=4800 uV/us
[    0.247699] cpr_efuse_init: apc_corner: efuse_addr = 0x000a4000 (len=0x1000)
[    0.247753] cpr_read_fuse_revision: apc_corner: fuse revision = 2
[    0.247773] cpr_parse_speed_bin_fuse: apc_corner: [row: 37]: 0x18b0303239ab3b29, speed_bits = 4
[    0.247865] cpr_adjust_init_voltages: apc_corner: adjusted initial voltage[1]: 1050000 -> 1075000 uV
[    0.247883] cpr_adjust_init_voltages: apc_corner: adjusted initial voltage[2]: 1100000 -> 1125000 uV
[    0.247900] cpr_adjust_init_voltages: apc_corner: adjusted initial voltage[3]: 1250000 -> 1275000 uV
[    0.247914] cpr_pvs_per_corner_init: apc_corner: Warning: initial voltage[1] 1075000 above ceiling 1050000
[    0.247933] cpr_pvs_init: apc_corner: pvs voltage: [1050000 1125000 1275000] uV
[    0.247949] cpr_pvs_init: apc_corner: ceiling voltage: [1050000 1225000 1350000] uV
[    0.247963] cpr_pvs_init: apc_corner: floor voltage: [1050000 1050000 1150000] uV
[    0.251712] msm-thermal soc:qcom,msm-thermal: msm_thermal:Failed reading node=/soc/qcom,msm-thermal, key=qcom,core-limit-temp. err=-22. KTM continues
[    0.251750] msm-thermal soc:qcom,msm-thermal: probe_therm_reset:Failed reading node=/soc/qcom,msm-thermal, key=qcom,therm-reset-temp err=-22. KTM continues
[    0.251820] msm_thermal:msm_thermal_dev_probe Failed reading node=/soc/qcom,msm-thermal, key=qcom,online-hotplug-core. err:-517
[    0.253297] sps:sps is ready.
[    0.255888] msm_rpm_glink_dt_parse: qcom,rpm-glink compatible not matches
[    0.255908] msm_rpm_dev_probe: APSS-RPM communication over SMD
[    0.257196] mdm9607_s2: 750 <--> 1275 mV at 750 mV normal idle 
[    0.258409] mdm9607_s3_level: 0 <--> 0 mV at 0 mV normal idle 
[    0.259219] mdm9607_s3_level_ao: 0 <--> 0 mV at 0 mV normal idle 
[    0.259997] mdm9607_s3_floor_level: 0 <--> 0 mV at 0 mV normal idle 
[    0.260981] mdm9607_s3_level_so: 0 <--> 0 mV at 0 mV normal idle 
[    0.262021] mdm9607_s4: 1800 <--> 1950 mV at 1800 mV normal idle 
[    0.263066] mdm9607_l1: 1250 mV normal idle 
[    0.264082] mdm9607_l2: 1800 mV normal idle 
[    0.265123] mdm9607_l3: 1800 mV normal idle 
[    0.266176] mdm9607_l4: 3075 mV normal idle 
[    0.267230] mdm9607_l5: 1700 <--> 3050 mV at 1700 mV normal idle 
[    0.268259] mdm9607_l6: 1700 <--> 3050 mV at 1700 mV normal idle 
[    0.269312] mdm9607_l7: 1700 <--> 1900 mV at 1700 mV normal idle 
[    0.270677] mdm9607_l8: 1800 mV normal idle 
[    0.271800] mdm9607_l9: 1200 <--> 1250 mV at 1200 mV normal idle 
[    0.272887] mdm9607_l10: 1050 mV normal idle 
[    0.273972] mdm9607_l11: 1800 mV normal idle 
[    0.275024] mdm9607_l12_level: 0 <--> 0 mV at 0 mV normal idle 
[    0.275819] mdm9607_l12_level_ao: 0 <--> 0 mV at 0 mV normal idle 
[    0.276633] mdm9607_l12_level_so: 0 <--> 0 mV at 0 mV normal idle 
[    0.277402] mdm9607_l12_floor_lebel: 0 <--> 0 mV at 0 mV normal idle 
[    0.278452] mdm9607_l13: 1800 <--> 2850 mV at 2850 mV normal idle 
[    0.279487] mdm9607_l14: 2650 <--> 3000 mV at 2650 mV normal idle 
[    0.279866] msm_mpm_dev_probe(): Cannot get clk resource for XO: -517
[    0.280329] cpr_efuse_init: apc_corner: efuse_addr = 0x000a4000 (len=0x1000)
[    0.280386] cpr_read_fuse_revision: apc_corner: fuse revision = 2
[    0.280407] cpr_parse_speed_bin_fuse: apc_corner: [row: 37]: 0x18b0303239ab3b29, speed_bits = 4
[    0.280498] cpr_adjust_init_voltages: apc_corner: adjusted initial voltage[1]: 1050000 -> 1075000 uV
[    0.280516] cpr_adjust_init_voltages: apc_corner: adjusted initial voltage[2]: 1100000 -> 1125000 uV
[    0.280533] cpr_adjust_init_voltages: apc_corner: adjusted initial voltage[3]: 1250000 -> 1275000 uV
[    0.280548] cpr_pvs_per_corner_init: apc_corner: Warning: initial voltage[1] 1075000 above ceiling 1050000
[    0.280567] cpr_pvs_init: apc_corner: pvs voltage: [1050000 1125000 1275000] uV
[    0.280582] cpr_pvs_init: apc_corner: ceiling voltage: [1050000 1225000 1350000] uV
[    0.280596] cpr_pvs_init: apc_corner: floor voltage: [1050000 1050000 1150000] uV
[    0.280890] cpr_init_cpr_parameters: apc_corner: up threshold = 2, down threshold = 3
[    0.280924] cpr_init_cpr_parameters: apc_corner: CPR is enabled by default.
[    0.280958] cpr_init_cpr_efuse: apc_corner: [row:65] = 0x15400261261358
[    0.280982] cpr_init_cpr_efuse: apc_corner: CPR disable fuse = 0
[    0.280999] cpr_init_cpr_efuse: apc_corner: Corner[1]: ro_sel = 0, target quot = 609
[    0.281013] cpr_init_cpr_efuse: apc_corner: Corner[2]: ro_sel = 0, target quot = 609
[    0.281028] cpr_init_cpr_efuse: apc_corner: Corner[3]: ro_sel = 0, target quot = 856
[    0.281074] cpr_adjust_target_quots: apc_corner: Corner[1]: adjusted target quot = 651
[    0.281091] cpr_adjust_target_quots: apc_corner: Corner[2]: adjusted target quot = 651
[    0.281108] cpr_adjust_target_quots: apc_corner: Corner[3]: adjusted target quot = 898
[    0.281317] cpr_config: apc_corner: Timer count: 0x17700 (for 5000 us)
[    0.281947] apc_corner: 0 <--> 0 mV 
[    0.282786] msm-thermal soc:qcom,msm-thermal: msm_thermal:Failed reading node=/soc/qcom,msm-thermal, key=qcom,core-limit-temp. err=-22. KTM continues
[    0.282822] msm-thermal soc:qcom,msm-thermal: probe_therm_reset:Failed reading node=/soc/qcom,msm-thermal, key=qcom,therm-reset-temp err=-22. KTM continues
[    0.282978] msm_thermal:get_kernel_cluster_info CPU0 topology not initialized.
[    0.283911] cpu cpu0: dev_pm_opp_get_opp_count: device OPP not found (-19)
[    0.283928] msm_thermal:get_cpu_freq_plan_len Error reading CPU0 freq table len. error:-19
[    0.283939] msm_thermal:vdd_restriction_reg_init Defer vdd rstr freq init.
[    0.284638] cpu cpu0: dev_pm_opp_get_opp_count: device OPP not found (-19)
[    0.284656] msm_thermal:get_cpu_freq_plan_len Error reading CPU0 freq table len. error:-19
[    0.284672] cpu cpu0: dev_pm_opp_get_opp_count: device OPP not found (-19)
[    0.284684] msm_thermal:get_cpu_freq_plan_len Error reading CPU0 freq table len. error:-19
[    0.299631] qcom,gcc-mdm9607 1800000.qcom,gcc: Registered GCC clocks
[    0.300268] clock-a7 b010008.qcom,clock-a7: Speed bin: 4 PVS Version: 0
[    0.300380] a7ssmux: set OPP pair(400000000 Hz: 1 uV) on cpu0
[    0.300424] a7ssmux: set OPP pair(1305600000 Hz: 7 uV) on cpu0
[    0.347491] gpiochip_find_base: found new base at 1018
[    0.347521] gpiochip_add: registered GPIOs 1018 to 1023 on device: pm8019-gpio
[    0.347848] qcom,qpnp-pin qpnp-pin-6: qpnp_pin_probe: gpio_chip registered between 1018-1023
[    0.348023] gpiochip_find_base: found new base at 1012
[    0.348043] gpiochip_add: registered GPIOs 1012 to 1017 on device: pm8019-mpp
[    0.348498] qcom,qpnp-pin qpnp-pin-7: qpnp_pin_probe: gpio_chip registered between 1012-1017
[    0.349061] sierra_gpio_wake_n soc:sierra_gpio_wake_n: wake_n probe
[    0.349171] of_get_named_gpiod_flags: parsed 'wake-n-gpio' property of node '/soc/sierra_gpio_wake_n[0]' - status (0)
[    0.349345] gpio_check_and_wake: wake-n_gpio26 STATE=SLEEP
[    0.350224] KPI: Bootloader start count = 29713
[    0.350239] KPI: Bootloader end count = 72990
[    0.350253] KPI: Bootloader display count = 1022228044
[    0.350265] KPI: Bootloader load kernel count = 30736
[    0.350277] KPI: Kernel MPM timestamp = 100390
[    0.350288] KPI: Kernel MPM Clock frequency = 32768
[    0.350329] socinfo_print: v0.10, id=322, ver=1.0, raw_id=2419, raw_ver=0, hw_plat=8, hw_plat_ver=65536
[    0.350329]  accessory_chip=0, hw_plat_subtype=129, pmic_model=65539, pmic_die_revision=131074 foundry_id=1 serial_number=967523113
[    0.350717] of_get_named_gpiod_flags: can't parse 'gpio' property of node '/soc/sdcard_ext_vreg[0]'
[    0.350988] sdcard_ext_vreg: no parameters
[    0.351232] of_get_named_gpiod_flags: can't parse 'gpio' property of node '/soc/rome_vreg[0]'
[    0.351450] rome_vreg: no parameters
[    0.351679] of_get_named_gpiod_flags: can't parse 'gpio' property of node '/soc/emac_lan_vreg[0]'
[    0.351900] emac_lan_vreg: no parameters
[    0.352391] swimcu_i2c_init: start
[    0.352798] of_get_named_gpiod_flags: parsed 'qcom,gpio-connect' property of node '/soc/wcd9xxx-irq[0]' - status (0)
[    0.353649] SCSI subsystem initialized
[    0.354117] usbcore: registered new interface driver usbfs
[    0.354226] usbcore: registered new interface driver hub
[    0.354440] usbcore: registered new device driver usb
[    0.355210] i2c-msm-v2 78b8000.i2c: probing driver i2c-msm-v2
[    0.355334] AXI: msm_bus_scale_register_client(): msm_bus_scale_register_client: Bus driver not ready.
[    0.355355] i2c-msm-v2 78b8000.i2c: msm_bus_scale_register_client(mstr-id:86):0 (not a problem)
[    0.356528] kworker/u2:2 (27) used greatest stack depth: 6972 bytes left
[    0.356849] swimcu_i2c_probe: start 1
[    0.356877] swimcu_device_init: start 0x0
[    0.356889] sierra_gpio_wake_notifier_register
[    0.357131] AXI: msm_bus_scale_register_client(): msm_bus_scale_register_client: Bus driver not ready.<3>[    0.357425] i2c-msm-v2 78b8000.i2c: NACK: slave not responding, ensure its powered: msgs(n:1 cur:0 tx) bc(rx:0 tx:2) mode:FIFO slv_addr:0x3a MSTR_STS:0x0c1300c8 OPER:0x00000090
[    0.360844] swimcu_device_init: mcufw ver=2.009 target=1 opt=0xF
[    0.360860] swimcu_gpio_module_init handler=0x0 cache_init 0
[    0.394099] swimcu_pm_data_restore: retrieved persistent data group 0 from MCU
[    0.394114] swimcu_pm_data[0]:  0x00000000
[    0.394126] swimcu_pm_data[1]:  0x00000000
[    0.394138] swimcu_pm_data[2]:  0x00000000
[    0.394149] swimcu_pm_data[3]:  0x00000000
[    0.394161] swimcu_pm_data[4]:  0x00000000
[    0.400624] swimcu_pm_data_restore: retrieved persistent data group 1 from MCU
[    0.400638] swimcu_pm_data[0]:  0x00000000
[    0.400651] swimcu_pm_data[1]:  0x00000000
[    0.400662] swimcu_pm_data[2]:  0x00000000
[    0.400673] swimcu_pm_data[3]:  0x00000000
[    0.400685] swimcu_pm_data[4]:  0x00000000
[    0.406136] swimcu_appl_psm_duration_get: return status 0
[    0.406150] swimcu_pm_rtc_restore: MCUFW elapsed PSM tme: 0
[    0.406163] swimcu_pm_rtc_restore: invalid PSM elapsed time: 0
[    0.406380] swimcu_pm_sysfs_init: success func=0x1
[    0.406608] swimcu_pm_sysfs_init: success func=0x2
[    0.406860] swimcu_gpio_module_init handler=0xc0229668 cache_init 1
[    0.406883] gpiochip_add: registered GPIOs 200 to 204 on device: swimcu
[    0.416895] swimcu_pm_sysfs_init: MCU LPO calibration started 25000
[    0.416911] swimcu_pm_sysfs_init: success func=0x20
[    0.416975] swimcu_pm_sysfs_init: success func=0x8
[    0.417046] swimcu_pm_sysfs_init: success func=0x10
[    0.417059] swimcu_device_init: success
[    0.418698] i2c-msm-v2 78b8000.i2c: NACK: slave not responding, ensure its powered: msgs(n:2 cur:0 tx) bc(rx:2 tx:1) mode:FIFO slv_addr:0x20 MSTR_STS:0x091343c8 OPER:0x00000010
[    0.418776] pca953x 4-0020: failed reading register
[    0.418813] pca953x: probe of 4-0020 failed with error -107
[    0.419285] kworker/u2:2 (33) used greatest stack depth: 6824 bytes left
[    0.419648] kworker/u2:2 (34) used greatest stack depth: 6760 bytes left
[    0.419739] i2c-msm-v2 78b8000.i2c: NACK: slave not responding, ensure its powered: msgs(n:2 cur:0 tx) bc(rx:3 tx:1) mode:FIFO slv_addr:0x22 MSTR_STS:0x091343c8 OPER:0x00000010
[    0.419806] pca953x 4-0022: failed reading register
[    0.419839] pca953x: probe of 4-0022 failed with error -107
[    0.420699] wm8944_i2c_probe 
[    0.420804] wm8944_device_init START
[    0.422159] wm8944 4-001a: WM8944 revision B
[    0.423516] wm8944 4-001a: No interrupt specified, no interrupts
[    0.423952] wm8944_device_init OK
[    0.424483] pps_core: LinuxPPS API ver. 1 registered
[    0.424498] pps_core: Software ver. 5.3.6 - Copyright 2005-2007 Rodolfo Giometti <giometti@linux.it>
[    0.425541] cpufreq: driver msm up and running
[    0.426200] platform soc:qcom,ion:qcom,ion-heap@28: assigned reserved memory node audio_region@0
[    0.426509] platform soc:qcom,ion:qcom,ion-heap@27: assigned reserved memory node qseecom_region@0
[    0.427028] ION heap system created
[    0.427244] ION heap audio created at 0x8f800000 with size 400000
[    0.427264] ION heap qsecom created at 0x8f400000 with size 400000
[    0.427716] msm_bus_fabric_init_driver
[    0.438145] qcom,qpnp-power-on qpnp-power-on-1: PMIC@SID0 Power-on reason: Triggered from CBL (external power supply) and 'warm' boot
[    0.438177] qcom,qpnp-power-on qpnp-power-on-1: PMIC@SID0: Unknown power-off reason
[    0.438474] input: qpnp_pon as /devices/virtual/input/input0
[    0.438961] PMIC@SID0: PM8019 v2.2 options: 3, 2, 2, 2
[    0.439943] Advanced Linux Sound Architecture Driver Initialized.
[    0.441057] NetLabel: Initializing
[    0.441072] NetLabel:  domain hash size = 128
[    0.441081] NetLabel:  protocols = UNLABELED CIPSOv4
[    0.441137] NetLabel:  unlabeled traffic allowed by default
[    0.441999] Switched to clocksource arch_mem_counter
[    0.442436] SWI ssmem_framework_init: SSMEM init OK
[    0.442482] gpio_sync_ri: RI owner is Modem
[    0.455941] NET: Registered protocol family 2
[    0.456631] TCP established hash table entries: 2048 (order: 1, 8192 bytes)
[    0.456669] TCP bind hash table entries: 2048 (order: 3, 40960 bytes)
[    0.456713] TCP: Hash tables configured (established 2048 bind 2048)
[    0.456773] TCP: reno registered
[    0.456787] UDP hash table entries: 256 (order: 1, 12288 bytes)
[    0.456811] UDP-Lite hash table entries: 256 (order: 1, 12288 bytes)
[    0.456999] NET: Registered protocol family 1
[    0.457412] RPC: Registered named UNIX socket transport module.
[    0.457427] RPC: Registered udp transport module.
[    0.457435] RPC: Registered tcp transport module.
[    0.457444] RPC: Registered tcp NFSv4.1 backchannel transport module.
[    0.611253] futex hash table entries: 256 (order: 0, 7168 bytes)
[    0.620588] VFS: Disk quotas dquot_6.5.2
[    0.620822] Dquot-cache hash table entries: 1024 (order 0, 4096 bytes)
[    0.621084] squashfs: version 4.0 (2009/01/31) Phillip Lougher
[    0.622246] NFS: Registering the id_resolver key type
[    0.622303] Key type id_resolver registered
[    0.622313] Key type id_legacy registered
[    0.622344] nfs4filelayout_init: NFSv4 File Layout Driver Registering...
[    0.622440] msgmni has been set to 358
[    0.624960] Block layer SCSI generic (bsg) driver version 0.4 loaded (major 249)
[    0.624986] io scheduler noop registered
[    0.625001] io scheduler deadline registered
[    0.625197] io scheduler cfq registered (default)
[    0.625319] gpiochip_find_base: found new base at 980
[    0.625507] gpiochip_add: registered GPIOs 980 to 1011 on device: smp2p
[    0.625717] gpiochip_find_base: found new base at 948
[    0.625861] gpiochip_add: registered GPIOs 948 to 979 on device: smp2p
[    0.625914] gpiochip_find_base: found new base at 916
[    0.626052] gpiochip_add: registered GPIOs 916 to 947 on device: smp2p
[    0.626242] gpiochip_find_base: found new base at 884
[    0.626370] gpiochip_add: registered GPIOs 884 to 915 on device: smp2p
[    0.626414] gpiochip_find_base: found new base at 852
[    0.626536] gpiochip_add: registered GPIOs 852 to 883 on device: slave-kernel
[    0.626685] gpiochip_find_base: found new base at 852
[    0.626806] gpiochip_add: registered GPIOs 852 to 883 on device: master-kernel
[    0.631279] scm_call failed with error code -4
[    0.631298] msm_audio_protect_memory_region: SCM call failed, scm_call_ret -95 tz_resp 0
[    0.633546] msm_rpm_log_probe: OK
[    0.634893] pil-q6v5-mss 4080000.qcom,mss: Failed to find the pas_id.
[    0.634951] of_get_named_gpiod_flags: parsed 'qcom,gpio-proxy-unvote' property of node '/soc/qcom,mss@4080000[0]' - status (-517)
[    0.636654] of_get_named_gpiod_flags: can't parse 'qcom,tx-gpio' property of node '/soc/uart@78b0000[0]'
[    0.636670] uart_tx_gpio is not available
[    0.636681] of_get_named_gpiod_flags: can't parse 'qcom,rx-gpio' property of node '/soc/uart@78b0000[0]'
[    0.636690] uart_rx_gpio is not available
[    0.636701] of_get_named_gpiod_flags: can't parse 'qcom,cts-gpio' property of node '/soc/uart@78b0000[0]'
[    0.636709] uart_cts_gpio is not available
[    0.636721] of_get_named_gpiod_flags: can't parse 'qcom,rfr-gpio' property of node '/soc/uart@78b0000[0]'
[    0.636729] uart_rfr_gpio is not available
[    0.636778] symlink dir is msm_serial_hs.0, ret is 0
[    0.636790] ttyHS0 is reserved for AT service.
[    0.637425] sps: BAM device 0x07884000 is not registered yet.
[    0.637802] sps:BAM 0x07884000 is registered.
[    0.640264] 78b0000.uart: ttyHS0 at MMIO 0x78b0000 (irq = 49, base_baud = 460800) is a MSM HS UART
[    0.642346] msm_serial_hs module loaded
[    0.642986] symlink dir is msm_serial_hsl.1, ret is 0
[    0.643002] ttyHSL1 is reserved for CONSOLE service.
[    0.643011] msm_serial_hsl_probe: detected port #1 (ttyHSL1)
[    0.643073] AXI: get_pdata(): Error: Client name not found
[    0.643084] AXI: msm_bus_cl_get_pdata(): client has to provide missing entry for successful registration
[    0.643092] msm_serial_hsl_probe: Bus scaling is disabled
[    0.643266] 78af000.serial: ttyHSL1 at MMIO 0x78af000 (irq = 48, base_baud = 460800) is a MSM
[    0.643328] msm_hsl_console_setup: console setup on port #1
[    0.897845] console [ttyHSL1] enabled
[    0.898399] mdm9607-pinctrl 1000000.pinctrl: pin GPIO_4 already requested by 78b0000.uart; cannot claim for 78b0000.serial
[    0.908889] mdm9607-pinctrl 1000000.pinctrl: pin-4 (78b0000.serial) status -22
[    0.916074] mdm9607-pinctrl 1000000.pinctrl: could not request pin 4 (GPIO_4) from group gpio4  on device 1000000.pinctrl
[    0.927012] msm_serial_hsl 78b0000.serial: Error applying setting, reverse things back
[    0.934980] symlink dir is msm_serial_hsl.0, ret is 0
[    0.934990] ttyHSL0 is disabled.
[    0.935013] msm_serial_hsl: probe of 78b0000.serial failed with error -1
[    0.935180] msm_serial_hsl_init: driver initialized
[    0.957892] brd: module loaded
[    0.962012] loop: module loaded
[    0.962735] QSEECOM: qseecom_probe: qseecom.qsee_version = 0x405000
[    0.962782] QSEECOM: qseecom_retrieve_ce_data: Device does not support PFE/FDE
[    0.962798] QSEECOM: qseecom_probe: qseecom clocks handled by other subsystem
[    0.962809] QSEECOM: qseecom_probe: qsee reentrancy support phase is not defined, setting to default 0
[    0.963079] QSEECOM: qseecom_probe: qseecom.whitelist_support = 0
[    0.967357] sierra_tcxo_clk soc:sierra_tcxo_clk: sierra_tcxo_clk probe
[    0.967893] of_get_named_gpiod_flags: parsed 'sfpr-gpio' property of node '/soc/sierra_safe_pwr_remove[0]' - status (0)
[    0.968176] i2c-core: driver [tabla-i2c-core] using legacy suspend method
[    0.968187] i2c-core: driver [tabla-i2c-core] using legacy resume method
[    0.968328] i2c-core: driver [wcd9xxx-i2c-core] using legacy suspend method
[    0.968337] i2c-core: driver [wcd9xxx-i2c-core] using legacy resume method
[    0.968475] i2c-core: driver [tasha-i2c-core] using legacy suspend method
[    0.968484] i2c-core: driver [tasha-i2c-core] using legacy resume method
[    0.968801] QCE50: __qce_get_device_tree_data: BAM Apps EE is not defined, setting to default 1
[    0.969331] qce 720000.qcedev: Qualcomm Crypto 5.3.3 device found @0x720000
[    0.969351] qce 720000.qcedev: CE device = 0x0
[    0.969351] , IO base, CE = 0xd0b40000
[    0.969351] , Consumer (IN) PIPE 2,    Producer (OUT) PIPE 3
[    0.969351] IO base BAM = 0x  (null)
[    0.969351] BAM IRQ 44
[    0.969351] Engines Availability = 0x2010853
[    0.969752] sps:BAM 0x00704000 is registered.
[    0.970304] sps:BAM 0x00704000 (va:0xd0b80000) enabled: ver:0x27, number of pipes:8
[    0.970855] QCE50: qce_sps_init:  Qualcomm MSM CE-BAM at 0x0000000000704000 irq 44
[    0.974325] QCE50: __qce_get_device_tree_data: BAM Apps EE is not defined, setting to default 1
[    0.974926] qcrypto 720000.qcrypto: Qualcomm Crypto 5.3.3 device found @0x720000
[    0.974946] qcrypto 720000.qcrypto: CE device = 0x0
[    0.974946] , IO base, CE = 0xd0bc0000
[    0.974946] , Consumer (IN) PIPE 4,    Producer (OUT) PIPE 5
[    0.974946] IO base BAM = 0x  (null)
[    0.974946] BAM IRQ 44
[    0.974946] Engines Availability = 0x2010853
[    0.975690] QCE50: qce_sps_init:  Qualcomm MSM CE-BAM at 0x0000000000704000 irq 44
[    0.978330] qcrypto 720000.qcrypto: qcrypto-ecb-aes
[    0.978516] qcrypto 720000.qcrypto: qcrypto-cbc-aes
[    0.978740] qcrypto 720000.qcrypto: qcrypto-ctr-aes
[    0.978959] qcrypto 720000.qcrypto: qcrypto-ecb-des
[    0.979167] qcrypto 720000.qcrypto: qcrypto-cbc-des
[    0.979372] qcrypto 720000.qcrypto: qcrypto-ecb-3des
[    0.979580] qcrypto 720000.qcrypto: qcrypto-cbc-3des
[    0.979784] qcrypto 720000.qcrypto: qcrypto-xts-aes
[    0.979991] qcrypto 720000.qcrypto: qcrypto-sha1
[    0.980339] qcrypto 720000.qcrypto: qcrypto-sha256
[    0.980565] qcrypto 720000.qcrypto: qcrypto-aead-hmac-sha1-cbc-aes
[    0.980783] qcrypto 720000.qcrypto: qcrypto-aead-hmac-sha1-cbc-des
[    0.980990] qcrypto 720000.qcrypto: qcrypto-aead-hmac-sha1-cbc-3des
[    0.981199] qcrypto 720000.qcrypto: qcrypto-aead-hmac-sha256-cbc-aes
[    0.981417] qcrypto 720000.qcrypto: qcrypto-aead-hmac-sha256-cbc-des
[    0.981632] qcrypto 720000.qcrypto: qcrypto-aead-hmac-sha256-cbc-3des
[    0.981843] qcrypto 720000.qcrypto: qcrypto-hmac-sha1
[    0.982057] qcrypto 720000.qcrypto: qcrypto-hmac-sha256
[    0.982265] qcrypto 720000.qcrypto: qcrypto-aes-ccm
[    0.982470] qcrypto 720000.qcrypto: qcrypto-rfc4309-aes-ccm
[    0.982979] SCSI Media Changer driver v0.25 
[    0.987110] sps: BAM device 0x07984000 is not registered yet.
[    0.992320] sps:BAM 0x07984000 is registered.
[    0.992344] msm_nand_bam_init: msm_nand_bam_init: BAM device registered: bam_handle 0xcd9d6200
[    0.992647] sps:BAM 0x07984000 (va:0xd0b20000) enabled: ver:0x18, number of pipes:7
[    0.994731] msm_nand_parse_smem_ptable: Parsing partition table info from SMEM
[    0.994784] msm_nand_parse_smem_ptable: SMEM partition table found: ver: 4 len: 21
[    0.994816] msm_nand_version_check: nand_major:1, nand_minor:5, qpic_major:1, qpic_minor:5
[    0.995126] msm_nand_flash_onfi_probe: Found an ONFI compliant device MT29F4G08ABBEA3W    ,
[    0.995140] msm_nand_scan: NAND Id: 0x2690ac2c Buswidth: 8Bits Density: 512 MByte
[    0.995151] msm_nand_scan: pagesize: 4096 Erasesize: 262144 oobsize: 224 (in Bytes)
[    0.995159] msm_nand_scan: BCH ECC: 8 Bit
[    0.995174] msm_nand_scan: CFG0: 0x290409c0,           CFG1: 0x08045d5c
[    0.995174]             RAWCFG0: 0x2b8401c0,        RAWCFG1: 0x0005055d
[    0.995174]           ECCBUFCFG: 0x00000203,      ECCBCHCFG: 0x42040d10
[    0.995174]           RAWECCCFG: 0x42000d11, BAD BLOCK BYTE: 0x00000175
[    0.995198] Creating 21 MTD partitions on "7980000.nand":
[    0.995213] 0x000000000000-0x000000280000 : "sbl"
[    0.996460] 0x000000280000-0x000000500000 : "mibib"
[    0.997433] 0x000000500000-0x000000b80000 : "backup"
[    0.998384] 0x000000b80000-0x000000c80000 : "security"
[    0.999349] 0x000000c80000-0x000000e80000 : "persist"
[    1.000596] 0x000000e80000-0x000002000000 : "efs2"
[    1.001645] 0x000002000000-0x000006f40000 : "swifota"
[    1.002687] 0x000006f40000-0x0000070c0000 : "tz"
[    1.003705] 0x0000070c0000-0x000007180000 : "devcfg"
[    1.004671] 0x000007180000-0x000007240000 : "rpm"
[    1.005636] 0x000007240000-0x000009240000 : "modem"
[    1.006590] 0x000009240000-0x000009340000 : "aboot"
[    1.007572] 0x000009340000-0x00000a240000 : "boot"
[    1.008554] 0x00000a240000-0x00000c040000 : "system"
[    1.009555] 0x00000c040000-0x00000c900000 : "lefwkro"
[    1.010725] 0x00000c900000-0x00000e200000 : "swirw"
[    1.011768] 0x00000e200000-0x000016500000 : "userapp"
[    1.012735] 0x000016500000-0x000019b80000 : "reserved"
[    1.013699] 0x000019b80000-0x00001bd00000 : "slot_2"
[    1.014674] 0x00001bd00000-0x00001de80000 : "slot_1"
[    1.015671] 0x00001de80000-0x000020000000 : "slot_0"
[    1.016665] msm_nand_probe: NANDc phys addr 0x7980000, BAM phys addr 0x7984000, BAM IRQ 30
[    1.016679] msm_nand_probe: Allocated DMA buffer at virt_addr 0xcf044000, phys_addr 0x8f044000
[    1.018205] of_get_named_gpiod_flags: can't parse 'qcom,gpio-clk' property of node '/soc/spi@78b6000[0]'
[    1.018223] of_get_named_gpiod_flags: can't parse 'qcom,gpio-miso' property of node '/soc/spi@78b6000[0]'
[    1.018235] of_get_named_gpiod_flags: can't parse 'qcom,gpio-mosi' property of node '/soc/spi@78b6000[0]'
[    1.018247] of_get_named_gpiod_flags: can't parse 'qcom,gpio-cs0' property of node '/soc/spi@78b6000[0]'
[    1.018259] of_get_named_gpiod_flags: can't parse 'qcom,gpio-cs1' property of node '/soc/spi@78b6000[0]'
[    1.018270] of_get_named_gpiod_flags: can't parse 'qcom,gpio-cs2' property of node '/soc/spi@78b6000[0]'
[    1.018282] of_get_named_gpiod_flags: can't parse 'qcom,gpio-cs3' property of node '/soc/spi@78b6000[0]'
[    1.019220] tun: Universal TUN/TAP device driver, 1.6
[    1.019235] tun: (C) 1999-2004 Max Krasnyansky <maxk@qualcomm.com>
[    1.019524] vcan: Virtual CAN interface driver
[    1.019544] CAN device driver interface
[    1.021663] PPP generic driver version 2.4.2
[    1.022196] usbcore: registered new interface driver asix
[    1.022302] usbcore: registered new interface driver ax88179_178a
[    1.022369] usbcore: registered new interface driver cdc_ether
[    1.022470] usbcore: registered new interface driver smsc95xx
[    1.022547] usbcore: registered new interface driver net1080
[    1.022614] usbcore: registered new interface driver cdc_subset
[    1.022677] usbcore: registered new interface driver zaurus
[    1.023039] usbcore: registered new interface driver cdc_ncm
[    1.023315] msm_otg 78d9000.usb: msm_otg probe
[    1.023621] of_get_named_gpiod_flags: can't parse 'qcom,hub-reset-gpio' property of node '/soc/usb@78d9000[0]'
[    1.023637] of_get_named_gpiod_flags: can't parse 'qcom,usbeth-reset-gpio' property of node '/soc/usb@78d9000[0]'
[    1.023650] of_get_named_gpiod_flags: can't parse 'qcom,sw-sel-gpio' property of node '/soc/usb@78d9000[0]'
[    1.023711] of_get_named_gpiod_flags: parsed 'qcom,usbid-gpio' property of node '/soc/usb@78d9000[0]' - status (0)
[    1.023733] of_get_named_gpiod_flags: can't parse 'qcom,hsusb-otg-vddmin-gpio' property of node '/soc/usb@78d9000[0]'
[    1.025497] msm_otg 78d9000.usb: OTG regs = d09ae000
[    1.028801] ehci_hcd: USB 2.0 'Enhanced' Host Controller (EHCI) Driver
[    1.029082] of_get_named_gpiod_flags: can't parse 'hsic,strobe-gpio' property of node '/soc/hsic_host@7c00000[0]'
[    1.029097] of_get_named_gpiod_flags: can't parse 'hsic,data-gpio' property of node '/soc/hsic_host@7c00000[0]'
[    1.029109] of_get_named_gpiod_flags: can't parse 'hsic,resume-gpio' property of node '/soc/hsic_host@7c00000[0]'
[    1.029254] 7c00000.hsic_host supply HSIC_GDSC not found, using dummy regulator
[    1.040358] msm_hsic_host 7c00000.hsic_host: Qualcomm EHCI Host Controller using HSIC
[    1.040409] msm_hsic_host 7c00000.hsic_host: new USB bus registered, assigned bus number 1
[    1.040646] msm_hsic_host 7c00000.hsic_host: irq 28, io mem 0x07c00000
[    1.060136] msm_hsic_host 7c00000.hsic_host: USB 2.0 started, EHCI 1.00
[    1.060632] usb usb1: New USB device found, idVendor=1d6b, idProduct=0002
[    1.060646] usb usb1: New USB device strings: Mfr=3, Product=2, SerialNumber=1
[    1.060657] usb usb1: Product: Qualcomm EHCI Host Controller using HSIC
[    1.060668] usb usb1: Manufacturer: Linux 3.18.44 ehci_hcd
[    1.060679] usb usb1: SerialNumber: 7c00000.hsic_host
[    1.061490] hub 1-0:1.0: USB hub found
[    1.061568] hub 1-0:1.0: 1 port detected
[    1.062636] of_get_named_gpiod_flags: can't parse 'hsic,swi_reset_gpio' property of node '/soc/hsic_host@7c00000[0]'
[    1.063394] ehci-msm: Qualcomm On-Chip EHCI Host Controller
[    1.064292] 78d9000.usb supply vbus_otg not found, using dummy regulator
[    1.064713] usbcore: registered new interface driver cdc_acm
[    1.064724] cdc_acm: USB Abstract Control Model driver for USB modems and ISDN adapters
[    1.064830] usbcore: registered new interface driver usb-storage
[    1.064892] usbcore: registered new interface driver ums-alauda
[    1.064948] usbcore: registered new interface driver ums-cypress
[    1.065003] usbcore: registered new interface driver ums-datafab
[    1.065058] usbcore: registered new interface driver ums-freecom
[    1.065112] usbcore: registered new interface driver ums-isd200
[    1.065164] usbcore: registered new interface driver ums-jumpshot
[    1.065218] usbcore: registered new interface driver ums-karma
[    1.065272] usbcore: registered new interface driver ums-onetouch
[    1.065335] usbcore: registered new interface driver ums-sddr09
[    1.065391] usbcore: registered new interface driver ums-sddr55
[    1.065447] usbcore: registered new interface driver ums-usbat
[    1.065594] usbcore: registered new interface driver usbserial
[    1.065654] usbcore: registered new interface driver ftdi_sio
[    1.065704] usbserial: USB Serial support registered for FTDI USB Serial Device
[    1.065807] usbcore: registered new interface driver usb_ehset_test
[    1.067825] gbridge_init: gbridge_init successs.
[    1.069983] qcom,qpnp-rtc qpnp-rtc-5: rtc core: registered qpnp_rtc as rtc0
[    1.070264] i2c /dev entries driver
[    1.070514] msm_otg 78d9000.usb: phy_reset: success
[    1.071294] of_get_named_gpiod_flags: parsed 'gpios' property of node '/soc/pps[0]' - status (0)
[    1.071657] pps pps0: new PPS source soc:pps.-1
[    1.071764] pps pps0: Registered IRQ 105 as PPS source
[    1.072577] unable to find DT imem DLOAD mode node
[    1.076672] unable to find DT imem EDLOAD mode node
[    1.081660] unable to find DT imem dload-type node
[    1.086177] Failed to disable secure wdog debug: -4
[    1.092348] swimcu_hwmon_probe: start
[    1.092501] swimcu_hwmon_probe: success num 2
[    1.114454] device-mapper: ioctl: 4.28.0-ioctl (2014-09-17) initialised: dm-devel@redhat.com
[    1.114994] sdhci: Secure Digital Host Controller Interface driver
[    1.115005] sdhci: Copyright(c) Pierre Ossman
[    1.115018] sdhci-pltfm: SDHCI platform and OF driver helper
[    1.115445] usbcore: registered new interface driver usbhid
[    1.115456] usbhid: USB HID core driver
[    1.116047] of_get_named_gpiod_flags: can't parse 'qcom,gpio-mode-sel' property of node '/soc/usb_detect[0]'
[    1.117239] bimc-bwmon 408000.qcom,cpu-bwmon: BW HWmon governor registered.
[    1.118031] devfreq soc:qcom,cpubw: Couldn't update frequency transition information.
[    1.125758] sdhci_msm 7864900.sdhci: sdhci_msm_probe: ICE device is not enabled
[    1.125785] of_get_named_gpiod_flags: can't parse 'cd-gpios' property of node '/soc/sdhci@07864900[0]'
[    1.126160] sdhci_msm 7864900.sdhci: sdhci_msm_pm_qos_parse_irq: error -22 reading irq cpu
[    1.133937] tz_log 8600720.tz-log: Hyp log service is not supported
[    1.135206] coresight_event: error registering on panic -38
[    1.139987] coresight-fuse a601c.fuse: QPDI fuse not specified
[    1.140183] sdhci_msm 7864900.sdhci: sdhci_msm_pm_qos_parse: PM QoS voting for IRQ will be disabled
[    1.140207] sdhci_msm 7864900.sdhci: sdhci_msm_pm_qos_parse: PM QoS voting for cpu group will be disabled
[    1.140749] coresight-fuse a601c.fuse: Fuse initialized
[    1.141915] coresight-cti: probe of 6010000.cti failed with error -1
[    1.141963] coresight-cti: probe of 6011000.cti failed with error -1
[    1.142416] coresight-cti: probe of 6012000.cti failed with error -1
[    1.142463] coresight-cti: probe of 6013000.cti failed with error -1
[    1.142502] coresight-cti: probe of 6014000.cti failed with error -1
[    1.142543] coresight-cti: probe of 6015000.cti failed with error -1
[    1.142582] coresight-cti: probe of 6016000.cti failed with error -1
[    1.142622] coresight-cti: probe of 6017000.cti failed with error -1
[    1.143276] coresight-cti: probe of 6018000.cti failed with error -1
[    1.143336] coresight-cti: probe of 6043000.cti failed with error -1
[    1.143379] coresight-cti: probe of 603c000.cti failed with error -1
[    1.143419] coresight-cti: probe of 6038000.cti failed with error -1
[    1.144067] coresight-csr 6001000.csr: CSR initialized
[    1.144540] coresight-tmc: probe of 6026000.tmc failed with error -1
[    1.144665] coresight-tmc 6025000.tmc: failed to get flush cti
[    1.149462] coresight-tmc 6025000.tmc: failed to get reset cti
[    1.155825] sdhci_msm 7864900.sdhci: No vmmc regulator found
[    1.155841] sdhci_msm 7864900.sdhci: No vqmmc regulator found
[    1.156236] mmc0: SDHCI controller on 7864900.sdhci [7864900.sdhci] using 32-bit ADMA in legacy mode
[    1.157263] coresight-tmc 6025000.tmc: TMC initialized
[    1.159622] nidnt boot config: 2
[    1.159637] NIDnT disabled, only sd mode supported.
[    1.163835] coresight-tpiu 6020000.tpiu: NIDnT hw support disabled
[    1.163849] coresight-tpiu 6020000.tpiu: NIDnT on SDCARD only mode
[    1.164027] coresight-tpiu 6020000.tpiu: TPIU initialized
[    1.165501] coresight-replicator 6024000.replicator: REPLICATOR initialized
[    1.166175] coresight-dbgui 606d000.dbgui: DebugUI initializaed
[    1.166629] coresight-stm: probe of 6002000.stm failed with error -1
[    1.167139] coresight-hwevent 606c000.hwevent: Hardware Event driver initialized
[    1.190313] coresight-etm: probe of 6042000.etm failed with error -22
[    1.192668] coresight-remote-etm soc:rpm_etm0: Remote ETM initialized
[    1.193416] coresight-remote-etm soc:modem_etm0: Remote ETM initialized
[    1.196778] wm8944_codec_init registering platform driver
[    1.210950] msm_pcm_probe: dev name soc:qcom,msm-voice-host-pcm
[    1.217236] mdm9607-asoc-snd soc:sound-wm8944: Defering mdm_asoc_machine_probe, q6_state 0
[    1.224904] Netfilter messages via NETLINK v0.30.
[    1.224993] nf_conntrack version 0.5.0 (2870 buckets, 11480 max)
[    1.225591] ctnetlink v0.93: registering with nfnetlink.
[    1.225939] ip_set: protocol 6
[    1.226329] ip_tables: (C) 2000-2006 Netfilter Core Team
[    1.226508] arp_tables: (C) 2002 David S. Miller
[    1.226578] TCP: cubic registered
[    1.227407] NET: Registered protocol family 10
[    1.228741] ip6_tables: (C) 2000-2006 Netfilter Core Team
[    1.229051] sit: IPv6 over IPv4 tunneling driver
[    1.229742] NET: Registered protocol family 17
[    1.229880] bridge: automatic filtering via arp/ip/ip6tables has been deprecated. Update your scripts to load br_netfilter if you need this.
[    1.229921] Bridge firewalling registered
[    1.229938] Ebtables v2.0 registered
[    1.230153] can: controller area network core (rev 20120528 abi 9)
[    1.230244] NET: Registered protocol family 29
[    1.230264] can: raw protocol (rev 20120528)
[    1.230281] can: broadcast manager protocol (rev 20120528 t)
[    1.230305] can: netlink gateway (rev 20130117) max_hops=1
[    1.230682] Key type dns_resolver registered
[    1.231346] NET: Registered protocol family 27
[    1.234596] gpiochip_find_base: found new base at 852
[    1.234777] gpiochip_add: registered GPIOs 852 to 883 on device: slave-kernel
[    1.235091] gpiochip_find_base: found new base at 820
[    1.235237] gpiochip_add: registered GPIOs 820 to 851 on device: master-kernel
[    1.235837] pil-q6v5-mss 4080000.qcom,mss: Failed to find the pas_id.
[    1.235880] of_get_named_gpiod_flags: parsed 'qcom,gpio-proxy-unvote' property of node '/soc/qcom,mss@4080000[0]' - status (0)
[    1.236685] of_get_named_gpiod_flags: parsed 'qcom,gpio-err-fatal' property of node '/soc/qcom,mss@4080000[0]' - status (0)
[    1.236706] of_get_named_gpiod_flags: parsed 'qcom,gpio-err-ready' property of node '/soc/qcom,mss@4080000[0]' - status (0)
[    1.236722] of_get_named_gpiod_flags: parsed 'qcom,gpio-stop-ack' property of node '/soc/qcom,mss@4080000[0]' - status (0)
[    1.236739] of_get_named_gpiod_flags: parsed 'qcom,gpio-force-stop' property of node '/soc/qcom,mss@4080000[0]' - status (0)
[    1.236757] of_get_named_gpiod_flags: parsed 'qcom,gpio-shutdown-ack' property of node '/soc/qcom,mss@4080000[0]' - status (0)
[    1.236956] pil-q6v5-mss 4080000.qcom,mss: for modem segments only will be dumped.
[    1.238687] mdm9607-asoc-snd soc:sound-wm8944: Defering mdm_asoc_machine_probe, q6_state 0
[    1.246991] sierra_monitor_probe monitor times: 120, 0, 0
[    1.249446] of_get_named_gpiod_flags: parsed 'gpios' property of node '/soc/qcom,smp2pgpio_test_smp2p_15_in[0]' - status (0)
[    1.249522] of_get_named_gpiod_flags: parsed 'gpios' property of node '/soc/qcom,smp2pgpio_test_smp2p_15_out[0]' - status (0)
[    1.249585] of_get_named_gpiod_flags: parsed 'gpios' property of node '/soc/qcom,smp2pgpio_test_smp2p_1_in[0]' - status (0)
[    1.249660] of_get_named_gpiod_flags: parsed 'gpios' property of node '/soc/qcom,smp2pgpio_test_smp2p_1_out[0]' - status (0)
[    1.263002] mdm9607-asoc-snd soc:sound-wm8944: Defering mdm_asoc_machine_probe, q6_state 0
[    1.281626] file system registered
[    1.281750] mbim_init: initialize 1 instances
[    1.281985] mbim_init: Initialized 1 ports
[    1.285512] rndis_qc_init: initialize rndis QC instance
[    1.286012] Number of LUNs=8
[    1.286030] Mass Storage Function, version: 2009/09/11
[    1.286046] LUN: removable file: (no medium)
[    1.286070] Number of LUNs=1
[    1.286180] LUN: removable file: (no medium)
[    1.286189] Number of LUNs=1
[    1.286681] android_usb gadget: android_usb ready
[    1.286700] msm_hsusb msm_hsusb: [ci13xxx_start] hw_ep_max = 32
[    1.286748] msm_hsusb msm_hsusb: CI13XXX_CONTROLLER_RESET_EVENT received
[    1.286765] msm_hsusb msm_hsusb: CI13XXX_CONTROLLER_UDC_STARTED_EVENT received
[    1.287178] mdm9607-asoc-snd soc:sound-wm8944: Defering mdm_asoc_machine_probe, q6_state 0
[    1.294991] qcom,qpnp-rtc qpnp-rtc-5: setting system clock to 1970-01-01 02:20:39 UTC (8439)
[    1.296071] parse_legacy_cluster_params(): Ignoring cluster params
[    1.296110] /soc/qcom,lpm-levels/qcom,pm-cluster@0: No CPU phandle, assuming single cluster
[    1.296147] calculate_residency: residency < 0 for LPM
[    1.310148] parse_cpu_levels: idx 1 420
[    1.312954] calculate_residency: residency < 0 for LPM
[    1.318152] parse_cpu_levels: idx 2 500
[    1.330144] parse_cpu_levels: idx 2 3040
[    1.334077] mdm9607-asoc-snd soc:sound-wm8944: Defering mdm_asoc_machine_probe, q6_state 0
[    1.344720] qcom,cc-debug-mdm9607 1800000.qcom,debug: Registered Debug Mux successfully
[    1.350548] PM: Hibernation image not present or could not be loaded.
[    1.350576] mem_acc_corner: disabling
[    1.350632] sdcard_ext_vreg: disabling
[    1.350642] rome_vreg: disabling
[    1.350652] emac_lan_vreg: disabling
[    1.350670] msm_hsl_rs485_gpioexp_init: HSL Driver skip RS485 GPIO init
[    1.350685] clock_late_init: Removing enables held for handed-off clocks
[    1.351290] mdm9607-asoc-snd soc:sound-wm8944: Defering mdm_asoc_machine_probe, q6_state 0
[    1.360205] ALSA device list:
[    1.360219]   No soundcards found.
[    1.380176] usb 1-1: new high-speed USB device number 2 using msm_hsic_host
[    1.397253] Freeing unused kernel memory: 3168K (c0b19000 - c0e31000)
[    1.397269] This architecture does not have kernel memory protection.
[    1.404673] basename (159) used greatest stack depth: 6504 bytes left
[    1.421454] mount (162) used greatest stack depth: 6464 bytes left
[    1.467332] cat (174) used greatest stack depth: 6324 bytes left
[    1.482771] dd (178) used greatest stack depth: 5604 bytes left
[    1.485703] ubi0: attaching mtd13
[    1.530906] usb 1-1: New USB device found, idVendor=0424, idProduct=3503
[    1.530925] usb 1-1: New USB device strings: Mfr=0, Product=0, SerialNumber=0
[    1.531873] hub 1-1:1.0: USB hub found
[    1.532016] hub 1-1:1.0: 3 ports detected
[    1.533830] mdm9607-asoc-snd soc:sound-wm8944: Defering mdm_asoc_machine_probe, q6_state 0
[    1.596194] ubi0: scanning is finished
[    1.601726] ubi0 warning: print_rsvd_warning: cannot reserve enough PEBs for bad PEB handling, reserved 13, need 40
[    1.603046] ubi0: attached mtd13 (name "system", size 30 MiB)
[    1.603060] ubi0: PEB size: 262144 bytes (256 KiB), LEB size: 253952 bytes
[    1.603070] ubi0: min./max. I/O unit sizes: 4096/4096, sub-page size 4096
[    1.603079] ubi0: VID header offset: 4096 (aligned 4096), data offset: 8192
[    1.603089] ubi0: good PEBs: 120, bad PEBs: 0, corrupted PEBs: 0
[    1.603098] ubi0: user volume: 3, internal volumes: 1, max. volumes count: 128
[    1.603110] ubi0: max/mean erase counter: 0/0, WL threshold: 4096, image sequence number: 402781932
[    1.603119] ubi0: available PEBs: 0, total reserved PEBs: 120, PEBs reserved for bad PEB handling: 13
[    1.605632] ubi0: background thread "ubi_bgt0d" started, PID 181
[    1.810145] usb 1-1.1: new full-speed USB device number 3 using msm_hsic_host
[    1.922642] usb 1-1.1: New USB device found, idVendor=10c4, idProduct=87a0
[    1.922660] usb 1-1.1: New USB device strings: Mfr=1, Product=2, SerialNumber=3
[    1.922672] usb 1-1.1: Product: CP2130 USB-to-SPI Bridge
[    1.922682] usb 1-1.1: Manufacturer: Silicon Laboratories
[    1.922693] usb 1-1.1: SerialNumber: 000FDB92
[    1.924633] mdm9607-asoc-snd soc:sound-wm8944: Defering mdm_asoc_machine_probe, q6_state 0
[    2.010155] usb 1-1.3: new full-speed USB device number 4 using msm_hsic_host
[    2.129516] usb 1-1.3: New USB device found, idVendor=0403, idProduct=6015
[    2.129534] usb 1-1.3: New USB device strings: Mfr=1, Product=2, SerialNumber=3
[    2.129545] usb 1-1.3: Product: ADI CHF Platform
[    2.129556] usb 1-1.3: Manufacturer: Analog Devices
[    2.129566] usb 1-1.3: SerialNumber: AD3HN4SP
[    2.133414] ftdi_sio 1-1.3:1.0: FTDI USB Serial Device converter detected
[    2.133592] usb 1-1.3: Detected FT-X
[    2.134119] usb 1-1.3: FTDI USB Serial Device converter now attached to ttyUSB0
[    2.134894] mdm9607-asoc-snd soc:sound-wm8944: Defering mdm_asoc_machine_probe, q6_state 0
[    3.780395] msm_thermal:do_freq_control Limiting CPU0 max frequency to 1305600. Temp:50
[    4.297283] dd (182) used greatest stack depth: 5264 bytes left
[    4.306339] block ubiblock0_0: created from ubi0:0(rootfs)
[    4.348752] block ubiblock0_1: created from ubi0:1(rootfs_hs)
[    5.834866] ubi3: attaching mtd16
[    6.305723] ubi3: scanning is finished
[    6.313102] ubi3: attached mtd16 (name "userapp", size 131 MiB)
[    6.313120] ubi3: PEB size: 262144 bytes (256 KiB), LEB size: 253952 bytes
[    6.313130] ubi3: min./max. I/O unit sizes: 4096/4096, sub-page size 4096
[    6.313140] ubi3: VID header offset: 4096 (aligned 4096), data offset: 8192
[    6.313149] ubi3: good PEBs: 524, bad PEBs: 0, corrupted PEBs: 0
[    6.313159] ubi3: user volume: 1, internal volumes: 1, max. volumes count: 128
[    6.313171] ubi3: max/mean erase counter: 121/41, WL threshold: 4096, image sequence number: 1829699068
[    6.313180] ubi3: available PEBs: 5, total reserved PEBs: 519, PEBs reserved for bad PEB handling: 40
[    6.316702] ubi3: background thread "ubi_bgt3d" started, PID 301
[    6.360796] UBIFS (ubi3:0): background thread "ubifs_bgt3_0" started, PID 308
[    6.418600] UBIFS (ubi3:0): recovery needed
[    7.107317] UBIFS (ubi3:0): recovery completed
[    7.107442] UBIFS (ubi3:0): UBIFS: mounted UBI device 3, volume 0, name "userapp_vol0"
[    7.107455] UBIFS (ubi3:0): LEB size: 253952 bytes (248 KiB), min./max. I/O unit sizes: 4096 bytes/4096 bytes
[    7.107467] UBIFS (ubi3:0): FS size: 118087680 bytes (112 MiB, 465 LEBs), journal size 5840896 bytes (5 MiB, 23 LEBs)
[    7.107477] UBIFS (ubi3:0): reserved for root: 4952683 bytes (4836 KiB)
[    7.107492] UBIFS (ubi3:0): media format: w4/r0 (latest is w4/r0), UUID D4A5AEE7-C042-438F-AF64-9D9DC79F6E8C, small LPT model
[    7.109739] mount (306) used greatest stack depth: 5040 bytes left
[   12.792490] quotacheck (314) used greatest stack depth: 4728 bytes left
[   13.044469] ubi2: attaching mtd14
[   13.085000] ubi2: scanning is finished
[   13.090645] ubi2 warning: print_rsvd_warning: cannot reserve enough PEBs for bad PEB handling, reserved 16, need 40
[   13.092053] ubi2: attached mtd14 (name "lefwkro", size 8 MiB)
[   13.092068] ubi2: PEB size: 262144 bytes (256 KiB), LEB size: 253952 bytes
[   13.092078] ubi2: min./max. I/O unit sizes: 4096/4096, sub-page size 4096
[   13.092088] ubi2: VID header offset: 4096 (aligned 4096), data offset: 8192
[   13.092097] ubi2: good PEBs: 35, bad PEBs: 0, corrupted PEBs: 0
[   13.092106] ubi2: user volume: 1, internal volumes: 1, max. volumes count: 128
[   13.092118] ubi2: max/mean erase counter: 1/0, WL threshold: 4096, image sequence number: 1188958471
[   13.092128] ubi2: available PEBs: 0, total reserved PEBs: 35, PEBs reserved for bad PEB handling: 16
[   13.094513] ubi2: background thread "ubi_bgt2d" started, PID 345
[   13.142530] block ubiblock2_0: created from ubi2:0(legato)
[   13.286715] ubi4: attaching mtd15
[   13.387412] ubi4: scanning is finished
[   13.394313] ubi4: attached mtd15 (name "swirw", size 25 MiB)
[   13.394329] ubi4: PEB size: 262144 bytes (256 KiB), LEB size: 253952 bytes
[   13.394339] ubi4: min./max. I/O unit sizes: 4096/4096, sub-page size 4096
[   13.394349] ubi4: VID header offset: 4096 (aligned 4096), data offset: 8192
[   13.394358] ubi4: good PEBs: 100, bad PEBs: 0, corrupted PEBs: 0
[   13.394368] ubi4: user volume: 1, internal volumes: 1, max. volumes count: 128
[   13.394380] ubi4: max/mean erase counter: 5/1, WL threshold: 4096, image sequence number: 1704082683
[   13.394390] ubi4: available PEBs: 2, total reserved PEBs: 98, PEBs reserved for bad PEB handling: 40
[   13.396839] ubi4: background thread "ubi_bgt4d" started, PID 386
[   13.440362] UBIFS (ubi4:0): background thread "ubifs_bgt4_0" started, PID 393
[   13.492876] UBIFS (ubi4:0): recovery needed
[   13.629268] UBIFS (ubi4:0): recovery completed
[   13.629394] UBIFS (ubi4:0): UBIFS: mounted UBI device 4, volume 0, name "swirw_vol0"
[   13.629407] UBIFS (ubi4:0): LEB size: 253952 bytes (248 KiB), min./max. I/O unit sizes: 4096 bytes/4096 bytes
[   13.629419] UBIFS (ubi4:0): FS size: 11173888 bytes (10 MiB, 44 LEBs), journal size 2031617 bytes (1 MiB, 6 LEBs)
[   13.629429] UBIFS (ubi4:0): reserved for root: 527769 bytes (515 KiB)
[   13.629443] UBIFS (ubi4:0): media format: w4/r0 (latest is w4/r0), UUID 8974F3E7-256F-47C8-ABEB-1B303BC268DC, small LPT model
[   14.085975] random: nonblocking pool is initialized
[   14.505968] UBIFS error (pid: 497): cannot open "ubi0:usrfs", error -19
[   14.545584] ubi1: attaching mtd10
[   14.670556] ubi1: scanning is finished
[   14.677497] ubi1: attached mtd10 (name "modem", size 32 MiB)
[   14.677514] ubi1: PEB size: 262144 bytes (256 KiB), LEB size: 253952 bytes
[   14.677524] ubi1: min./max. I/O unit sizes: 4096/4096, sub-page size 4096
[   14.677533] ubi1: VID header offset: 4096 (aligned 4096), data offset: 8192
[   14.677543] ubi1: good PEBs: 128, bad PEBs: 0, corrupted PEBs: 0
[   14.677553] ubi1: user volume: 1, internal volumes: 1, max. volumes count: 128
[   14.677564] ubi1: max/mean erase counter: 1/0, WL threshold: 4096, image sequence number: 369323612
[   14.677574] ubi1: available PEBs: 0, total reserved PEBs: 128, PEBs reserved for bad PEB handling: 40
[   14.680460] ubi1: background thread "ubi_bgt1d" started, PID 510
[   14.738797] block ubiblock1_0: created from ubi1:0(modem)
[   14.834125] pil-q6v5-mss 4080000.qcom,mss: modem: loading from 0x82a00000 to 0x85b00000
[   14.863661] pil-q6v5-mss 4080000.qcom,mss: Debug policy not present - msadp. Continue.
[   14.865551] pil-q6v5-mss 4080000.qcom,mss: Loading MBA and DP (if present) from 0x8f200000 to 0x8f300000 size 100000
[   14.996871] pil-q6v5-mss 4080000.qcom,mss: MBA boot done
[   15.202223] enable_store: android_usb: already disabled
[   15.216074] Match for Function Name: diag, Int #0
[   15.219082] Match for Function Name: nmea, Int #2
[   15.219117] Match for Function Name: modem, Int #3
[   15.221047] Match for Function Name: rmnet0, Int #8
[   15.221082] ecm_function_bind_config: ecm_function_bind_config MAC: 
[   15.221158] gether_setup_name_default: using random self ethernet address
[   15.221173] gether_setup_name_default: using random host ethernet address
[   15.221993] ecm0: HOST MAC aa:9f:3e:7f:23:8c
[   15.222050] ecm0: MAC 8e:d2:01:4c:2a:77
[   15.222080] Match for Function Name: cdc_ethernet, Int #19
[   15.222091] Match for Function Name: cdc_ethernet, Int #20
[   15.222162] msm_hsusb msm_hsusb: CI13XXX_CONTROLLER_CONNECT_EVENT received
[   15.225269] msm_otg 78d9000.usb: Avail curr from USB = 2
[   15.225309] msm_hsusb msm_hsusb: CI13XXX_CONTROLLER_SUSPEND_EVENT received
[   15.288519] android_work: android_work: did not send uevent (0 0 00000000)
[   15.325103] msm_hsusb msm_hsusb: CI13XXX_CONTROLLER_RESUME_EVENT received
[   15.325189] msm_otg 78d9000.usb: Avail curr from USB = 100
[   15.328490] android_work: android_work: did not send uevent (0 0 00000000)
[   15.440258] android_work: android_work: sent uevent USB_STATE=CONNECTED
[   15.784989] android_work: android_work: sent uevent USB_STATE=DISCONNECTED
[   15.870237] android_work: android_work: did not send uevent (0 0 00000000)
[   15.995672] android_work: android_work: sent uevent USB_STATE=CONNECTED
[   16.107837] android_work: android_work: sent uevent USB_STATE=DISCONNECTED
[   16.210438] android_work: android_work: did not send uevent (0 0 00000000)
[   16.262247] gpio_sync_ri: RI owner is Modem
[   16.262269] gpio_map_name_to_num: find GPIO 38
[   16.262279] export_store: Export GPIO: 38
[   16.262304] gpio_sync_ri: RI owner is Modem
[   16.262317] gpiod_export: sierra--find GPIO,chipdev = -828222960,chipngpio = 80,chipbase = 0
[   16.263159] gpio_sync_ri: RI owner is Modem
[   16.263178] gpio_map_name_to_num: find GPIO 16
[   16.263187] export_store: Export GPIO: 16
[   16.263208] gpio_sync_ri: RI owner is Modem
[   16.263220] gpiod_export: sierra--find GPIO,chipdev = -828222960,chipngpio = 80,chipbase = 0
[   16.263793] gpio_sync_ri: RI owner is Modem
[   16.263810] gpio_map_name_to_num: find GPIO 8
[   16.263819] export_store: Export GPIO: 8
[   16.263840] gpio_sync_ri: RI owner is Modem
[   16.263850] gpiod_export: sierra--find GPIO,chipdev = -828222960,chipngpio = 80,chipbase = 0
[   16.264831] gpio_sync_ri: RI owner is Modem
[   16.264851] gpio_map_name_to_num: find GPIO 9
[   16.264861] export_store: Export GPIO: 9
[   16.264883] gpio_sync_ri: RI owner is Modem
[   16.264895] gpiod_export: sierra--find GPIO,chipdev = -828222960,chipngpio = 80,chipbase = 0
[   16.267278] gpio_sync_ri: RI owner is Modem
[   16.267300] gpio_map_name_to_num: find GPIO 11
[   16.267310] export_store: Export GPIO: 11
[   16.267334] gpio_sync_ri: RI owner is Modem
[   16.267346] gpiod_export: sierra--find GPIO,chipdev = -828222960,chipngpio = 80,chipbase = 0
[   16.271270] gpio_sync_ri: RI owner is Modem
[   16.271297] gpio_map_name_to_num: find GPIO 51
[   16.271307] export_store: Export GPIO: 51
[   16.271331] gpio_sync_ri: RI owner is Modem
[   16.271344] gpiod_export: sierra--find GPIO,chipdev = -828222960,chipngpio = 80,chipbase = 0
[   16.287643] gpio_sync_ri: RI owner is Modem
[   16.287669] gpio_map_name_to_num: find GPIO 200
[   16.287679] export_store: Export GPIO: 200
[   16.287695] gpio_sync_ri: RI owner is Modem
[   16.287707] gpiod_export: sierra--find GPIO,chipdev = -827061232,chipngpio = 5,chipbase = 200
[   16.299115] gpio_sync_ri: RI owner is Modem
[   16.299143] gpio_map_name_to_num: find GPIO 202
[   16.299153] export_store: Export GPIO: 202
[   16.299168] gpio_sync_ri: RI owner is Modem
[   16.299181] gpiod_export: sierra--find GPIO,chipdev = -827061232,chipngpio = 5,chipbase = 200
[   16.320714] gpio_sync_ri: RI owner is Modem
[   16.320742] gpio_map_name_to_num: find GPIO 77
[   16.320752] export_store: Export GPIO: 77
[   16.320777] gpio_sync_ri: RI owner is Modem
[   16.320790] gpiod_export: sierra--find GPIO,chipdev = -828222960,chipngpio = 80,chipbase = 0
[   16.321317] gpio_sync_ri: RI owner is Modem
[   16.321338] gpio_map_name_to_num: find GPIO 996
[   16.321347] export_store: Export GPIO: 996
[   16.321359] gpio_sync_ri: RI owner is Modem
[   16.321371] gpiod_export: sierra--find GPIO,chipdev = -828553200,chipngpio = 32,chipbase = 980
[   16.333205] gpio_sync_ri: RI owner is Modem
[   16.333236] gpio_map_name_to_num: find GPIO 997
[   16.333246] export_store: Export GPIO: 997
[   16.333259] gpio_sync_ri: RI owner is Modem
[   16.333272] gpiod_export: sierra--find GPIO,chipdev = -828553200,chipngpio = 32,chipbase = 980
[   16.333834] gpio_sync_ri: RI owner is Modem
[   16.333852] gpio_map_name_to_num: find GPIO 998
[   16.333861] export_store: Export GPIO: 998
[   16.333873] gpio_sync_ri: RI owner is Modem
[   16.333884] gpiod_export: sierra--find GPIO,chipdev = -828553200,chipngpio = 32,chipbase = 980
[   16.353962] gpio_sync_ri: RI owner is Modem
[   16.353993] gpio_map_name_to_num: find GPIO 999
[   16.354003] export_store: Export GPIO: 999
[   16.354017] gpio_sync_ri: RI owner is Modem
[   16.354029] gpiod_export: sierra--find GPIO,chipdev = -828553200,chipngpio = 32,chipbase = 980
[   16.354599] gpio_sync_ri: RI owner is Modem
[   16.354620] gpio_map_name_to_num: find GPIO 1000
[   16.354629] export_store: Export GPIO: 1000
[   16.354642] gpio_sync_ri: RI owner is Modem
[   16.354653] gpiod_export: sierra--find GPIO,chipdev = -828553200,chipngpio = 32,chipbase = 980
[   16.355104] gpio_sync_ri: RI owner is Modem
[   16.355123] gpio_map_name_to_num: find GPIO 1001
[   16.355132] export_store: Export GPIO: 1001
[   16.355145] gpio_sync_ri: RI owner is Modem
[   16.355157] gpiod_export: sierra--find GPIO,chipdev = -828553200,chipngpio = 32,chipbase = 980
[   16.372846] gpio_sync_ri: RI owner is Modem
[   16.372878] gpio_map_name_to_num: find GPIO 1002
[   16.372888] export_store: Export GPIO: 1002
[   16.372902] gpio_sync_ri: RI owner is Modem
[   16.372915] gpiod_export: sierra--find GPIO,chipdev = -828553200,chipngpio = 32,chipbase = 980
[   16.373484] gpio_sync_ri: RI owner is Modem
[   16.373504] gpio_map_name_to_num: find GPIO 1003
[   16.373514] export_store: Export GPIO: 1003
[   16.373526] gpio_sync_ri: RI owner is Modem
[   16.373537] gpiod_export: sierra--find GPIO,chipdev = -828553200,chipngpio = 32,chipbase = 980
[   16.408972] gpio_sync_ri: RI owner is Modem
[   16.409003] gpio_map_name_to_num: find GPIO 1005
[   16.409012] export_store: Export GPIO: 1005
[   16.409026] gpio_sync_ri: RI owner is Modem
[   16.409039] gpiod_export: sierra--find GPIO,chipdev = -828553200,chipngpio = 32,chipbase = 980
[   16.409609] gpio_sync_ri: RI owner is Modem
[   16.409630] gpio_map_name_to_num: find GPIO 1008
[   16.409639] export_store: Export GPIO: 1008
[   16.409652] gpio_sync_ri: RI owner is Modem
[   16.409663] gpiod_export: sierra--find GPIO,chipdev = -828553200,chipngpio = 32,chipbase = 980
[   16.409837] android_work: android_work: sent uevent USB_STATE=CONNECTED
[   16.439717] gpio_sync_ri: RI owner is Modem
[   16.439752] gpio_map_name_to_num: find GPIO 1010
[   16.439761] export_store: Export GPIO: 1010
[   16.439775] gpio_sync_ri: RI owner is Modem
[   16.439788] gpiod_export: sierra--find GPIO,chipdev = -828553200,chipngpio = 32,chipbase = 980
[   16.440689] gpio_sync_ri: RI owner is Modem
[   16.440712] gpio_map_name_to_num: find GPIO 1011
[   16.440722] export_store: Export GPIO: 1011
[   16.440735] gpio_sync_ri: RI owner is Modem
[   16.440746] gpiod_export: sierra--find GPIO,chipdev = -828553200,chipngpio = 32,chipbase = 980
[   16.470614] gpio_sync_ri: RI owner is Modem
[   16.470645] gpio_map_name_to_num: find GPIO 1004
[   16.470654] export_store: Export GPIO: 1004
[   16.470668] gpio_sync_ri: RI owner is Modem
[   16.470681] gpiod_export: sierra--find GPIO,chipdev = -828553200,chipngpio = 32,chipbase = 980
[   16.471254] gpio_sync_ri: RI owner is Modem
[   16.471275] gpio_map_name_to_num: find GPIO 1006
[   16.471284] export_store: Export GPIO: 1006
[   16.471296] gpio_sync_ri: RI owner is Modem
[   16.471308] gpiod_export: sierra--find GPIO,chipdev = -828553200,chipngpio = 32,chipbase = 980
[   16.473685] android_usb gadget: high-speed config #1: 86000c8.android_usb
[   16.473716] diag: USB channel diag connected
[   16.473835] msm_otg 78d9000.usb: Avail curr from USB = 500
[   16.473984] gbam_connect_work: gbam_connect_work: Bam channel is not ready
[   16.490716] gpio_sync_ri: RI owner is Modem
[   16.490747] gpio_map_name_to_num: find GPIO 1007
[   16.490757] export_store: Export GPIO: 1007
[   16.490771] gpio_sync_ri: RI owner is Modem
[   16.490783] gpiod_export: sierra--find GPIO,chipdev = -828553200,chipngpio = 32,chipbase = 980
[   16.491428] gpio_sync_ri: RI owner is Modem
[   16.491450] gpio_map_name_to_num: find GPIO 1009
[   16.491459] export_store: Export GPIO: 1009
[   16.491471] gpio_sync_ri: RI owner is Modem
[   16.491482] gpiod_export: sierra--find GPIO,chipdev = -828553200,chipngpio = 32,chipbase = 980
[   16.491971] gpio_sync_ri: RI owner is Modem
[   16.491987] gpio_map_name_to_num: find GPIO 46
[   16.492033] export_store: Export GPIO: 46
[   16.492056] gpio_sync_ri: RI owner is Modem
[   16.492068] gpiod_export: sierra--find GPIO,chipdev = -828222960,chipngpio = 80,chipbase = 0
[   16.500039] qti_ctrl_queue_notify: qti_ctrl_queue_notify: rmnet ctrl file handler cd6e73c0 is not open
[   16.740227] android_work: android_work: sent uevent USB_STATE=CONFIGURED
[   19.303776] i2c-msm-v2 78b8000.i2c: msm_bus_scale_register_client(mstr-id:86):0xc (ok)
[   19.360562] i2c-msm-v2 78b8000.i2c: NACK: slave not responding, ensure its powered: msgs(n:1 cur:0 tx) bc(rx:0 tx:2) mode:FIFO slv_addr:0x3a MSTR_STS:0x001363c8 OPER:0x00000090
[   22.411920] pil-q6v5-mss 4080000.qcom,mss: modem: Brought out of reset
[   22.464102] mdm9607-asoc-snd soc:sound-wm8944: Defering mdm_asoc_machine_probe, q6_state 0
[   22.471483] pil-q6v5-mss 4080000.qcom,mss: Subsystem error monitoring/handling services are up
[   22.471573] pil-q6v5-mss 4080000.qcom,mss: modem: Power/Clock ready interrupt received
[   22.471846] M-Notify: General: 7
[   22.631476] diag: In diag_send_feature_mask_update, control channel is not open, p: 0, c0ff0004
[   22.643846] apr_tal:Modem Is Up
[   22.702092] msm-pcm-routing soc:qcom,msm-pcm-routing: ASoC: no dapm match for MM_DL5 --> MultiMedia5 --> TERT_MI2S_RX Audio Mixer
[   22.702118] msm-pcm-routing soc:qcom,msm-pcm-routing: ASoC: Failed to add route MM_DL5 -> MultiMedia5 -> TERT_MI2S_RX Audio Mixer
[   22.806586] msm-pcm-routing soc:qcom,msm-pcm-routing: ASoC: no dapm match for MM_DL8 --> MultiMedia8 --> TERT_MI2S_RX Audio Mixer
[   22.806611] msm-pcm-routing soc:qcom,msm-pcm-routing: ASoC: Failed to add route MM_DL8 -> MultiMedia8 -> TERT_MI2S_RX Audio Mixer
[   22.873968] msm-pcm-routing soc:qcom,msm-pcm-routing: ASoC: no dapm match for INT_FM_TX --> INTERNAL_FM_TX --> SEC_MI2S_RX Port Mixer
[   22.873994] msm-pcm-routing soc:qcom,msm-pcm-routing: ASoC: Failed to add route INT_FM_TX -> INTERNAL_FM_TX -> SEC_MI2S_RX Port Mixer
[   23.814971] msm-pcm-routing soc:qcom,msm-pcm-routing: ASoC: no sink widget found for MM_UL28
[   25.256574] msm-pcm-routing soc:qcom,msm-pcm-routing: ASoC: Failed to add route MultiMedia28 Mixer -> direct -> MM_UL28
[   25.474411] msm-pcm-routing soc:qcom,msm-pcm-routing: ASoC: no sink widget found for MM_UL29
[   25.511156] msm-pcm-routing soc:qcom,msm-pcm-routing: ASoC: Failed to add route MultiMedia29 Mixer -> direct -> MM_UL29
[   25.541749] gpio_check_and_wake: wake-n_gpio26 STATE=WAKEUP
[   25.542157] i2c-msm-v2 78b8000.i2c: NACK: slave not responding, ensure its powered: msgs(n:1 cur:0 tx) bc(rx:0 tx:14) mode:FIFO slv_addr:0x3a MSTR_STS:0x001363c8 OPER:0x00000090
[   25.564634] msm-pcm-routing soc:qcom,msm-pcm-routing: ASoC: no dapm match for VOICEMMODE1_DL --> VoiceMMode1 --> SEC_MI2S_RX_Voice Mixer
[   25.564659] msm-pcm-routing soc:qcom,msm-pcm-routing: ASoC: Failed to add route VOICEMMODE1_DL -> VoiceMMode1 -> SEC_MI2S_RX_Voice Mixer
[   25.576596] swimcu_calibrate_event_handle: MCU calibrate completed with remaining time 0
[   25.576619] swimcu_lpo_calibrate_calc: MCU time=25000 vs MDM time=25159 
[   25.606164] msm-pcm-routing soc:qcom,msm-pcm-routing: ASoC: no dapm match for VOICEMMODE2_DL --> VoiceMMode2 --> SEC_MI2S_RX_Voice Mixer
[   25.606189] msm-pcm-routing soc:qcom,msm-pcm-routing: ASoC: Failed to add route VOICEMMODE2_DL -> VoiceMMode2 -> SEC_MI2S_RX_Voice Mixer
[   25.686753] gpio_check_and_wake: wake-n_gpio26 STATE=SLEEP
[   25.705622] msm-pcm-routing soc:qcom,msm-pcm-routing: ASoC: no sink widget found for AUDIO_REF_EC_UL28 MUX
[   25.774564] msm-pcm-routing soc:qcom,msm-pcm-routing: ASoC: Failed to add route PRI_MI2S_TX -> PRI_MI2S_TX -> AUDIO_REF_EC_UL28 MUX
[   25.871246] msm-pcm-routing soc:qcom,msm-pcm-routing: ASoC: no sink widget found for AUDIO_REF_EC_UL28 MUX
[   25.879875] msm-pcm-routing soc:qcom,msm-pcm-routing: ASoC: Failed to add route SEC_MI2S_TX -> SEC_MI2S_TX -> AUDIO_REF_EC_UL28 MUX
[   26.026679] msm-pcm-routing soc:qcom,msm-pcm-routing: ASoC: no sink widget found for AUDIO_REF_EC_UL28 MUX
[   26.070218] msm-pcm-routing soc:qcom,msm-pcm-routing: ASoC: Failed to add route TERT_MI2S_TX -> TERT_MI2S_TX -> AUDIO_REF_EC_UL28 MUX
[   26.116539] msm-pcm-routing soc:qcom,msm-pcm-routing: ASoC: no sink widget found for AUDIO_REF_EC_UL28 MUX
[   26.142022] msm-pcm-routing soc:qcom,msm-pcm-routing: ASoC: Failed to add route QUAT_MI2S_TX -> QUAT_MI2S_TX -> AUDIO_REF_EC_UL28 MUX
[   26.184381] msm-pcm-routing soc:qcom,msm-pcm-routing: ASoC: no sink widget found for AUDIO_REF_EC_UL29 MUX
[   26.223768] msm-pcm-routing soc:qcom,msm-pcm-routing: ASoC: Failed to add route PRI_MI2S_TX -> PRI_MI2S_TX -> AUDIO_REF_EC_UL29 MUX
[   26.261459] msm-pcm-routing soc:qcom,msm-pcm-routing: ASoC: no sink widget found for AUDIO_REF_EC_UL29 MUX
[   26.312860] msm-pcm-routing soc:qcom,msm-pcm-routing: ASoC: Failed to add route SEC_MI2S_TX -> SEC_MI2S_TX -> AUDIO_REF_EC_UL29 MUX
[   26.392272] msm-pcm-routing soc:qcom,msm-pcm-routing: ASoC: no sink widget found for AUDIO_REF_EC_UL29 MUX
[   26.460572] msm-pcm-routing soc:qcom,msm-pcm-routing: ASoC: Failed to add route TERT_MI2S_TX -> TERT_MI2S_TX -> AUDIO_REF_EC_UL29 MUX
[   26.528034] msm-pcm-routing soc:qcom,msm-pcm-routing: ASoC: no sink widget found for AUDIO_REF_EC_UL29 MUX
[   26.631281] msm-pcm-routing soc:qcom,msm-pcm-routing: ASoC: Failed to add route QUAT_MI2S_TX -> QUAT_MI2S_TX -> AUDIO_REF_EC_UL29 MUX
[   26.701353] msm-pcm-routing soc:qcom,msm-pcm-routing: ASoC: no source widget found for AUDIO_REF_EC_UL3 MUX
[   26.763378] msm-pcm-routing soc:qcom,msm-pcm-routing: ASoC: Failed to add route AUDIO_REF_EC_UL3 MUX -> direct -> MM_UL3
[   26.821387] msm-pcm-routing soc:qcom,msm-pcm-routing: ASoC: no source widget found for AUDIO_REF_EC_UL28 MUX
[   26.870849] msm-pcm-routing soc:qcom,msm-pcm-routing: ASoC: Failed to add route AUDIO_REF_EC_UL28 MUX -> direct -> MM_UL28
[   26.930414] msm-pcm-routing soc:qcom,msm-pcm-routing: ASoC: no source widget found for AUDIO_REF_EC_UL29 MUX
[   26.939217] msm-pcm-routing soc:qcom,msm-pcm-routing: ASoC: Failed to add route AUDIO_REF_EC_UL29 MUX -> direct -> MM_UL29
[   27.017648] msm-pcm-routing soc:qcom,msm-pcm-routing: ASoC: no dapm match for SEC_MI2S_TX --> SEC_MI2S_TX --> SLIMBUS_0_RX Port Mixer
[   27.017674] msm-pcm-routing soc:qcom,msm-pcm-routing: ASoC: Failed to add route SEC_MI2S_TX -> SEC_MI2S_TX -> SLIMBUS_0_RX Port Mixer
[   27.071652] msm-pcm-routing soc:qcom,msm-pcm-routing: ASoC: no dapm match for VOICE2_STUB_DL --> Voice2 Stub --> INTERNAL_BT_SCO_RX_Voice Mixer
[   27.071678] msm-pcm-routing soc:qcom,msm-pcm-routing: ASoC: Failed to add route VOICE2_STUB_DL -> Voice2 Stub -> INTERNAL_BT_SCO_RX_Voice Mixer
[   27.102018] msm-pcm-routing soc:qcom,msm-pcm-routing: ASoC: no sink widget found for SENARY_MI2S_TX
[   27.110044] msm-pcm-routing soc:qcom,msm-pcm-routing: ASoC: Failed to add route BE_IN -> direct -> SENARY_MI2S_TX
[   27.466439] msm-pcm-routing soc:qcom,msm-pcm-routing: ASoC: Failed to create SEC_MI2S_RX Port Mixer debugfs file
[   27.563776] msm-pcm-routing soc:qcom,msm-pcm-routing: ASoC: mux SLIM_0_RX AANC MUX has no paths
[   27.647365] msm-dai-stub-dev soc:qcom,msm-dai-stub:qcom,msm-dai-stub-dtmf-tx: ASoC: no sink widget found for STUB_DTMF_TX
[   27.686843] msm-dai-stub-dev soc:qcom,msm-dai-stub:qcom,msm-dai-stub-dtmf-tx: ASoC: Failed to add route DTMF TX -> direct -> STUB_DTMF_TX
[   27.730476] msm-dai-stub-dev soc:qcom,msm-dai-stub:qcom,msm-dai-stub-host-rx-capture-tx: ASoC: no sink widget found for STUB_HOST_RX_CAPTURE_TX
[   27.770919] msm-dai-stub-dev soc:qcom,msm-dai-stub:qcom,msm-dai-stub-host-rx-capture-tx: ASoC: Failed to add route CS-VOICE HOST RX CAPTURE -> direct -> STUB_HOST_RX_CAPTURE_TX
[   27.814245] Starting psmd: 
[   27.830458] msm-dai-stub-dev soc:qcom,msm-dai-stub:qcom,msm-dai-stub-host-rx-playback-rx: ASoC: no source widget found for STUB_HOST_RX_PLAYBACK_RX
[   27.862078] done
[   27.871284] msm-dai-stub-dev soc:qcom,msm-dai-stub:qcom,msm-dai-stub-host-rx-playback-rx: ASoC: Failed to add route STUB_HOST_RX_PLAYBACK_RX -> direct -> CS-VOICE HOST RX PLAYBACK
[   27.896374] PSM: Found config file ARGV /data/psm
[   27.896446] PSM: PSMD Start
[   27.920889] PSM: server_config_path /data/psm/server_config
[   27.928700] PSM: Path for PSM configuration: /data/psm
[   27.929434] PSM: modem_flag_path /data/psm/modem_flag
[   27.929667] PSM: backup_nv_path /data/psm/psm_nv_backup.txt
[   27.934717] msm-dai-stub-dev soc:qcom,msm-dai-stub:qcom,msm-dai-stub-host-tx-capture-tx: ASoC: no sink widget found for STUB_HOST_TX_CAPTURE_TX
[   27.947008] PSM: Load modem flag: 1
[   27.947107] PSM: Modem Loaded
[   27.976577] msm-dai-stub-dev soc:qcom,msm-dai-stub:qcom,msm-dai-stub-host-tx-capture-tx: ASoC: Failed to add route CS-VOICE HOST TX CAPTURE -> direct -> STUB_HOST_TX_CAPTURE_TX
[   28.024761] msm-dai-stub-dev soc:qcom,msm-dai-stub:qcom,msm-dai-stub-host-tx-playback-rx: ASoC: no source widget found for STUB_HOST_TX_PLAYBACK_RX
[   28.071444] msm-dai-stub-dev soc:qcom,msm-dai-stub:qcom,msm-dai-stub-host-tx-playback-rx: ASoC: Failed to add route STUB_HOST_TX_PLAYBACK_RX -> direct -> CS-VOICE HOST TX PLAYBACK
[   28.303879] PSM: DMS Ind register  - result: 0, error: 0
[   28.308287] PSM: Oprt mode event report req qmi response - result: 0, error: 0
[   28.314387] PSM: result - 0 error - 0
[   28.314454] PSM: Modem oprt mode - 0
[   28.318068] PSM: backup_nv_path /data/psm/psm_nv_backup.txt
[   28.388915] PSM: Supported: 0
[   28.389018] PSM: Log and QMI Init completed
[   28.389065] PSM: Supported: 0
[   28.389283] PSM: Core server init completed
[   28.389653] PSM: Client and event thread created
[   29.397477] sps:BAM 0x04044000 is registered.
[   29.397754] sps:BAM 0x04044000 (va:0xd1820000) enabled: ver:0x27, number of pipes:6
[   30.043472] adm_callback: cmd = 0x10322 returned error = 0x16
[   30.048189] adm_callback: ADM map error, resuming
[   30.053022] adm_memory_map_regions: DSP returned error[ADSP_ERR_MAX]
[   30.059213] adm_map_cal_data: map did not work! cal_type 0 ret -68
[   30.084267] map_memory: map_cal failed, cal type 10, ret = -19!
[   30.089162] adm_alloc_cal: cal_utils_alloc_block failed, ret = -19, cal type = 10!
[   30.118919] call_allocs: alloc failed!
[   30.683422] Starting QCMAP_ConnectionManager: QCMAP:start
[   30.744551] done
[   30.868450] Starting qti: QTI:start
[   30.917650] done
[   30.989608] QCMAP:Start Main
[   31.065948] USB QCMAP NL IOCTL Snd GETNEIGH Succ
[   31.215752] QCMAP:Start DHCP server
[   31.237275] QCMAP:DHCP server started
[   31.734799] QCMAP:Init Complete
[   41.082557] USB QCMAP NL IOCTL Snd GETNEIGH Succ
[   41.151381] USB QCMAP NL IOCTL Snd GETNEIGH Succ
[   45.994079] Setting CS8
[   45.994532] ftdi_set_termios Turning off hardware flow control
[   45.994860] ###############################ftdi_process_packet() : CTS!!!!
[   45.994874] ###############################ftdi_process_packet() : overrun!!!!
[   45.995957] ftdi_set_termios Setting to CRTSCTS flow control
[   47.027199] ###############################usb_serial_generic_write()-buf: 0xaa
[   47.027218] ###############################usb_serial_generic_write()-buf: 0x00
[   47.027226] ###############################usb_serial_generic_write()-buf: 0x01
[   47.027234] ###############################usb_serial_generic_write()-buf: 0x01
[   47.027242] ###############################usb_serial_generic_write()-buf: 0x00
[   47.027250] ###############################usb_serial_generic_write()-buf: 0x00
[   47.027258] ###############################usb_serial_generic_write()-buf: 0xac
[   47.027266] ###############################usb_serial_generic_write()-buf: 0x00
[   47.050342] ###############################usb_serial_generic_wait_until_sent() : baudrate 115200
[   47.050731] ftdi_get_modem_status - 0x1170
[   47.053748] sh (1578) used greatest stack depth: 4656 bytes left
[   50.076391] ###############################usb_serial_generic_wait_until_sent() : baudrate 115200
[   50.076664] ftdi_get_modem_status - 0x1170
[   51.111434] Setting CS8
[   51.111763] ftdi_set_termios Setting to CRTSCTS flow control
[   51.112844] ftdi_set_termios Setting to CRTSCTS flow control
[   52.133081] ###############################usb_serial_generic_write()-buf: 0xaa
[   52.133100] ###############################usb_serial_generic_write()-buf: 0x00
[   52.133108] ###############################usb_serial_generic_write()-buf: 0x01
[   52.133116] ###############################usb_serial_generic_write()-buf: 0x01
[   52.133124] ###############################usb_serial_generic_write()-buf: 0x00
[   52.133132] ###############################usb_serial_generic_write()-buf: 0x00
[   52.133140] ###############################usb_serial_generic_write()-buf: 0xac
[   52.133148] ###############################usb_serial_generic_write()-buf: 0x00
[   52.133491] ###############################usb_serial_generic_wait_until_sent() : baudrate 115200
[   52.134640] ftdi_get_modem_status - 0x1110
[   52.141562] ftdi_get_modem_status - 0x1160
[   55.170949] ###############################usb_serial_generic_wait_until_sent() : baudrate 115200
[   55.171168] ftdi_get_modem_status - 0x1170
[   56.206934] Setting CS8
[   56.207393] ftdi_set_termios Setting to CRTSCTS flow control
[   56.208435] ftdi_set_termios Setting to CRTSCTS flow control
[   57.223383] ###############################usb_serial_generic_write()-buf: 0xaa
[   57.223400] ###############################usb_serial_generic_write()-buf: 0x00
[   57.223408] ###############################usb_serial_generic_write()-buf: 0x01
[   57.223416] ###############################usb_serial_generic_write()-buf: 0x01
[   57.223424] ###############################usb_serial_generic_write()-buf: 0x00
[   57.223432] ###############################usb_serial_generic_write()-buf: 0x00
[   57.223440] ###############################usb_serial_generic_write()-buf: 0xac
[   57.223448] ###############################usb_serial_generic_write()-buf: 0x00
[   57.231341] ###############################usb_serial_generic_wait_until_sent() : baudrate 115200
[   57.231547] ftdi_get_modem_status - 0x1170
[   60.240911] ###############################usb_serial_generic_wait_until_sent() : baudrate 115200
[   60.241200] ftdi_get_modem_status - 0x1160
[   60.768675] sh (1620) used greatest stack depth: 4364 bytes left
[   61.277178] Setting CS8
[   61.277509] ftdi_set_termios Setting to CRTSCTS flow control
[   61.278559] ftdi_set_termios Setting to CRTSCTS flow control
[   62.296569] ###############################usb_serial_generic_write()-buf: 0xaa
[   62.296587] ###############################usb_serial_generic_write()-buf: 0x00
[   62.296595] ###############################usb_serial_generic_write()-buf: 0x01
[   62.296603] ###############################usb_serial_generic_write()-buf: 0x01
[   62.296611] ###############################usb_serial_generic_write()-buf: 0x00
[   62.296619] ###############################usb_serial_generic_write()-buf: 0x00
[   62.296627] ###############################usb_serial_generic_write()-buf: 0xac
[   62.296635] ###############################usb_serial_generic_write()-buf: 0x00
[   62.297044] ###############################usb_serial_generic_wait_until_sent() : baudrate 115200
[   62.297425] ftdi_get_modem_status - 0x1110
[   62.301380] ftdi_get_modem_status - 0x1160
[   65.331205] ###############################usb_serial_generic_wait_until_sent() : baudrate 115200
[   65.331543] ftdi_get_modem_status - 0x1170
[   66.365434] Setting CS8
[   66.365882] ftdi_set_termios Setting to CRTSCTS flow control
[   66.366599] ftdi_set_termios Setting to CRTSCTS flow control
[   67.401798] ###############################usb_serial_generic_write()-buf: 0xaa
[   67.401816] ###############################usb_serial_generic_write()-buf: 0x00
[   67.401824] ###############################usb_serial_generic_write()-buf: 0x01
[   67.401832] ###############################usb_serial_generic_write()-buf: 0x01
[   67.401840] ###############################usb_serial_generic_write()-buf: 0x00
[   67.401848] ###############################usb_serial_generic_write()-buf: 0x00
[   67.401856] ###############################usb_serial_generic_write()-buf: 0xac
[   67.401864] ###############################usb_serial_generic_write()-buf: 0x00
[   67.411019] ###############################usb_serial_generic_wait_until_sent() : baudrate 115200
[   67.411303] ftdi_get_modem_status - 0x1170
[   70.421175] ###############################usb_serial_generic_wait_until_sent() : baudrate 115200
[   70.421432] ftdi_get_modem_status - 0x1170
[   71.526811] Setting CS8
[   71.527273] ftdi_set_termios Setting to CRTSCTS flow control
[   71.528103] ftdi_set_termios Setting to CRTSCTS flow control
[   72.562074] ###############################usb_serial_generic_write()-buf: 0xaa
[   72.562092] ###############################usb_serial_generic_write()-buf: 0x00
[   72.562100] ###############################usb_serial_generic_write()-buf: 0x01
[   72.562108] ###############################usb_serial_generic_write()-buf: 0x01
[   72.562116] ###############################usb_serial_generic_write()-buf: 0x00
[   72.562124] ###############################usb_serial_generic_write()-buf: 0x00
[   72.562132] ###############################usb_serial_generic_write()-buf: 0xac
[   72.562140] ###############################usb_serial_generic_write()-buf: 0x00
[   72.571213] ###############################usb_serial_generic_wait_until_sent() : baudrate 115200
[   72.572366] ftdi_get_modem_status - 0x1170
[   75.592161] ###############################usb_serial_generic_wait_until_sent() : baudrate 115200
[   75.592403] ftdi_get_modem_status - 0x1170
[   76.640222] Setting CS8
[   76.640764] ftdi_set_termios Setting to CRTSCTS flow control
[   76.641835] ftdi_set_termios Setting to CRTSCTS flow control
[   77.666331] ###############################usb_serial_generic_write()-buf: 0xaa
[   77.666351] ###############################usb_serial_generic_write()-buf: 0x00
[   77.666359] ###############################usb_serial_generic_write()-buf: 0x01
[   77.666367] ###############################usb_serial_generic_write()-buf: 0x01
[   77.666375] ###############################usb_serial_generic_write()-buf: 0x00
[   77.666383] ###############################usb_serial_generic_write()-buf: 0x00
[   77.666391] ###############################usb_serial_generic_write()-buf: 0xac
[   77.666399] ###############################usb_serial_generic_write()-buf: 0x00
[   77.666813] ###############################usb_serial_generic_wait_until_sent() : baudrate 115200
[   77.667025] ftdi_get_modem_status - 0x1110
[   77.671025] ftdi_get_modem_status - 0x1170
[   80.690618] ###############################usb_serial_generic_wait_until_sent() : baudrate 115200
[   80.690958] ftdi_get_modem_status - 0x1170
[   81.732937] Setting CS8
[   81.733391] ftdi_set_termios Setting to CRTSCTS flow control
[   81.734551] ftdi_set_termios Setting to CRTSCTS flow control
[   82.743854] ###############################usb_serial_generic_write()-buf: 0xaa
[   82.743873] ###############################usb_serial_generic_write()-buf: 0x00
[   82.743882] ###############################usb_serial_generic_write()-buf: 0x01
[   82.743890] ###############################usb_serial_generic_write()-buf: 0x01
[   82.743898] ###############################usb_serial_generic_write()-buf: 0x00
[   82.743906] ###############################usb_serial_generic_write()-buf: 0x00
[   82.743914] ###############################usb_serial_generic_write()-buf: 0xac
[   82.743922] ###############################usb_serial_generic_write()-buf: 0x00
[   82.744296] ###############################usb_serial_generic_wait_until_sent() : baudrate 115200
[   82.744531] ftdi_get_modem_status - 0x1110
[   82.752160] ftdi_get_modem_status - 0x1170
[   85.780912] ###############################usb_serial_generic_wait_until_sent() : baudrate 115200
[   85.781174] ftdi_get_modem_status - 0x1170
[   86.823182] Setting CS8
[   86.823648] ftdi_set_termios Setting to CRTSCTS flow control
[   86.824691] ftdi_set_termios Setting to CRTSCTS flow control
[   87.833700] ###############################usb_serial_generic_write()-buf: 0xaa
[   87.833719] ###############################usb_serial_generic_write()-buf: 0x00
[   87.833727] ###############################usb_serial_generic_write()-buf: 0x01
[   87.833735] ###############################usb_serial_generic_write()-buf: 0x01
[   87.833743] ###############################usb_serial_generic_write()-buf: 0x00
[   87.833751] ###############################usb_serial_generic_write()-buf: 0x00
[   87.833759] ###############################usb_serial_generic_write()-buf: 0xac
[   87.833767] ###############################usb_serial_generic_write()-buf: 0x00
[   87.834100] ###############################usb_serial_generic_wait_until_sent() : baudrate 115200
[   87.834429] ftdi_get_modem_status - 0x1110
[   87.841038] ftdi_get_modem_status - 0x1170
[   90.852647] ###############################usb_serial_generic_wait_until_sent() : baudrate 115200
[   90.852913] ftdi_get_modem_status - 0x1170
[   92.174553] Setting CS8
[   92.175022] ftdi_set_termios Setting to CRTSCTS flow control
[   92.176014] ftdi_set_termios Setting to CRTSCTS flow control
[   93.202972] ###############################usb_serial_generic_write()-buf: 0xaa
[   93.202990] ###############################usb_serial_generic_write()-buf: 0x00
[   93.202999] ###############################usb_serial_generic_write()-buf: 0x01
[   93.203007] ###############################usb_serial_generic_write()-buf: 0x01
[   93.203014] ###############################usb_serial_generic_write()-buf: 0x00
[   93.203023] ###############################usb_serial_generic_write()-buf: 0x00
[   93.203031] ###############################usb_serial_generic_write()-buf: 0xac
[   93.203038] ###############################usb_serial_generic_write()-buf: 0x00
[   93.203444] ###############################usb_serial_generic_wait_until_sent() : baudrate 115200
[   93.204595] ftdi_get_modem_status - 0x1170
[   96.231804] ###############################usb_serial_generic_wait_until_sent() : baudrate 115200
[   96.232072] ftdi_get_modem_status - 0x1170
[   97.281309] Setting CS8
[   97.281770] ftdi_set_termios Setting to CRTSCTS flow control
[   97.282767] ftdi_set_termios Setting to CRTSCTS flow control
[   98.293900] ###############################usb_serial_generic_write()-buf: 0xaa
[   98.293919] ###############################usb_serial_generic_write()-buf: 0x00
[   98.293927] ###############################usb_serial_generic_write()-buf: 0x01
[   98.293935] ###############################usb_serial_generic_write()-buf: 0x01
[   98.293943] ###############################usb_serial_generic_write()-buf: 0x00
[   98.293951] ###############################usb_serial_generic_write()-buf: 0x00
[   98.293960] ###############################usb_serial_generic_write()-buf: 0xac
[   98.293968] ###############################usb_serial_generic_write()-buf: 0x00
[   98.294298] ###############################usb_serial_generic_wait_until_sent() : baudrate 115200
[   98.294571] ftdi_get_modem_status - 0x1110
[   98.301030] ftdi_get_modem_status - 0x1170
[  101.321646] ###############################usb_serial_generic_wait_until_sent() : baudrate 115200
[  101.321950] ftdi_get_modem_status - 0x1170
[  102.391191] Setting CS8
[  102.391633] ftdi_set_termios Setting to CRTSCTS flow control
[  102.392426] ftdi_set_termios Setting to CRTSCTS flow control
[  103.403422] ###############################usb_serial_generic_write()-buf: 0xaa
[  103.403440] ###############################usb_serial_generic_write()-buf: 0x00
[  103.403448] ###############################usb_serial_generic_write()-buf: 0x01
[  103.403456] ###############################usb_serial_generic_write()-buf: 0x01
[  103.403464] ###############################usb_serial_generic_write()-buf: 0x00
[  103.403472] ###############################usb_serial_generic_write()-buf: 0x00
[  103.403480] ###############################usb_serial_generic_write()-buf: 0xac
[  103.403488] ###############################usb_serial_generic_write()-buf: 0x00
[  103.403932] ###############################usb_serial_generic_wait_until_sent() : baudrate 115200
[  103.404144] ftdi_get_modem_status - 0x1170
[  106.410887] ###############################usb_serial_generic_wait_until_sent() : baudrate 115200
[  106.411174] ftdi_get_modem_status - 0x1170
[  107.445058] Setting CS8
[  107.445521] ftdi_set_termios Setting to CRTSCTS flow control
[  107.446355] ftdi_set_termios Setting to CRTSCTS flow control
[  108.471512] ###############################usb_serial_generic_write()-buf: 0xaa
[  108.471530] ###############################usb_serial_generic_write()-buf: 0x00
[  108.471538] ###############################usb_serial_generic_write()-buf: 0x01
[  108.471546] ###############################usb_serial_generic_write()-buf: 0x01
[  108.471554] ###############################usb_serial_generic_write()-buf: 0x00
[  108.471562] ###############################usb_serial_generic_write()-buf: 0x00
[  108.471570] ###############################usb_serial_generic_write()-buf: 0xac
[  108.471578] ###############################usb_serial_generic_write()-buf: 0x00
[  108.471963] ###############################usb_serial_generic_wait_until_sent() : baudrate 115200
[  108.472149] ftdi_get_modem_status - 0x1110
[  108.481384] ftdi_get_modem_status - 0x1170
[  111.501805] ###############################usb_serial_generic_wait_until_sent() : baudrate 115200
[  111.502058] ftdi_get_modem_status - 0x1170
[  112.533931] Setting CS8
[  112.534395] ftdi_set_termios Setting to CRTSCTS flow control
[  112.535220] ftdi_set_termios Setting to CRTSCTS flow control
[  113.561669] ###############################usb_serial_generic_write()-buf: 0xaa
[  113.561687] ###############################usb_serial_generic_write()-buf: 0x00
[  113.561696] ###############################usb_serial_generic_write()-buf: 0x01
[  113.561704] ###############################usb_serial_generic_write()-buf: 0x01
[  113.561712] ###############################usb_serial_generic_write()-buf: 0x00
[  113.561720] ###############################usb_serial_generic_write()-buf: 0x00
[  113.561728] ###############################usb_serial_generic_write()-buf: 0xac
[  113.561736] ###############################usb_serial_generic_write()-buf: 0x00
[  113.571230] ###############################usb_serial_generic_wait_until_sent() : baudrate 115200
[  113.572357] ftdi_get_modem_status - 0x1170
[  116.574144] ###############################usb_serial_generic_wait_until_sent() : baudrate 115200
[  116.574403] ftdi_get_modem_status - 0x1170
[  117.618301] Setting CS8
[  117.618761] ftdi_set_termios Setting to CRTSCTS flow control
[  117.619590] ftdi_set_termios Setting to CRTSCTS flow control
[  118.651903] ###############################usb_serial_generic_write()-buf: 0xaa
[  118.651922] ###############################usb_serial_generic_write()-buf: 0x00
[  118.651930] ###############################usb_serial_generic_write()-buf: 0x01
[  118.651938] ###############################usb_serial_generic_write()-buf: 0x01
[  118.651946] ###############################usb_serial_generic_write()-buf: 0x00
[  118.651955] ###############################usb_serial_generic_write()-buf: 0x00
[  118.651963] ###############################usb_serial_generic_write()-buf: 0xac
[  118.651971] ###############################usb_serial_generic_write()-buf: 0x00
[  118.661158] ###############################usb_serial_generic_wait_until_sent() : baudrate 115200
[  118.662229] ftdi_get_modem_status - 0x1170
[  121.440183] sierra_startup_monitor
[  121.665209] ###############################usb_serial_generic_wait_until_sent() : baudrate 115200
[  121.665407] ftdi_get_modem_status - 0x1170
[  122.730553] Setting CS8
[  122.731016] ftdi_set_termios Setting to CRTSCTS flow control
[  122.732145] ftdi_set_termios Setting to CRTSCTS flow control
[  123.767098] ###############################usb_serial_generic_write()-buf: 0xaa
[  123.767117] ###############################usb_serial_generic_write()-buf: 0x00
[  123.767125] ###############################usb_serial_generic_write()-buf: 0x01
[  123.767133] ###############################usb_serial_generic_write()-buf: 0x01
[  123.767141] ###############################usb_serial_generic_write()-buf: 0x00
[  123.767149] ###############################usb_serial_generic_write()-buf: 0x00
[  123.767157] ###############################usb_serial_generic_write()-buf: 0xac
[  123.767165] ###############################usb_serial_generic_write()-buf: 0x00
[  123.767589] ###############################usb_serial_generic_wait_until_sent() : baudrate 115200
[  123.767894] ftdi_get_modem_status - 0x1170
[  126.781655] ###############################usb_serial_generic_wait_until_sent() : baudrate 115200
[  126.781953] ftdi_get_modem_status - 0x1170
[  127.815188] Setting CS8
[  127.815646] ftdi_set_termios Setting to CRTSCTS flow control
[  127.816476] ftdi_set_termios Setting to CRTSCTS flow control
[  128.851867] ###############################usb_serial_generic_write()-buf: 0xaa
[  128.851885] ###############################usb_serial_generic_write()-buf: 0x00
[  128.851894] ###############################usb_serial_generic_write()-buf: 0x01
[  128.851902] ###############################usb_serial_generic_write()-buf: 0x01
[  128.851910] ###############################usb_serial_generic_write()-buf: 0x00
[  128.851918] ###############################usb_serial_generic_write()-buf: 0x00
[  128.851926] ###############################usb_serial_generic_write()-buf: 0xac
[  128.851934] ###############################usb_serial_generic_write()-buf: 0x00
[  128.852293] ###############################usb_serial_generic_wait_until_sent() : baudrate 115200
[  128.852544] ftdi_get_modem_status - 0x1110
[  128.861036] ftdi_get_modem_status - 0x1170
[  131.890956] ###############################usb_serial_generic_wait_until_sent() : baudrate 115200
[  131.891159] ftdi_get_modem_status - 0x1170
[  132.931690] Setting CS8
[  132.932147] ftdi_set_termios Setting to CRTSCTS flow control
[  132.933219] ftdi_set_termios Setting to CRTSCTS flow control
[  133.971740] ###############################usb_serial_generic_write()-buf: 0xaa
[  133.971759] ###############################usb_serial_generic_write()-buf: 0x00
[  133.971767] ###############################usb_serial_generic_write()-buf: 0x01
[  133.971775] ###############################usb_serial_generic_write()-buf: 0x01
[  133.971783] ###############################usb_serial_generic_write()-buf: 0x00
[  133.971791] ###############################usb_serial_generic_write()-buf: 0x00
[  133.971799] ###############################usb_serial_generic_write()-buf: 0xac
[  133.971808] ###############################usb_serial_generic_write()-buf: 0x00
[  133.972203] ###############################usb_serial_generic_wait_until_sent() : baudrate 115200
[  133.973322] ftdi_get_modem_status - 0x1170
[  136.991371] ###############################usb_serial_generic_wait_until_sent() : baudrate 115200
[  136.991684] ftdi_get_modem_status - 0x1170
[  138.033067] Setting CS8
[  138.033384] ftdi_set_termios Setting to CRTSCTS flow control
[  138.039482] ftdi_set_termios Setting to CRTSCTS flow control
[  139.103323] ###############################usb_serial_generic_write()-buf: 0xaa
[  139.103396] ###############################usb_serial_generic_write()-buf: 0x00
[  139.103405] ###############################usb_serial_generic_write()-buf: 0x01
[  139.103413] ###############################usb_serial_generic_write()-buf: 0x01
[  139.103421] ###############################usb_serial_generic_write()-buf: 0x00
[  139.103429] ###############################usb_serial_generic_write()-buf: 0x00
[  139.103437] ###############################usb_serial_generic_write()-buf: 0xac
[  139.103445] ###############################usb_serial_generic_write()-buf: 0x00
[  139.111200] ###############################usb_serial_generic_wait_until_sent() : baudrate 115200
[  139.112427] ftdi_get_modem_status - 0x1170
[  142.114122] ###############################usb_serial_generic_wait_until_sent() : baudrate 115200
[  142.114435] ftdi_get_modem_status - 0x1170
[  143.214555] Setting CS8
[  143.215021] ftdi_set_termios Setting to CRTSCTS flow control
[  143.215853] ftdi_set_termios Setting to CRTSCTS flow control
[  144.241846] ###############################usb_serial_generic_write()-buf: 0xaa
[  144.241865] ###############################usb_serial_generic_write()-buf: 0x00
[  144.241873] ###############################usb_serial_generic_write()-buf: 0x01
[  144.241881] ###############################usb_serial_generic_write()-buf: 0x01
[  144.241889] ###############################usb_serial_generic_write()-buf: 0x00
[  144.241897] ###############################usb_serial_generic_write()-buf: 0x00
[  144.241905] ###############################usb_serial_generic_write()-buf: 0xac
[  144.241913] ###############################usb_serial_generic_write()-buf: 0x00
[  144.242310] ###############################usb_serial_generic_wait_until_sent() : baudrate 115200
[  144.242651] ftdi_get_modem_status - 0x1110
[  144.251392] ftdi_get_modem_status - 0x1160
[  147.272740] ###############################usb_serial_generic_wait_until_sent() : baudrate 115200
[  147.273768] ftdi_get_modem_status - 0x1170
[  148.315055] Setting CS8
[  148.316275] ftdi_set_termios Setting to CRTSCTS flow control
[  148.317713] ftdi_set_termios Setting to CRTSCTS flow control
[  149.338061] ###############################usb_serial_generic_write()-buf: 0xaa
[  149.338080] ###############################usb_serial_generic_write()-buf: 0x00
[  149.338088] ###############################usb_serial_generic_write()-buf: 0x01
[  149.338096] ###############################usb_serial_generic_write()-buf: 0x01
[  149.338104] ###############################usb_serial_generic_write()-buf: 0x00
[  149.338112] ###############################usb_serial_generic_write()-buf: 0x00
[  149.338120] ###############################usb_serial_generic_write()-buf: 0xac
[  149.338128] ###############################usb_serial_generic_write()-buf: 0x00
[  149.338484] ###############################usb_serial_generic_wait_until_sent() : baudrate 115200
[  149.338785] ftdi_get_modem_status - 0x1110
[  149.341559] ftdi_get_modem_status - 0x1170
